E:/STM32C5/STM32C5A3R_Project4/STM32C5A3R_Project4_cmake/stm32c5xx_drivers/ll/stm32c5xx_ll_bus.h:878:22:LL_AHB2_GRP1_EnableClock	48	static,ignoring_inline_asm
E:/STM32C5/STM32C5A3R_Project4/STM32C5A3R_Project4_cmake/stm32c5xx_drivers/ll/stm32c5xx_ll_bus.h:2330:22:LL_APB2_GRP1_EnableClock	48	static,ignoring_inline_asm
E:/STM32C5/STM32C5A3R_Project4/STM32C5A3R_Project4_cmake/stm32c5xx_drivers/ll/stm32c5xx_ll_bus.h:2416:22:LL_APB2_GRP1_DisableClock	40	static,ignoring_inline_asm
E:/STM32C5/STM32C5A3R_Project4/STM32C5A3R_Project4_cmake/stm32c5xx_drivers/ll/stm32c5xx_ll_bus.h:2451:22:LL_APB2_GRP1_ForceReset	16	static
E:/STM32C5/STM32C5A3R_Project4/STM32C5A3R_Project4_cmake/stm32c5xx_drivers/ll/stm32c5xx_ll_bus.h:2486:22:LL_APB2_GRP1_ReleaseReset	16	static
E:/STM32C5/STM32C5A3R_Project4/STM32C5A3R_Project4_cmake/stm32c5xx_drivers/hal/stm32c5xx_hal_rcc.h:1355:22:HAL_RCC_GPIOA_EnableClock	8	static
E:/STM32C5/STM32C5A3R_Project4/STM32C5A3R_Project4_cmake/stm32c5xx_drivers/hal/stm32c5xx_hal_rcc.h:2113:22:HAL_RCC_TIM1_EnableClock	8	static
E:/STM32C5/STM32C5A3R_Project4/STM32C5A3R_Project4_cmake/stm32c5xx_drivers/hal/stm32c5xx_hal_rcc.h:2184:22:HAL_RCC_TIM1_DisableClock	8	static
E:/STM32C5/STM32C5A3R_Project4/STM32C5A3R_Project4_cmake/stm32c5xx_drivers/hal/stm32c5xx_hal_rcc.h:3590:22:HAL_RCC_TIM1_Reset	8	static
E:/STM32C5/STM32C5A3R_Project4/STM32C5A3R_Project4_cmake/generated/hal/mx_tim1.c:33:19:mx_tim1_init	56	static
E:/STM32C5/STM32C5A3R_Project4/STM32C5A3R_Project4_cmake/generated/hal/mx_tim1.c:142:6:mx_tim1_deinit	8	static
E:/STM32C5/STM32C5A3R_Project4/STM32C5A3R_Project4_cmake/generated/hal/mx_tim1.c:154:19:mx_tim1_gethandle	4	static
