Archive member included to satisfy reference by file (symbol)

C:/ST/STM32CubeIDE_2.1.1/STM32CubeIDE/plugins/com.st.stm32cube.ide.mcu.externaltools.gnu-tools-for-stm32.14.3.rel1.win32_1.0.100.202602081740/tools/bin/../lib/gcc/arm-none-eabi/14.3.1/../../../../arm-none-eabi/lib/thumb/v8-m.main+fp/hard\libc_nano.a(libc_a-exit.o)
                              C:/ST/STM32CubeIDE_2.1.1/STM32CubeIDE/plugins/com.st.stm32cube.ide.mcu.externaltools.gnu-tools-for-stm32.14.3.rel1.win32_1.0.100.202602081740/tools/bin/../lib/gcc/arm-none-eabi/14.3.1/../../../../arm-none-eabi/lib/thumb/v8-m.main+fp/hard/crt0.o (exit)
C:/ST/STM32CubeIDE_2.1.1/STM32CubeIDE/plugins/com.st.stm32cube.ide.mcu.externaltools.gnu-tools-for-stm32.14.3.rel1.win32_1.0.100.202602081740/tools/bin/../lib/gcc/arm-none-eabi/14.3.1/../../../../arm-none-eabi/lib/thumb/v8-m.main+fp/hard\libc_nano.a(libc_a-findfp.o)
                              C:/ST/STM32CubeIDE_2.1.1/STM32CubeIDE/plugins/com.st.stm32cube.ide.mcu.externaltools.gnu-tools-for-stm32.14.3.rel1.win32_1.0.100.202602081740/tools/bin/../lib/gcc/arm-none-eabi/14.3.1/../../../../arm-none-eabi/lib/thumb/v8-m.main+fp/hard\libc_nano.a(libc_a-exit.o) (__stdio_exit_handler)
C:/ST/STM32CubeIDE_2.1.1/STM32CubeIDE/plugins/com.st.stm32cube.ide.mcu.externaltools.gnu-tools-for-stm32.14.3.rel1.win32_1.0.100.202602081740/tools/bin/../lib/gcc/arm-none-eabi/14.3.1/../../../../arm-none-eabi/lib/thumb/v8-m.main+fp/hard\libc_nano.a(libc_a-fwalk.o)
                              C:/ST/STM32CubeIDE_2.1.1/STM32CubeIDE/plugins/com.st.stm32cube.ide.mcu.externaltools.gnu-tools-for-stm32.14.3.rel1.win32_1.0.100.202602081740/tools/bin/../lib/gcc/arm-none-eabi/14.3.1/../../../../arm-none-eabi/lib/thumb/v8-m.main+fp/hard\libc_nano.a(libc_a-findfp.o) (_fwalk_sglue)
C:/ST/STM32CubeIDE_2.1.1/STM32CubeIDE/plugins/com.st.stm32cube.ide.mcu.externaltools.gnu-tools-for-stm32.14.3.rel1.win32_1.0.100.202602081740/tools/bin/../lib/gcc/arm-none-eabi/14.3.1/../../../../arm-none-eabi/lib/thumb/v8-m.main+fp/hard\libc_nano.a(libc_a-stdio.o)
                              C:/ST/STM32CubeIDE_2.1.1/STM32CubeIDE/plugins/com.st.stm32cube.ide.mcu.externaltools.gnu-tools-for-stm32.14.3.rel1.win32_1.0.100.202602081740/tools/bin/../lib/gcc/arm-none-eabi/14.3.1/../../../../arm-none-eabi/lib/thumb/v8-m.main+fp/hard\libc_nano.a(libc_a-findfp.o) (__sread)
C:/ST/STM32CubeIDE_2.1.1/STM32CubeIDE/plugins/com.st.stm32cube.ide.mcu.externaltools.gnu-tools-for-stm32.14.3.rel1.win32_1.0.100.202602081740/tools/bin/../lib/gcc/arm-none-eabi/14.3.1/../../../../arm-none-eabi/lib/thumb/v8-m.main+fp/hard\libc_nano.a(libc_a-memset.o)
                              C:/ST/STM32CubeIDE_2.1.1/STM32CubeIDE/plugins/com.st.stm32cube.ide.mcu.externaltools.gnu-tools-for-stm32.14.3.rel1.win32_1.0.100.202602081740/tools/bin/../lib/gcc/arm-none-eabi/14.3.1/../../../../arm-none-eabi/lib/thumb/v8-m.main+fp/hard/crt0.o (memset)
C:/ST/STM32CubeIDE_2.1.1/STM32CubeIDE/plugins/com.st.stm32cube.ide.mcu.externaltools.gnu-tools-for-stm32.14.3.rel1.win32_1.0.100.202602081740/tools/bin/../lib/gcc/arm-none-eabi/14.3.1/../../../../arm-none-eabi/lib/thumb/v8-m.main+fp/hard\libc_nano.a(libc_a-closer.o)
                              C:/ST/STM32CubeIDE_2.1.1/STM32CubeIDE/plugins/com.st.stm32cube.ide.mcu.externaltools.gnu-tools-for-stm32.14.3.rel1.win32_1.0.100.202602081740/tools/bin/../lib/gcc/arm-none-eabi/14.3.1/../../../../arm-none-eabi/lib/thumb/v8-m.main+fp/hard\libc_nano.a(libc_a-stdio.o) (_close_r)
C:/ST/STM32CubeIDE_2.1.1/STM32CubeIDE/plugins/com.st.stm32cube.ide.mcu.externaltools.gnu-tools-for-stm32.14.3.rel1.win32_1.0.100.202602081740/tools/bin/../lib/gcc/arm-none-eabi/14.3.1/../../../../arm-none-eabi/lib/thumb/v8-m.main+fp/hard\libc_nano.a(libc_a-reent.o)
                              C:/ST/STM32CubeIDE_2.1.1/STM32CubeIDE/plugins/com.st.stm32cube.ide.mcu.externaltools.gnu-tools-for-stm32.14.3.rel1.win32_1.0.100.202602081740/tools/bin/../lib/gcc/arm-none-eabi/14.3.1/../../../../arm-none-eabi/lib/thumb/v8-m.main+fp/hard\libc_nano.a(libc_a-closer.o) (errno)
C:/ST/STM32CubeIDE_2.1.1/STM32CubeIDE/plugins/com.st.stm32cube.ide.mcu.externaltools.gnu-tools-for-stm32.14.3.rel1.win32_1.0.100.202602081740/tools/bin/../lib/gcc/arm-none-eabi/14.3.1/../../../../arm-none-eabi/lib/thumb/v8-m.main+fp/hard\libc_nano.a(libc_a-impure.o)
                              C:/ST/STM32CubeIDE_2.1.1/STM32CubeIDE/plugins/com.st.stm32cube.ide.mcu.externaltools.gnu-tools-for-stm32.14.3.rel1.win32_1.0.100.202602081740/tools/bin/../lib/gcc/arm-none-eabi/14.3.1/../../../../arm-none-eabi/lib/thumb/v8-m.main+fp/hard\libc_nano.a(libc_a-reent.o) (_impure_ptr)
C:/ST/STM32CubeIDE_2.1.1/STM32CubeIDE/plugins/com.st.stm32cube.ide.mcu.externaltools.gnu-tools-for-stm32.14.3.rel1.win32_1.0.100.202602081740/tools/bin/../lib/gcc/arm-none-eabi/14.3.1/../../../../arm-none-eabi/lib/thumb/v8-m.main+fp/hard\libc_nano.a(libc_a-lseekr.o)
[...]
Memory Configuration

Name             Origin             Length             Attributes
ROM              0x08000000         0x00100000         xr
RAM              0x20000000         0x00040000         xrw
*default*        0x00000000         0xffffffff

Linker script and memory map

LOAD C:/ST/STM32CubeIDE_2.1.1/STM32CubeIDE/plugins/com.st.stm32cube.ide.mcu.externaltools.gnu-tools-for-stm32.14.3.rel1.win32_1.0.100.202602081740/tools/bin/../lib/gcc/arm-none-eabi/14.3.1/thumb/v8-m.main+fp/hard/crti.o
LOAD C:/ST/STM32CubeIDE_2.1.1/STM32CubeIDE/plugins/com.st.stm32cube.ide.mcu.externaltools.gnu-tools-for-stm32.14.3.rel1.win32_1.0.100.202602081740/tools/bin/../lib/gcc/arm-none-eabi/14.3.1/thumb/v8-m.main+fp/hard/crtbegin.o
LOAD C:/ST/STM32CubeIDE_2.1.1/STM32CubeIDE/plugins/com.st.stm32cube.ide.mcu.externaltools.gnu-tools-for-stm32.14.3.rel1.win32_1.0.100.202602081740/tools/bin/../lib/gcc/arm-none-eabi/14.3.1/../../../../arm-none-eabi/lib/thumb/v8-m.main+fp/hard/crt0.o
START GROUP
LOAD C:/ST/STM32CubeIDE_2.1.1/STM32CubeIDE/plugins/com.st.stm32cube.ide.mcu.externaltools.gnu-tools-for-stm32.14.3.rel1.win32_1.0.100.202602081740/tools/bin/../lib/gcc/arm-none-eabi/14.3.1/../../../../arm-none-eabi/lib/thumb/v8-m.main+fp/hard\libc_nano.a
LOAD C:/ST/STM32CubeIDE_2.1.1/STM32CubeIDE/plugins/com.st.stm32cube.ide.mcu.externaltools.gnu-tools-for-stm32.14.3.rel1.win32_1.0.100.202602081740/tools/bin/../lib/gcc/arm-none-eabi/14.3.1/../../../../arm-none-eabi/lib/thumb/v8-m.main+fp/hard\libm.a
END GROUP
LOAD CMakeFiles/STM32C5A3R_Project5.dir/main.c.obj
LOAD CMakeFiles/STM32C5A3R_Project5.dir/generated/hal/mx_cortex_debug.c.obj
LOAD CMakeFiles/STM32C5A3R_Project5.dir/generated/hal/mx_cortex_mpu.c.obj
LOAD CMakeFiles/STM32C5A3R_Project5.dir/generated/hal/mx_cortex_nvic.c.obj
LOAD CMakeFiles/STM32C5A3R_Project5.dir/generated/hal/mx_icache.c.obj
LOAD CMakeFiles/STM32C5A3R_Project5.dir/generated/hal/mx_rcc.c.obj
LOAD CMakeFiles/STM32C5A3R_Project5.dir/generated/hal/mx_system.c.obj
LOAD CMakeFiles/STM32C5A3R_Project5.dir/generated/hal/mx_tim1.c.obj
LOAD CMakeFiles/STM32C5A3R_Project5.dir/generated/hal/mx_tim15.c.obj
LOAD CMakeFiles/STM32C5A3R_Project5.dir/generated/hal/mx_usart1.c.obj
LOAD CMakeFiles/STM32C5A3R_Project5.dir/user_modifiable/Device/STM32C5A3RGT6/system_stm32c5xx.c.obj
LOAD CMakeFiles/STM32C5A3R_Project5.dir/user_modifiable/Device/STM32C5A3RGT6/startup_stm32c5a3xx.c.obj
LOAD CMakeFiles/STM32C5A3R_Project5.dir/stm32c5xx_drivers/hal/stm32c5xx_hal.c.obj
LOAD CMakeFiles/STM32C5A3R_Project5.dir/stm32c5xx_drivers/hal/stm32c5xx_hal_cortex.c.obj
LOAD CMakeFiles/STM32C5A3R_Project5.dir/stm32c5xx_drivers/hal/stm32c5xx_hal_dma.c.obj
LOAD CMakeFiles/STM32C5A3R_Project5.dir/stm32c5xx_drivers/hal/stm32c5xx_hal_flash_itf.c.obj
LOAD CMakeFiles/STM32C5A3R_Project5.dir/stm32c5xx_drivers/hal/stm32c5xx_hal_gpio.c.obj
LOAD CMakeFiles/STM32C5A3R_Project5.dir/stm32c5xx_drivers/hal/stm32c5xx_hal_icache.c.obj
LOAD CMakeFiles/STM32C5A3R_Project5.dir/stm32c5xx_drivers/hal/stm32c5xx_hal_pwr.c.obj
LOAD CMakeFiles/STM32C5A3R_Project5.dir/stm32c5xx_drivers/hal/stm32c5xx_hal_q.c.obj
LOAD CMakeFiles/STM32C5A3R_Project5.dir/stm32c5xx_drivers/hal/stm32c5xx_hal_rcc.c.obj
LOAD CMakeFiles/STM32C5A3R_Project5.dir/stm32c5xx_drivers/hal/stm32c5xx_hal_tim.c.obj
LOAD CMakeFiles/STM32C5A3R_Project5.dir/stm32c5xx_drivers/hal/stm32c5xx_hal_uart.c.obj
LOAD CMakeFiles/STM32C5A3R_Project5.dir/utilities/syscalls/syscalls.c.obj
LOAD CMakeFiles/STM32C5A3R_Project5.dir/utilities/syscalls/sysmem.c.obj
START GROUP
LOAD C:/ST/STM32CubeIDE_2.1.1/STM32CubeIDE/plugins/com.st.stm32cube.ide.mcu.externaltools.gnu-tools-for-stm32.14.3.rel1.win32_1.0.100.202602081740/tools/bin/../lib/gcc/arm-none-eabi/14.3.1/thumb/v8-m.main+fp/hard\libgcc.a
LOAD C:/ST/STM32CubeIDE_2.1.1/STM32CubeIDE/plugins/com.st.stm32cube.ide.mcu.externaltools.gnu-tools-for-stm32.14.3.rel1.win32_1.0.100.202602081740/tools/bin/../lib/gcc/arm-none-eabi/14.3.1/../../../../arm-none-eabi/lib/thumb/v8-m.main+fp/hard\libc_nano.a
END GROUP
START GROUP
LOAD C:/ST/STM32CubeIDE_2.1.1/STM32CubeIDE/plugins/com.st.stm32cube.ide.mcu.externaltools.gnu-tools-for-stm32.14.3.rel1.win32_1.0.100.202602081740/tools/bin/../lib/gcc/arm-none-eabi/14.3.1/thumb/v8-m.main+fp/hard\libgcc.a
LOAD C:/ST/STM32CubeIDE_2.1.1/STM32CubeIDE/plugins/com.st.stm32cube.ide.mcu.externaltools.gnu-tools-for-stm32.14.3.rel1.win32_1.0.100.202602081740/tools/bin/../lib/gcc/arm-none-eabi/14.3.1/../../../../arm-none-eabi/lib/thumb/v8-m.main+fp/hard\libc_nano.a
LOAD C:/ST/STM32CubeIDE_2.1.1/STM32CubeIDE/plugins/com.st.stm32cube.ide.mcu.externaltools.gnu-tools-for-stm32.14.3.rel1.win32_1.0.100.202602081740/tools/bin/../lib/gcc/arm-none-eabi/14.3.1/../../../../arm-none-eabi/lib/thumb/v8-m.main+fp/hard\libnosys.a
END GROUP
START GROUP
LOAD C:/ST/STM32CubeIDE_2.1.1/STM32CubeIDE/plugins/com.st.stm32cube.ide.mcu.externaltools.gnu-tools-for-stm32.14.3.rel1.win32_1.0.100.202602081740/tools/bin/../lib/gcc/arm-none-eabi/14.3.1/thumb/v8-m.main+fp/hard\libgcc.a
LOAD C:/ST/STM32CubeIDE_2.1.1/STM32CubeIDE/plugins/com.st.stm32cube.ide.mcu.externaltools.gnu-tools-for-stm32.14.3.rel1.win32_1.0.100.202602081740/tools/bin/../lib/gcc/arm-none-eabi/14.3.1/../../../../arm-none-eabi/lib/thumb/v8-m.main+fp/hard\libc_nano.a
LOAD C:/ST/STM32CubeIDE_2.1.1/STM32CubeIDE/plugins/com.st.stm32cube.ide.mcu.externaltools.gnu-tools-for-stm32.14.3.rel1.win32_1.0.100.202602081740/tools/bin/../lib/gcc/arm-none-eabi/14.3.1/../../../../arm-none-eabi/lib/thumb/v8-m.main+fp/hard\libnosys.a
END GROUP
LOAD C:/ST/STM32CubeIDE_2.1.1/STM32CubeIDE/plugins/com.st.stm32cube.ide.mcu.externaltools.gnu-tools-for-stm32.14.3.rel1.win32_1.0.100.202602081740/tools/bin/../lib/gcc/arm-none-eabi/14.3.1/thumb/v8-m.main+fp/hard/crtend.o
LOAD C:/ST/STM32CubeIDE_2.1.1/STM32CubeIDE/plugins/com.st.stm32cube.ide.mcu.externaltools.gnu-tools-for-stm32.14.3.rel1.win32_1.0.100.202602081740/tools/bin/../lib/gcc/arm-none-eabi/14.3.1/thumb/v8-m.main+fp/hard/crtn.o
                0x00000200                        HEAP_SIZE = 0x200
                0x00000400                        STACK_SIZE = 0x400

.vectors        0x08000000      0x1d0
                0x08000000                        . = ALIGN (0x8)
 *(.vectors)
 .vectors       0x08000000      0x1cc CMakeFiles/STM32C5A3R_Project5.dir/user_modifiable/Device/STM32C5A3RGT6/startup_stm32c5a3xx.c.obj
                0x08000000                __Vectors
                0x080001d0                        . = ALIGN (0x8)
 *fill*         0x080001cc        0x4 

.text           0x080001d0     0x6358
                0x080001d0                        . = ALIGN (0x8)
 *(.text)
 .text          0x080001d0       0x40 C:/ST/STM32CubeIDE_2.1.1/STM32CubeIDE/plugins/com.st.stm32cube.ide.mcu.externaltools.gnu-tools-for-stm32.14.3.rel1.win32_1.0.100.202602081740/tools/bin/../lib/gcc/arm-none-eabi/14.3.1/thumb/v8-m.main+fp/hard/crtbegin.o
 .text          0x08000210       0x7c C:/ST/STM32CubeIDE_2.1.1/STM32CubeIDE/plugins/com.st.stm32cube.ide.mcu.externaltools.gnu-tools-for-stm32.14.3.rel1.win32_1.0.100.202602081740/tools/bin/../lib/gcc/arm-none-eabi/14.3.1/../../../../arm-none-eabi/lib/thumb/v8-m.main+fp/hard/crt0.o
                0x08000210                _stack_init
                0x08000218                _start
                0x08000218                _mainCRTStartup
 .text          0x0800028c       0x30 C:/ST/STM32CubeIDE_2.1.1/STM32CubeIDE/plugins/com.st.stm32cube.ide.mcu.externaltools.gnu-tools-for-stm32.14.3.rel1.win32_1.0.100.202602081740/tools/bin/../lib/gcc/arm-none-eabi/14.3.1/thumb/v8-m.main+fp/hard\libgcc.a(_aeabi_uldivmod.o)
                0x0800028c                __aeabi_uldivmod
 .text          0x080002bc      0x34c C:/ST/STM32CubeIDE_2.1.1/STM32CubeIDE/plugins/com.st.stm32cube.ide.mcu.externaltools.gnu-tools-for-stm32.14.3.rel1.win32_1.0.100.202602081740/tools/bin/../lib/gcc/arm-none-eabi/14.3.1/thumb/v8-m.main+fp/hard\libgcc.a(_udivmoddi4.o)
                0x080002bc                __udivmoddi4
 .text          0x08000608        0x4 C:/ST/STM32CubeIDE_2.1.1/STM32CubeIDE/plugins/com.st.stm32cube.ide.mcu.externaltools.gnu-tools-for-stm32.14.3.rel1.win32_1.0.100.202602081740/tools/bin/../lib/gcc/arm-none-eabi/14.3.1/thumb/v8-m.main+fp/hard\libgcc.a(_dvmd_tls.o)
                0x08000608                __aeabi_idiv0
                0x08000608                __aeabi_ldiv0
 *(.text*)
 .text.exit     0x0800060c       0x24 C:/ST/STM32CubeIDE_2.1.1/STM32CubeIDE/plugins/com.st.stm32cube.ide.mcu.externaltools.gnu-tools-for-stm32.14.3.rel1.win32_1.0.100.202602081740/tools/bin/../lib/gcc/arm-none-eabi/14.3.1/../../../../arm-none-eabi/lib/thumb/v8-m.main+fp/hard\libc_nano.a(libc_a-exit.o)
                0x0800060c                exit
 .text.std      0x08000630       0x6c C:/ST/STM32CubeIDE_2.1.1/STM32CubeIDE/plugins/com.st.stm32cube.ide.mcu.externaltools.gnu-tools-for-stm32.14.3.rel1.win32_1.0.100.202602081740/tools/bin/../lib/gcc/arm-none-eabi/14.3.1/../../../../arm-none-eabi/lib/thumb/v8-m.main+fp/hard\libc_nano.a(libc_a-findfp.o)
 .text.stdio_exit_handler
                0x0800069c       0x18 C:/ST/STM32CubeIDE_2.1.1/STM32CubeIDE/plugins/com.st.stm32cube.ide.mcu.externaltools.gnu-tools-for-stm32.14.3.rel1.win32_1.0.100.202602081740/tools/bin/../lib/gcc/arm-none-eabi/14.3.1/../../../../arm-none-eabi/lib/thumb/v8-m.main+fp/hard\libc_nano.a(libc_a-findfp.o)
 .text.cleanup_stdio
                0x080006b4       0x40 C:/ST/STM32CubeIDE_2.1.1/STM32CubeIDE/plugins/com.st.stm32cube.ide.mcu.externaltools.gnu-tools-for-stm32.14.3.rel1.win32_1.0.100.202602081740/tools/bin/../lib/gcc/arm-none-eabi/14.3.1/../../../../arm-none-eabi/lib/thumb/v8-m.main+fp/hard\libc_nano.a(libc_a-findfp.o)
 .text.global_stdio_init.part.0
                0x080006f4       0x40 C:/ST/STM32CubeIDE_2.1.1/STM32CubeIDE/plugins/com.st.stm32cube.ide.mcu.externaltools.gnu-tools-for-stm32.14.3.rel1.win32_1.0.100.202602081740/tools/bin/../lib/gcc/arm-none-eabi/14.3.1/../../../../arm-none-eabi/lib/thumb/v8-m.main+fp/hard\libc_nano.a(libc_a-findfp.o)
 .text.__sfp_lock_acquire
                0x08000734        0xc C:/ST/STM32CubeIDE_2.1.1/STM32CubeIDE/plugins/com.st.stm32cube.ide.mcu.externaltools.gnu-tools-for-stm32.14.3.rel1.win32_1.0.100.202602081740/tools/bin/../lib/gcc/arm-none-eabi/14.3.1/../../../../arm-none-eabi/lib/thumb/v8-m.main+fp/hard\libc_nano.a(libc_a-findfp.o)
                0x08000734                __sfp_lock_acquire
 .text.__sfp_lock_release
                0x08000740        0xc C:/ST/STM32CubeIDE_2.1.1/STM32CubeIDE/plugins/com.st.stm32cube.ide.mcu.externaltools.gnu-tools-for-stm32.14.3.rel1.win32_1.0.100.202602081740/tools/bin/../lib/gcc/arm-none-eabi/14.3.1/../../../../arm-none-eabi/lib/thumb/v8-m.main+fp/hard\libc_nano.a(libc_a-findfp.o)
                0x08000740                __sfp_lock_release
 .text.__sinit  0x0800074c       0x30 C:/ST/STM32CubeIDE_2.1.1/STM32CubeIDE/plugins/com.st.stm32cube.ide.mcu.externaltools.gnu-tools-for-stm32.14.3.rel1.win32_1.0.100.202602081740/tools/bin/../lib/gcc/arm-none-eabi/14.3.1/../../../../arm-none-eabi/lib/thumb/v8-m.main+fp/hard\libc_nano.a(libc_a-findfp.o)
                0x0800074c                __sinit
 .text._fwalk_sglue
                0x0800077c       0x3c C:/ST/STM32CubeIDE_2.1.1/STM32CubeIDE/plugins/com.st.stm32cube.ide.mcu.externaltools.gnu-tools-for-stm32.14.3.rel1.win32_1.0.100.202602081740/tools/bin/../lib/gcc/arm-none-eabi/14.3.1/../../../../arm-none-eabi/lib/thumb/v8-m.main+fp/hard\libc_nano.a(libc_a-fwalk.o)
                0x0800077c                _fwalk_sglue
 .text.__sread  0x080007b8       0x22 C:/ST/STM32CubeIDE_2.1.1/STM32CubeIDE/plugins/com.st.stm32cube.ide.mcu.externaltools.gnu-tools-for-stm32.14.3.rel1.win32_1.0.100.202602081740/tools/bin/../lib/gcc/arm-none-eabi/14.3.1/../../../../arm-none-eabi/lib/thumb/v8-m.main+fp/hard\libc_nano.a(libc_a-stdio.o)
                0x080007b8                __sread
 .text.__swrite
                0x080007da       0x38 C:/ST/STM32CubeIDE_2.1.1/STM32CubeIDE/plugins/com.st.stm32cube.ide.mcu.externaltools.gnu-tools-for-stm32.14.3.rel1.win32_1.0.100.202602081740/tools/bin/../lib/gcc/arm-none-eabi/14.3.1/../../../../arm-none-eabi/lib/thumb/v8-m.main+fp/hard\libc_nano.a(libc_a-stdio.o)
                0x080007da                __swrite
 .text.__sseek  0x08000812       0x26 C:/ST/STM32CubeIDE_2.1.1/STM32CubeIDE/plugins/com.st.stm32cube.ide.mcu.externaltools.gnu-tools-for-stm32.14.3.rel1.win32_1.0.100.202602081740/tools/bin/../lib/gcc/arm-none-eabi/14.3.1/../../../../arm-none-eabi/lib/thumb/v8-m.main+fp/hard\libc_nano.a(libc_a-stdio.o)
                0x08000812                __sseek
 .text.__sclose
                0x08000838        0x8 C:/ST/STM32CubeIDE_2.1.1/STM32CubeIDE/plugins/com.st.stm32cube.ide.mcu.externaltools.gnu-tools-for-stm32.14.3.rel1.win32_1.0.100.202602081740/tools/bin/../lib/gcc/arm-none-eabi/14.3.1/../../../../arm-none-eabi/lib/thumb/v8-m.main+fp/hard\libc_nano.a(libc_a-stdio.o)
                0x08000838                __sclose
 .text.memset   0x08000840       0x10 C:/ST/STM32CubeIDE_2.1.1/STM32CubeIDE/plugins/com.st.stm32cube.ide.mcu.externaltools.gnu-tools-for-stm32.14.3.rel1.win32_1.0.100.202602081740/tools/bin/../lib/gcc/arm-none-eabi/14.3.1/../../../../arm-none-eabi/lib/thumb/v8-m.main+fp/hard\libc_nano.a(libc_a-memset.o)
                0x08000840                memset
 .text._close_r
                0x08000850       0x20 C:/ST/STM32CubeIDE_2.1.1/STM32CubeIDE/plugins/com.st.stm32cube.ide.mcu.externaltools.gnu-tools-for-stm32.14.3.rel1.win32_1.0.100.202602081740/tools/bin/../lib/gcc/arm-none-eabi/14.3.1/../../../../arm-none-eabi/lib/thumb/v8-m.main+fp/hard\libc_nano.a(libc_a-closer.o)
                0x08000850                _close_r
 .text._lseek_r
                0x08000870       0x24 C:/ST/STM32CubeIDE_2.1.1/STM32CubeIDE/plugins/com.st.stm32cube.ide.mcu.externaltools.gnu-tools-for-stm32.14.3.rel1.win32_1.0.100.202602081740/tools/bin/../lib/gcc/arm-none-eabi/14.3.1/../../../../arm-none-eabi/lib/thumb/v8-m.main+fp/hard\libc_nano.a(libc_a-lseekr.o)
                0x08000870                _lseek_r
 .text._read_r  0x08000894       0x24 C:/ST/STM32CubeIDE_2.1.1/STM32CubeIDE/plugins/com.st.stm32cube.ide.mcu.externaltools.gnu-tools-for-stm32.14.3.rel1.win32_1.0.100.202602081740/tools/bin/../lib/gcc/arm-none-eabi/14.3.1/../../../../arm-none-eabi/lib/thumb/v8-m.main+fp/hard\libc_nano.a(libc_a-readr.o)
                0x08000894                _read_r
 .text._write_r
                0x080008b8       0x24 C:/ST/STM32CubeIDE_2.1.1/STM32CubeIDE/plugins/com.st.stm32cube.ide.mcu.externaltools.gnu-tools-for-stm32.14.3.rel1.win32_1.0.100.202602081740/tools/bin/../lib/gcc/arm-none-eabi/14.3.1/../../../../arm-none-eabi/lib/thumb/v8-m.main+fp/hard\libc_nano.a(libc_a-writer.o)
                0x080008b8                _write_r
 .text.__libc_init_array
                0x080008dc       0x48 C:/ST/STM32CubeIDE_2.1.1/STM32CubeIDE/plugins/com.st.stm32cube.ide.mcu.externaltools.gnu-tools-for-stm32.14.3.rel1.win32_1.0.100.202602081740/tools/bin/../lib/gcc/arm-none-eabi/14.3.1/../../../../arm-none-eabi/lib/thumb/v8-m.main+fp/hard\libc_nano.a(libc_a-init.o)
                0x080008dc                __libc_init_array
 .text.__retarget_lock_init_recursive
                0x08000924        0x2 C:/ST/STM32CubeIDE_2.1.1/STM32CubeIDE/plugins/com.st.stm32cube.ide.mcu.externaltools.gnu-tools-for-stm32.14.3.rel1.win32_1.0.100.202602081740/tools/bin/../lib/gcc/arm-none-eabi/14.3.1/../../../../arm-none-eabi/lib/thumb/v8-m.main+fp/hard\libc_nano.a(libc_a-lock.o)
                0x08000924                __retarget_lock_init_recursive
 .text.__retarget_lock_acquire_recursive
                0x08000926        0x2 C:/ST/STM32CubeIDE_2.1.1/STM32CubeIDE/plugins/com.st.stm32cube.ide.mcu.externaltools.gnu-tools-for-stm32.14.3.rel1.win32_1.0.100.202602081740/tools/bin/../lib/gcc/arm-none-eabi/14.3.1/../../../../arm-none-eabi/lib/thumb/v8-m.main+fp/hard\libc_nano.a(libc_a-lock.o)
                0x08000926                __retarget_lock_acquire_recursive
 .text.__retarget_lock_release_recursive
                0x08000928        0x2 C:/ST/STM32CubeIDE_2.1.1/STM32CubeIDE/plugins/com.st.stm32cube.ide.mcu.externaltools.gnu-tools-for-stm32.14.3.rel1.win32_1.0.100.202602081740/tools/bin/../lib/gcc/arm-none-eabi/14.3.1/../../../../arm-none-eabi/lib/thumb/v8-m.main+fp/hard\libc_nano.a(libc_a-lock.o)
                0x08000928                __retarget_lock_release_recursive
 *fill*         0x0800092a        0x2 
 .text._free_r  0x0800092c       0x94 C:/ST/STM32CubeIDE_2.1.1/STM32CubeIDE/plugins/com.st.stm32cube.ide.mcu.externaltools.gnu-tools-for-stm32.14.3.rel1.win32_1.0.100.202602081740/tools/bin/../lib/gcc/arm-none-eabi/14.3.1/../../../../arm-none-eabi/lib/thumb/v8-m.main+fp/hard\libc_nano.a(libc_a-freer.o)
                0x0800092c                _free_r
 .text.sbrk_aligned
                0x080009c0       0x44 C:/ST/STM32CubeIDE_2.1.1/STM32CubeIDE/plugins/com.st.stm32cube.ide.mcu.externaltools.gnu-tools-for-stm32.14.3.rel1.win32_1.0.100.202602081740/tools/bin/../lib/gcc/arm-none-eabi/14.3.1/../../../../arm-none-eabi/lib/thumb/v8-m.main+fp/hard\libc_nano.a(libc_a-mallocr.o)
 .text._malloc_r
                0x08000a04      0x100 C:/ST/STM32CubeIDE_2.1.1/STM32CubeIDE/plugins/com.st.stm32cube.ide.mcu.externaltools.gnu-tools-for-stm32.14.3.rel1.win32_1.0.100.202602081740/tools/bin/../lib/gcc/arm-none-eabi/14.3.1/../../../../arm-none-eabi/lib/thumb/v8-m.main+fp/hard\libc_nano.a(libc_a-mallocr.o)
                0x08000a04                _malloc_r
 .text.__malloc_lock
                0x08000b04        0xc C:/ST/STM32CubeIDE_2.1.1/STM32CubeIDE/plugins/com.st.stm32cube.ide.mcu.externaltools.gnu-tools-for-stm32.14.3.rel1.win32_1.0.100.202602081740/tools/bin/../lib/gcc/arm-none-eabi/14.3.1/../../../../arm-none-eabi/lib/thumb/v8-m.main+fp/hard\libc_nano.a(libc_a-mlock.o)
                0x08000b04                __malloc_lock
 .text.__malloc_unlock
                0x08000b10        0xc C:/ST/STM32CubeIDE_2.1.1/STM32CubeIDE/plugins/com.st.stm32cube.ide.mcu.externaltools.gnu-tools-for-stm32.14.3.rel1.win32_1.0.100.202602081740/tools/bin/../lib/gcc/arm-none-eabi/14.3.1/../../../../arm-none-eabi/lib/thumb/v8-m.main+fp/hard\libc_nano.a(libc_a-mlock.o)
                0x08000b10                __malloc_unlock
 .text.__sflush_r
                0x08000b1c      0x100 C:/ST/STM32CubeIDE_2.1.1/STM32CubeIDE/plugins/com.st.stm32cube.ide.mcu.externaltools.gnu-tools-for-stm32.14.3.rel1.win32_1.0.100.202602081740/tools/bin/../lib/gcc/arm-none-eabi/14.3.1/../../../../arm-none-eabi/lib/thumb/v8-m.main+fp/hard\libc_nano.a(libc_a-fflush.o)
                0x08000b1c                __sflush_r
 .text._fflush_r
                0x08000c1c       0x50 C:/ST/STM32CubeIDE_2.1.1/STM32CubeIDE/plugins/com.st.stm32cube.ide.mcu.externaltools.gnu-tools-for-stm32.14.3.rel1.win32_1.0.100.202602081740/tools/bin/../lib/gcc/arm-none-eabi/14.3.1/../../../../arm-none-eabi/lib/thumb/v8-m.main+fp/hard\libc_nano.a(libc_a-fflush.o)
                0x08000c1c                _fflush_r
 .text._sbrk_r  0x08000c6c       0x20 C:/ST/STM32CubeIDE_2.1.1/STM32CubeIDE/plugins/com.st.stm32cube.ide.mcu.externaltools.gnu-tools-for-stm32.14.3.rel1.win32_1.0.100.202602081740/tools/bin/../lib/gcc/arm-none-eabi/14.3.1/../../../../arm-none-eabi/lib/thumb/v8-m.main+fp/hard\libc_nano.a(libc_a-sbrkr.o)
                0x08000c6c                _sbrk_r
 .text.hal_tim_oc_channel_to_compare_unit
                0x08000c8c       0x38 CMakeFiles/STM32C5A3R_Project5.dir/main.c.obj
 .text.TIM1_SetPSC_ARR
                0x08000cc4       0x6a CMakeFiles/STM32C5A3R_Project5.dir/main.c.obj
 *fill*         0x08000d2e        0x2 
 .text.TIM1_SetFrequency
                0x08000d30       0x54 CMakeFiles/STM32C5A3R_Project5.dir/main.c.obj
 .text.TIM1_SetChannelDuty
                0x08000d84       0x70 CMakeFiles/STM32C5A3R_Project5.dir/main.c.obj
 .text.TIM1_PWM_Start_CH1_CH3
                0x08000df4       0x64 CMakeFiles/STM32C5A3R_Project5.dir/main.c.obj
 .text._write   0x08000e58       0x30 CMakeFiles/STM32C5A3R_Project5.dir/main.c.obj
                0x08000e58                _write
 .text.TIM15_GetDiff
                0x08000e88       0x30 CMakeFiles/STM32C5A3R_Project5.dir/main.c.obj
 .text.TIM15_IC_SetPSC_ARR
                0x08000eb8       0x6a CMakeFiles/STM32C5A3R_Project5.dir/main.c.obj
 .text.TIM15_IC_Start
                0x08000f22       0x4e CMakeFiles/STM32C5A3R_Project5.dir/main.c.obj
 .text.HAL_TIM_InputCaptureCallback
                0x08000f70      0x164 CMakeFiles/STM32C5A3R_Project5.dir/main.c.obj
                0x08000f70                HAL_TIM_InputCaptureCallback
 .text.main     0x080010d4      0x170 CMakeFiles/STM32C5A3R_Project5.dir/main.c.obj
                0x080010d4                main
 .text.LL_AHB2_GRP1_EnableClock
                0x08001244       0x60 CMakeFiles/STM32C5A3R_Project5.dir/generated/hal/mx_cortex_debug.c.obj
 .text.HAL_RCC_GPIOA_EnableClock
                0x080012a4        0xe CMakeFiles/STM32C5A3R_Project5.dir/generated/hal/mx_cortex_debug.c.obj
 .text.HAL_RCC_GPIOB_EnableClock
                0x080012b2        0xe CMakeFiles/STM32C5A3R_Project5.dir/generated/hal/mx_cortex_debug.c.obj
 .text.mx_cortex_debug_init
                0x080012c0       0x88 CMakeFiles/STM32C5A3R_Project5.dir/generated/hal/mx_cortex_debug.c.obj
                0x080012c0                mx_cortex_debug_init
 .text.mx_cortex_mpu_init
                0x08001348       0x5c CMakeFiles/STM32C5A3R_Project5.dir/generated/hal/mx_cortex_mpu.c.obj
                0x08001348                mx_cortex_mpu_init
 .text.mx_cortex_nvic_init
                0x080013a4       0x12 CMakeFiles/STM32C5A3R_Project5.dir/generated/hal/mx_cortex_nvic.c.obj
                0x080013a4                mx_cortex_nvic_init
 *fill*         0x080013b6        0x2 
 .text.mx_icache_init
                0x080013b8       0x28 CMakeFiles/STM32C5A3R_Project5.dir/generated/hal/mx_icache.c.obj
                0x080013b8                mx_icache_init
 .text.mx_icache_gethandle
                0x080013e0       0x14 CMakeFiles/STM32C5A3R_Project5.dir/generated/hal/mx_icache.c.obj
                0x080013e0                mx_icache_gethandle
 .text.mx_rcc_init
                0x080013f4       0xc0 CMakeFiles/STM32C5A3R_Project5.dir/generated/hal/mx_rcc.c.obj
                0x080013f4                mx_rcc_init
 .text.mx_rcc_peripherals_clock_config
                0x080014b4       0x12 CMakeFiles/STM32C5A3R_Project5.dir/generated/hal/mx_rcc.c.obj
                0x080014b4                mx_rcc_peripherals_clock_config
 .text.mx_system_init
                0x080014c6       0xf8 CMakeFiles/STM32C5A3R_Project5.dir/generated/hal/mx_system.c.obj
                0x080014c6                mx_system_init
 .text.SysTick_Handler
                0x080015be       0x10 CMakeFiles/STM32C5A3R_Project5.dir/generated/hal/mx_system.c.obj
                0x080015be                SysTick_Handler
 .text.pre_system_init_hook
                0x080015ce       0x12 CMakeFiles/STM32C5A3R_Project5.dir/generated/hal/mx_system.c.obj
                0x080015ce                pre_system_init_hook
 .text.post_system_init_hook
                0x080015e0       0x12 CMakeFiles/STM32C5A3R_Project5.dir/generated/hal/mx_system.c.obj
                0x080015e0                post_system_init_hook
 *fill*         0x080015f2        0x2 
 .text.LL_AHB2_GRP1_EnableClock
                0x080015f4       0x60 CMakeFiles/STM32C5A3R_Project5.dir/generated/hal/mx_tim1.c.obj
 .text.LL_APB2_GRP1_EnableClock
                0x08001654       0x60 CMakeFiles/STM32C5A3R_Project5.dir/generated/hal/mx_tim1.c.obj
 .text.HAL_RCC_GPIOA_EnableClock
                0x080016b4        0xe CMakeFiles/STM32C5A3R_Project5.dir/generated/hal/mx_tim1.c.obj
 .text.HAL_RCC_TIM1_EnableClock
                0x080016c2       0x10 CMakeFiles/STM32C5A3R_Project5.dir/generated/hal/mx_tim1.c.obj
 *fill*         0x080016d2        0x2 
 .text.mx_tim1_init
                0x080016d4      0x190 CMakeFiles/STM32C5A3R_Project5.dir/generated/hal/mx_tim1.c.obj
                0x080016d4                mx_tim1_init
 .text.mx_tim1_gethandle
                0x08001864       0x14 CMakeFiles/STM32C5A3R_Project5.dir/generated/hal/mx_tim1.c.obj
                0x08001864                mx_tim1_gethandle
 .text.LL_AHB2_GRP1_EnableClock
                0x08001878       0x60 CMakeFiles/STM32C5A3R_Project5.dir/generated/hal/mx_tim15.c.obj
 .text.LL_APB2_GRP1_EnableClock
                0x080018d8       0x60 CMakeFiles/STM32C5A3R_Project5.dir/generated/hal/mx_tim15.c.obj
 .text.HAL_RCC_GPIOA_EnableClock
                0x08001938        0xe CMakeFiles/STM32C5A3R_Project5.dir/generated/hal/mx_tim15.c.obj
 .text.HAL_RCC_TIM15_EnableClock
                0x08001946       0x10 CMakeFiles/STM32C5A3R_Project5.dir/generated/hal/mx_tim15.c.obj
 *fill*         0x08001956        0x2 
 .text.mx_tim15_init
                0x08001958      0x130 CMakeFiles/STM32C5A3R_Project5.dir/generated/hal/mx_tim15.c.obj
                0x08001958                mx_tim15_init
 .text.mx_tim15_gethandle
                0x08001a88       0x14 CMakeFiles/STM32C5A3R_Project5.dir/generated/hal/mx_tim15.c.obj
                0x08001a88                mx_tim15_gethandle
 .text.TIM15_IRQHandler
                0x08001a9c       0x14 CMakeFiles/STM32C5A3R_Project5.dir/generated/hal/mx_tim15.c.obj
                0x08001a9c                TIM15_IRQHandler
 .text.LL_AHB2_GRP1_EnableClock
                0x08001ab0       0x60 CMakeFiles/STM32C5A3R_Project5.dir/generated/hal/mx_usart1.c.obj
 .text.LL_APB2_GRP1_EnableClock
                0x08001b10       0x60 CMakeFiles/STM32C5A3R_Project5.dir/generated/hal/mx_usart1.c.obj
 .text.HAL_RCC_GPIOA_EnableClock
                0x08001b70        0xe CMakeFiles/STM32C5A3R_Project5.dir/generated/hal/mx_usart1.c.obj
 .text.HAL_RCC_USART1_EnableClock
                0x08001b7e       0x10 CMakeFiles/STM32C5A3R_Project5.dir/generated/hal/mx_usart1.c.obj
 *fill*         0x08001b8e        0x2 
 .text.mx_usart1_uart_init
                0x08001b90       0xac CMakeFiles/STM32C5A3R_Project5.dir/generated/hal/mx_usart1.c.obj
                0x08001b90                mx_usart1_uart_init
 .text.mx_usart1_uart_gethandle
                0x08001c3c       0x14 CMakeFiles/STM32C5A3R_Project5.dir/generated/hal/mx_usart1.c.obj
                0x08001c3c                mx_usart1_uart_gethandle
 .text.SCB_SetVTOR
                0x08001c50       0x20 CMakeFiles/STM32C5A3R_Project5.dir/user_modifiable/Device/STM32C5A3RGT6/system_stm32c5xx.c.obj
 .text.SCB_EnableFPU
                0x08001c70       0x24 CMakeFiles/STM32C5A3R_Project5.dir/user_modifiable/Device/STM32C5A3RGT6/system_stm32c5xx.c.obj
 .text.SystemInit
                0x08001c94       0x18 CMakeFiles/STM32C5A3R_Project5.dir/user_modifiable/Device/STM32C5A3RGT6/system_stm32c5xx.c.obj
                0x08001c94                SystemInit
 .text.Reset_Handler
                0x08001cac       0xc4 CMakeFiles/STM32C5A3R_Project5.dir/user_modifiable/Device/STM32C5A3RGT6/startup_stm32c5a3xx.c.obj
                0x08001cac                Reset_Handler
 .text.HardFault_Handler
                0x08001d70        0x8 CMakeFiles/STM32C5A3R_Project5.dir/user_modifiable/Device/STM32C5A3RGT6/startup_stm32c5a3xx.c.obj
                0x08001d70                HardFault_Handler
 .text.Default_IRQHandler
                0x08001d78        0x8 CMakeFiles/STM32C5A3R_Project5.dir/user_modifiable/Device/STM32C5A3RGT6/startup_stm32c5a3xx.c.obj
                0x08001d78                EXTI2_IRQHandler
                0x08001d78                TIM8_CC_IRQHandler
                0x08001d78                EXTI5_IRQHandler
                0x08001d78                DebugMon_Handler
                0x08001d78                TIM8_TRGI_COM_DIR_IDX_IRQHandler
                0x08001d78                EXTI13_IRQHandler
                0x08001d78                LPDMA2_CH1_IRQHandler
                0x08001d78                I2C1_ERR_IRQHandler
                0x08001d78                TIM1_CC_IRQHandler
                0x08001d78                LPDMA1_CH6_IRQHandler
                0x08001d78                XSPI1_IRQHandler
                0x08001d78                ETH1_WKUP_IRQHandler
                0x08001d78                TAMP_IRQHandler
                0x08001d78                TIM6_IRQHandler
                0x08001d78                EXTI12_IRQHandler
                0x08001d78                CORDIC_IRQHandler
                0x08001d78                PendSV_Handler
                0x08001d78                USB_DRD_FS_IRQHandler
                0x08001d78                NMI_Handler
                0x08001d78                EXTI3_IRQHandler
                0x08001d78                EXTI8_IRQHandler
                0x08001d78                PWR_PVD_IRQHandler
                0x08001d78                EXTI0_IRQHandler
                0x08001d78                I2C2_EV_IRQHandler
                0x08001d78                FPU_IRQHandler
                0x08001d78                FDCAN1_IT1_IRQHandler
                0x08001d78                RAMCFG_IRQHandler
                0x08001d78                UsageFault_Handler
                0x08001d78                TIM1_UPD_IRQHandler
                0x08001d78                SPI1_IRQHandler
                0x08001d78                LPDMA2_CH6_IRQHandler
                0x08001d78                LPDMA2_CH7_IRQHandler
                0x08001d78                ADC1_IRQHandler
                0x08001d78                PKA_IRQHandler
                0x08001d78                USART6_IRQHandler
                0x08001d78                EXTI15_IRQHandler
                0x08001d78                TIM17_IRQHandler
                0x08001d78                USART3_IRQHandler
                0x08001d78                RTC_IRQHandler
                0x08001d78                EXTI9_IRQHandler
                0x08001d78                LPDMA2_CH5_IRQHandler
                0x08001d78                UART5_IRQHandler
                0x08001d78                LPDMA2_CH3_IRQHandler
                0x08001d78                ADC3_IRQHandler
                0x08001d78                LPDMA1_CH1_IRQHandler
                0x08001d78                TIM4_IRQHandler
                0x08001d78                I2C1_EV_IRQHandler
                0x08001d78                TIM16_IRQHandler
                0x08001d78                UART4_IRQHandler
                0x08001d78                TIM3_IRQHandler
                0x08001d78                RCC_IRQHandler
                0x08001d78                LPDMA1_CH5_IRQHandler
                0x08001d78                LPDMA2_CH2_IRQHandler
                0x08001d78                TIM12_IRQHandler
                0x08001d78                TIM7_IRQHandler
                0x08001d78                SAES_IRQHandler
                0x08001d78                TIM5_IRQHandler
                0x08001d78                I3C1_EV_IRQHandler
                0x08001d78                TIM8_BRK_TERR_IERR_IRQHandler
                0x08001d78                TIM8_UPD_IRQHandler
                0x08001d78                ETH1_IRQHandler
                0x08001d78                ADC2_IRQHandler
                0x08001d78                SPI2_IRQHandler
                0x08001d78                MemManage_Handler
                0x08001d78                LPDMA1_CH3_IRQHandler
                0x08001d78                EXTI14_IRQHandler
                0x08001d78                EXTI11_IRQHandler
                0x08001d78                SVC_Handler
                0x08001d78                CRS_IRQHandler
                0x08001d78                LPDMA2_CH4_IRQHandler
                0x08001d78                EXTI4_IRQHandler
                0x08001d78                TIM1_BRK_TERR_IERR_IRQHandler
                0x08001d78                RNG_IRQHandler
                0x08001d78                FDCAN2_IT1_IRQHandler
                0x08001d78                TIM1_TRGI_COM_DIR_IDX_IRQHandler
                0x08001d78                LPDMA2_CH0_IRQHandler
                0x08001d78                I3C1_ERR_IRQHandler
                0x08001d78                WWDG_IRQHandler
                0x08001d78                Default_IRQHandler
                0x08001d78                FDCAN2_IT0_IRQHandler
                0x08001d78                IWDG_IRQHandler
                0x08001d78                LPUART1_IRQHandler
                0x08001d78                FDCAN1_IT0_IRQHandler
                0x08001d78                TIM2_IRQHandler
                0x08001d78                LPDMA1_CH2_IRQHandler
                0x08001d78                EXTI7_IRQHandler
                0x08001d78                EXTI1_IRQHandler
                0x08001d78                AES_IRQHandler
                0x08001d78                DAC1_IRQHandler
                0x08001d78                UART7_IRQHandler
                0x08001d78                USART2_IRQHandler
                0x08001d78                LPDMA1_CH4_IRQHandler
                0x08001d78                FLASH_IRQHandler
                0x08001d78                I2C2_ERR_IRQHandler
                0x08001d78                BusFault_Handler
                0x08001d78                USART1_IRQHandler
                0x08001d78                EXTI10_IRQHandler
                0x08001d78                SPI3_IRQHandler
                0x08001d78                LPDMA1_CH0_IRQHandler
                0x08001d78                EXTI6_IRQHandler
                0x08001d78                COMP1_IRQHandler
                0x08001d78                LPTIM1_IRQHandler
                0x08001d78                ICACHE_IRQHandler
                0x08001d78                LPDMA1_CH7_IRQHandler
                0x08001d78                HASH_IRQHandler
 .text.Default_IRQHandler_Hook
                0x08001d80        0x8 CMakeFiles/STM32C5A3R_Project5.dir/user_modifiable/Device/STM32C5A3RGT6/startup_stm32c5a3xx.c.obj
                0x08001d80                Default_IRQHandler_Hook
 .text.LL_RCC_GetAHBPrescaler
                0x08001d88       0x1c CMakeFiles/STM32C5A3R_Project5.dir/stm32c5xx_drivers/hal/stm32c5xx_hal.c.obj
 .text.LL_FLASH_EnablePrefetch
                0x08001da4       0x20 CMakeFiles/STM32C5A3R_Project5.dir/stm32c5xx_drivers/hal/stm32c5xx_hal.c.obj
 .text.HAL_Init
                0x08001dc4       0x44 CMakeFiles/STM32C5A3R_Project5.dir/stm32c5xx_drivers/hal/stm32c5xx_hal.c.obj
                0x08001dc4                HAL_Init
 .text.HAL_InitTick
                0x08001e08       0x68 CMakeFiles/STM32C5A3R_Project5.dir/stm32c5xx_drivers/hal/stm32c5xx_hal.c.obj
                0x08001e08                HAL_InitTick
 .text.HAL_UpdateCoreClock
                0x08001e70       0x30 CMakeFiles/STM32C5A3R_Project5.dir/stm32c5xx_drivers/hal/stm32c5xx_hal.c.obj
                0x08001e70                HAL_UpdateCoreClock
 .text.HAL_IncTick
                0x08001ea0       0x28 CMakeFiles/STM32C5A3R_Project5.dir/stm32c5xx_drivers/hal/stm32c5xx_hal.c.obj
                0x08001ea0                HAL_IncTick
 .text.HAL_GetTick
                0x08001ec8       0x18 CMakeFiles/STM32C5A3R_Project5.dir/stm32c5xx_drivers/hal/stm32c5xx_hal.c.obj
                0x08001ec8                HAL_GetTick
 .text.HAL_Delay
                0x08001ee0       0x4c CMakeFiles/STM32C5A3R_Project5.dir/stm32c5xx_drivers/hal/stm32c5xx_hal.c.obj
                0x08001ee0                HAL_Delay
 .text.__NVIC_SetPriorityGrouping
                0x08001f2c       0x48 CMakeFiles/STM32C5A3R_Project5.dir/stm32c5xx_drivers/hal/stm32c5xx_hal_cortex.c.obj
 .text.__NVIC_GetPriorityGrouping
                0x08001f74       0x1c CMakeFiles/STM32C5A3R_Project5.dir/stm32c5xx_drivers/hal/stm32c5xx_hal_cortex.c.obj
 .text.__NVIC_EnableIRQ
                0x08001f90       0x3c CMakeFiles/STM32C5A3R_Project5.dir/stm32c5xx_drivers/hal/stm32c5xx_hal_cortex.c.obj
 .text.__NVIC_SetPriority
                0x08001fcc       0x54 CMakeFiles/STM32C5A3R_Project5.dir/stm32c5xx_drivers/hal/stm32c5xx_hal_cortex.c.obj
 .text.NVIC_EncodePriority
                0x08002020       0x66 CMakeFiles/STM32C5A3R_Project5.dir/stm32c5xx_drivers/hal/stm32c5xx_hal_cortex.c.obj
 *fill*         0x08002086        0x2 
 .text.ARM_MPU_Enable
                0x08002088       0x44 CMakeFiles/STM32C5A3R_Project5.dir/stm32c5xx_drivers/hal/stm32c5xx_hal_cortex.c.obj
 .text.ARM_MPU_Disable
                0x080020cc       0x40 CMakeFiles/STM32C5A3R_Project5.dir/stm32c5xx_drivers/hal/stm32c5xx_hal_cortex.c.obj
 .text.ARM_MPU_SetMemAttrEx
                0x0800210c       0x6a CMakeFiles/STM32C5A3R_Project5.dir/stm32c5xx_drivers/hal/stm32c5xx_hal_cortex.c.obj
 *fill*         0x08002176        0x2 
 .text.ARM_MPU_SetMemAttr
                0x08002178       0x28 CMakeFiles/STM32C5A3R_Project5.dir/stm32c5xx_drivers/hal/stm32c5xx_hal_cortex.c.obj
 .text.ARM_MPU_SetRegionEx
                0x080021a0       0x2c CMakeFiles/STM32C5A3R_Project5.dir/stm32c5xx_drivers/hal/stm32c5xx_hal_cortex.c.obj
 .text.ARM_MPU_SetRegion
                0x080021cc       0x24 CMakeFiles/STM32C5A3R_Project5.dir/stm32c5xx_drivers/hal/stm32c5xx_hal_cortex.c.obj
 .text.SysTick_SetClkSource
                0x080021f0       0x38 CMakeFiles/STM32C5A3R_Project5.dir/stm32c5xx_drivers/hal/stm32c5xx_hal_cortex.c.obj
 .text.SysTick_GetClkSource
                0x08002228       0x1c CMakeFiles/STM32C5A3R_Project5.dir/stm32c5xx_drivers/hal/stm32c5xx_hal_cortex.c.obj
 .text.SysTick_EnableIT
                0x08002244       0x20 CMakeFiles/STM32C5A3R_Project5.dir/stm32c5xx_drivers/hal/stm32c5xx_hal_cortex.c.obj
 .text.SysTick_Enable
                0x08002264       0x20 CMakeFiles/STM32C5A3R_Project5.dir/stm32c5xx_drivers/hal/stm32c5xx_hal_cortex.c.obj
 .text.SysTick_SetReload
                0x08002284       0x30 CMakeFiles/STM32C5A3R_Project5.dir/stm32c5xx_drivers/hal/stm32c5xx_hal_cortex.c.obj
 .text.SysTick_SetCounter
                0x080022b4       0x20 CMakeFiles/STM32C5A3R_Project5.dir/stm32c5xx_drivers/hal/stm32c5xx_hal_cortex.c.obj
 .text.HAL_CORTEX_NVIC_SetPriorityGrouping
                0x080022d4       0x1a CMakeFiles/STM32C5A3R_Project5.dir/stm32c5xx_drivers/hal/stm32c5xx_hal_cortex.c.obj
                0x080022d4                HAL_CORTEX_NVIC_SetPriorityGrouping
 .text.HAL_CORTEX_NVIC_SetPriority
                0x080022ee       0x36 CMakeFiles/STM32C5A3R_Project5.dir/stm32c5xx_drivers/hal/stm32c5xx_hal_cortex.c.obj
                0x080022ee                HAL_CORTEX_NVIC_SetPriority
 .text.HAL_CORTEX_NVIC_EnableIRQ
                0x08002324       0x1c CMakeFiles/STM32C5A3R_Project5.dir/stm32c5xx_drivers/hal/stm32c5xx_hal_cortex.c.obj
                0x08002324                HAL_CORTEX_NVIC_EnableIRQ
 .text.HAL_CORTEX_SYSTICK_SetFreq
                0x08002340       0x5a CMakeFiles/STM32C5A3R_Project5.dir/stm32c5xx_drivers/hal/stm32c5xx_hal_cortex.c.obj
                0x08002340                HAL_CORTEX_SYSTICK_SetFreq
 .text.HAL_CORTEX_SYSTICK_SetClkSource
                0x0800239a       0x1a CMakeFiles/STM32C5A3R_Project5.dir/stm32c5xx_drivers/hal/stm32c5xx_hal_cortex.c.obj
                0x0800239a                HAL_CORTEX_SYSTICK_SetClkSource
 .text.HAL_CORTEX_SYSTICK_IRQHandler
                0x080023b4        0xc CMakeFiles/STM32C5A3R_Project5.dir/stm32c5xx_drivers/hal/stm32c5xx_hal_cortex.c.obj
                0x080023b4                HAL_CORTEX_SYSTICK_IRQHandler
 .text.HAL_CORTEX_SYSTICK_Callback
                0x080023c0        0xe CMakeFiles/STM32C5A3R_Project5.dir/stm32c5xx_drivers/hal/stm32c5xx_hal_cortex.c.obj
                0x080023c0                HAL_CORTEX_SYSTICK_Callback
 .text.HAL_CORTEX_MPU_Enable
                0x080023ce       0x26 CMakeFiles/STM32C5A3R_Project5.dir/stm32c5xx_drivers/hal/stm32c5xx_hal_cortex.c.obj
                0x080023ce                HAL_CORTEX_MPU_Enable
 .text.HAL_CORTEX_MPU_Disable
                0x080023f4        0xc CMakeFiles/STM32C5A3R_Project5.dir/stm32c5xx_drivers/hal/stm32c5xx_hal_cortex.c.obj
                0x080023f4                HAL_CORTEX_MPU_Disable
 .text.HAL_CORTEX_MPU_SetCacheMemAttr
                0x08002400       0x2a CMakeFiles/STM32C5A3R_Project5.dir/stm32c5xx_drivers/hal/stm32c5xx_hal_cortex.c.obj
                0x08002400                HAL_CORTEX_MPU_SetCacheMemAttr
 .text.HAL_CORTEX_MPU_SetConfigRegion
                0x0800242a       0x48 CMakeFiles/STM32C5A3R_Project5.dir/stm32c5xx_drivers/hal/stm32c5xx_hal_cortex.c.obj
                0x0800242a                HAL_CORTEX_MPU_SetConfigRegion
 *fill*         0x08002472        0x2 
 .text.HAL_CORTEX_MPU_EnableRegion
                0x08002474       0x2c CMakeFiles/STM32C5A3R_Project5.dir/stm32c5xx_drivers/hal/stm32c5xx_hal_cortex.c.obj
                0x08002474                HAL_CORTEX_MPU_EnableRegion
 .text.LL_FLASH_SetLatency
                0x080024a0       0x26 CMakeFiles/STM32C5A3R_Project5.dir/stm32c5xx_drivers/hal/stm32c5xx_hal_flash_itf.c.obj
 .text.LL_FLASH_SetProgrammingDelay
                0x080024c6       0x26 CMakeFiles/STM32C5A3R_Project5.dir/stm32c5xx_drivers/hal/stm32c5xx_hal_flash_itf.c.obj
 .text.HAL_FLASH_ITF_SetLatency
                0x080024ec       0x24 CMakeFiles/STM32C5A3R_Project5.dir/stm32c5xx_drivers/hal/stm32c5xx_hal_flash_itf.c.obj
                0x080024ec                HAL_FLASH_ITF_SetLatency
 .text.HAL_FLASH_ITF_SetProgrammingDelay
                0x08002510       0x24 CMakeFiles/STM32C5A3R_Project5.dir/stm32c5xx_drivers/hal/stm32c5xx_hal_flash_itf.c.obj
                0x08002510                HAL_FLASH_ITF_SetProgrammingDelay
 .text.LL_GPIO_SetPinMode
                0x08002534       0x9c CMakeFiles/STM32C5A3R_Project5.dir/stm32c5xx_drivers/hal/stm32c5xx_hal_gpio.c.obj
 .text.LL_GPIO_SetPinOutputType
                0x080025d0       0x56 CMakeFiles/STM32C5A3R_Project5.dir/stm32c5xx_drivers/hal/stm32c5xx_hal_gpio.c.obj
 .text.LL_GPIO_SetPinSpeed
                0x08002626       0xa0 CMakeFiles/STM32C5A3R_Project5.dir/stm32c5xx_drivers/hal/stm32c5xx_hal_gpio.c.obj
 .text.LL_GPIO_SetPinPull
                0x080026c6       0xa0 CMakeFiles/STM32C5A3R_Project5.dir/stm32c5xx_drivers/hal/stm32c5xx_hal_gpio.c.obj
 .text.LL_GPIO_SetAFPin_0_7
                0x08002766       0xa0 CMakeFiles/STM32C5A3R_Project5.dir/stm32c5xx_drivers/hal/stm32c5xx_hal_gpio.c.obj
 .text.LL_GPIO_SetAFPin_8_15
                0x08002806       0xa4 CMakeFiles/STM32C5A3R_Project5.dir/stm32c5xx_drivers/hal/stm32c5xx_hal_gpio.c.obj
 .text.LL_GPIO_WriteOutputPin
                0x080028aa       0x2a CMakeFiles/STM32C5A3R_Project5.dir/stm32c5xx_drivers/hal/stm32c5xx_hal_gpio.c.obj
 .text.HAL_GPIO_Init
                0x080028d4      0x128 CMakeFiles/STM32C5A3R_Project5.dir/stm32c5xx_drivers/hal/stm32c5xx_hal_gpio.c.obj
                0x080028d4                HAL_GPIO_Init
 .text.LL_ICACHE_Enable
                0x080029fc       0x20 CMakeFiles/STM32C5A3R_Project5.dir/stm32c5xx_drivers/hal/stm32c5xx_hal_icache.c.obj
 .text.LL_ICACHE_EnableIT
                0x08002a1c       0x22 CMakeFiles/STM32C5A3R_Project5.dir/stm32c5xx_drivers/hal/stm32c5xx_hal_icache.c.obj
 .text.HAL_ICACHE_Init
                0x08002a3e       0x28 CMakeFiles/STM32C5A3R_Project5.dir/stm32c5xx_drivers/hal/stm32c5xx_hal_icache.c.obj
                0x08002a3e                HAL_ICACHE_Init
 .text.HAL_ICACHE_Start
                0x08002a66       0x32 CMakeFiles/STM32C5A3R_Project5.dir/stm32c5xx_drivers/hal/stm32c5xx_hal_icache.c.obj
                0x08002a66                HAL_ICACHE_Start
 .text.LL_RCC_LSI_IsReady
                0x08002a98       0x28 CMakeFiles/STM32C5A3R_Project5.dir/stm32c5xx_drivers/hal/stm32c5xx_hal_rcc.c.obj
 .text.LL_RCC_LSE_IsReady
                0x08002ac0       0x28 CMakeFiles/STM32C5A3R_Project5.dir/stm32c5xx_drivers/hal/stm32c5xx_hal_rcc.c.obj
 .text.LL_RCC_HSIK_IsReady
                0x08002ae8       0x24 CMakeFiles/STM32C5A3R_Project5.dir/stm32c5xx_drivers/hal/stm32c5xx_hal_rcc.c.obj
 .text.LL_RCC_HSIK_GetDivider
                0x08002b0c       0x1c CMakeFiles/STM32C5A3R_Project5.dir/stm32c5xx_drivers/hal/stm32c5xx_hal_rcc.c.obj
 .text.LL_RCC_PSIS_Enable
                0x08002b28       0x20 CMakeFiles/STM32C5A3R_Project5.dir/stm32c5xx_drivers/hal/stm32c5xx_hal_rcc.c.obj
 .text.LL_RCC_PSIS_IsReady
                0x08002b48       0x28 CMakeFiles/STM32C5A3R_Project5.dir/stm32c5xx_drivers/hal/stm32c5xx_hal_rcc.c.obj
 .text.LL_RCC_PSIDIV3_IsReady
                0x08002b70       0x28 CMakeFiles/STM32C5A3R_Project5.dir/stm32c5xx_drivers/hal/stm32c5xx_hal_rcc.c.obj
 .text.LL_RCC_PSIK_IsReady
                0x08002b98       0x28 CMakeFiles/STM32C5A3R_Project5.dir/stm32c5xx_drivers/hal/stm32c5xx_hal_rcc.c.obj
 .text.LL_RCC_PSIK_GetDivider
                0x08002bc0       0x1c CMakeFiles/STM32C5A3R_Project5.dir/stm32c5xx_drivers/hal/stm32c5xx_hal_rcc.c.obj
 .text.LL_RCC_ConfigPSI
                0x08002bdc       0x38 CMakeFiles/STM32C5A3R_Project5.dir/stm32c5xx_drivers/hal/stm32c5xx_hal_rcc.c.obj
 .text.LL_RCC_GetConfigPSI
                0x08002c14       0x40 CMakeFiles/STM32C5A3R_Project5.dir/stm32c5xx_drivers/hal/stm32c5xx_hal_rcc.c.obj
 .text.LL_RCC_HSE_Enable
                0x08002c54       0x20 CMakeFiles/STM32C5A3R_Project5.dir/stm32c5xx_drivers/hal/stm32c5xx_hal_rcc.c.obj
 .text.LL_RCC_HSE_IsReady
                0x08002c74       0x28 CMakeFiles/STM32C5A3R_Project5.dir/stm32c5xx_drivers/hal/stm32c5xx_hal_rcc.c.obj
 .text.LL_RCC_HSE_ConfigBypass
                0x08002c9c       0x2c CMakeFiles/STM32C5A3R_Project5.dir/stm32c5xx_drivers/hal/stm32c5xx_hal_rcc.c.obj
 .text.LL_RCC_SetSysClkSource
                0x08002cc8       0x28 CMakeFiles/STM32C5A3R_Project5.dir/stm32c5xx_drivers/hal/stm32c5xx_hal_rcc.c.obj
 .text.LL_RCC_GetSysClkSource
                0x08002cf0       0x1c CMakeFiles/STM32C5A3R_Project5.dir/stm32c5xx_drivers/hal/stm32c5xx_hal_rcc.c.obj
 .text.LL_RCC_GetAHBPrescaler
                0x08002d0c       0x1c CMakeFiles/STM32C5A3R_Project5.dir/stm32c5xx_drivers/hal/stm32c5xx_hal_rcc.c.obj
 .text.LL_RCC_GetSystickClockSource
                0x08002d28       0x1c CMakeFiles/STM32C5A3R_Project5.dir/stm32c5xx_drivers/hal/stm32c5xx_hal_rcc.c.obj
 .text.LL_RCC_GetAPB1Prescaler
                0x08002d44       0x1c CMakeFiles/STM32C5A3R_Project5.dir/stm32c5xx_drivers/hal/stm32c5xx_hal_rcc.c.obj
 .text.LL_RCC_GetAPB2Prescaler
                0x08002d60       0x1c CMakeFiles/STM32C5A3R_Project5.dir/stm32c5xx_drivers/hal/stm32c5xx_hal_rcc.c.obj
 .text.LL_RCC_GetAPB3Prescaler
                0x08002d7c       0x1c CMakeFiles/STM32C5A3R_Project5.dir/stm32c5xx_drivers/hal/stm32c5xx_hal_rcc.c.obj
 .text.LL_RCC_ConfigBusClock
                0x08002d98       0x2c CMakeFiles/STM32C5A3R_Project5.dir/stm32c5xx_drivers/hal/stm32c5xx_hal_rcc.c.obj
 .text.LL_RCC_SetClockSource
                0x08002dc4       0x54 CMakeFiles/STM32C5A3R_Project5.dir/stm32c5xx_drivers/hal/stm32c5xx_hal_rcc.c.obj
 .text.LL_RCC_SetUSARTClockSource
                0x08002e18       0x16 CMakeFiles/STM32C5A3R_Project5.dir/stm32c5xx_drivers/hal/stm32c5xx_hal_rcc.c.obj
 *fill*         0x08002e2e        0x2 
 .text.LL_RCC_GetClockSource
                0x08002e30       0x48 CMakeFiles/STM32C5A3R_Project5.dir/stm32c5xx_drivers/hal/stm32c5xx_hal_rcc.c.obj
 .text.LL_RCC_GetUSARTClockSource
                0x08002e78       0x18 CMakeFiles/STM32C5A3R_Project5.dir/stm32c5xx_drivers/hal/stm32c5xx_hal_rcc.c.obj
 .text.LL_RCC_GetUARTClockSource
                0x08002e90       0x18 CMakeFiles/STM32C5A3R_Project5.dir/stm32c5xx_drivers/hal/stm32c5xx_hal_rcc.c.obj
 .text.LL_RCC_GetLPUARTClockSource
                0x08002ea8       0x24 CMakeFiles/STM32C5A3R_Project5.dir/stm32c5xx_drivers/hal/stm32c5xx_hal_rcc.c.obj
 .text.HAL_RCC_HSE_Enable
                0x08002ecc       0x3c CMakeFiles/STM32C5A3R_Project5.dir/stm32c5xx_drivers/hal/stm32c5xx_hal_rcc.c.obj
                0x08002ecc                HAL_RCC_HSE_Enable
 .text.HAL_RCC_PSIS_Enable
                0x08002f08       0x1c CMakeFiles/STM32C5A3R_Project5.dir/stm32c5xx_drivers/hal/stm32c5xx_hal_rcc.c.obj
                0x08002f08                HAL_RCC_PSIS_Enable
 .text.HAL_RCC_PSI_SetConfig
                0x08002f24       0x50 CMakeFiles/STM32C5A3R_Project5.dir/stm32c5xx_drivers/hal/stm32c5xx_hal_rcc.c.obj
                0x08002f24                HAL_RCC_PSI_SetConfig
 .text.HAL_RCC_PSI_GetConfig
                0x08002f74       0x34 CMakeFiles/STM32C5A3R_Project5.dir/stm32c5xx_drivers/hal/stm32c5xx_hal_rcc.c.obj
                0x08002f74                HAL_RCC_PSI_GetConfig
 .text.HAL_RCC_SetSYSCLKSource
                0x08002fa8       0x52 CMakeFiles/STM32C5A3R_Project5.dir/stm32c5xx_drivers/hal/stm32c5xx_hal_rcc.c.obj
                0x08002fa8                HAL_RCC_SetSYSCLKSource
 .text.HAL_RCC_GetSYSCLKSource
                0x08002ffa       0x12 CMakeFiles/STM32C5A3R_Project5.dir/stm32c5xx_drivers/hal/stm32c5xx_hal_rcc.c.obj
                0x08002ffa                HAL_RCC_GetSYSCLKSource
 .text.HAL_RCC_SetBusClockConfig
                0x0800300c       0x38 CMakeFiles/STM32C5A3R_Project5.dir/stm32c5xx_drivers/hal/stm32c5xx_hal_rcc.c.obj
                0x0800300c                HAL_RCC_SetBusClockConfig
 .text.HAL_RCC_GetPSIClockFreq
                0x08003044       0x9c CMakeFiles/STM32C5A3R_Project5.dir/stm32c5xx_drivers/hal/stm32c5xx_hal_rcc.c.obj
                0x08003044                HAL_RCC_GetPSIClockFreq
 .text.HAL_RCC_GetSYSCLKFreq
                0x080030e0       0x4c CMakeFiles/STM32C5A3R_Project5.dir/stm32c5xx_drivers/hal/stm32c5xx_hal_rcc.c.obj
                0x080030e0                HAL_RCC_GetSYSCLKFreq
 .text.HAL_RCC_GetHCLKFreq
                0x0800312c       0x20 CMakeFiles/STM32C5A3R_Project5.dir/stm32c5xx_drivers/hal/stm32c5xx_hal_rcc.c.obj
                0x0800312c                HAL_RCC_GetHCLKFreq
 .text.HAL_RCC_GetPCLK1Freq
                0x0800314c       0x24 CMakeFiles/STM32C5A3R_Project5.dir/stm32c5xx_drivers/hal/stm32c5xx_hal_rcc.c.obj
                0x0800314c                HAL_RCC_GetPCLK1Freq
 .text.HAL_RCC_GetPCLK2Freq
                0x08003170       0x24 CMakeFiles/STM32C5A3R_Project5.dir/stm32c5xx_drivers/hal/stm32c5xx_hal_rcc.c.obj
                0x08003170                HAL_RCC_GetPCLK2Freq
 .text.HAL_RCC_GetPCLK3Freq
                0x08003194       0x24 CMakeFiles/STM32C5A3R_Project5.dir/stm32c5xx_drivers/hal/stm32c5xx_hal_rcc.c.obj
                0x08003194                HAL_RCC_GetPCLK3Freq
 .text.HAL_RCC_USART1_SetKernelClkSource
                0x080031b8       0x1e CMakeFiles/STM32C5A3R_Project5.dir/stm32c5xx_drivers/hal/stm32c5xx_hal_rcc.c.obj
                0x080031b8                HAL_RCC_USART1_SetKernelClkSource
 *fill*         0x080031d6        0x2 
 .text.HAL_RCC_UART_GetKernelClkFreq
                0x080031d8       0xd0 CMakeFiles/STM32C5A3R_Project5.dir/stm32c5xx_drivers/hal/stm32c5xx_hal_rcc.c.obj
                0x080031d8                HAL_RCC_UART_GetKernelClkFreq
 .text.HAL_RCC_USART1_GetKernelClkFreq
                0x080032a8       0xbc CMakeFiles/STM32C5A3R_Project5.dir/stm32c5xx_drivers/hal/stm32c5xx_hal_rcc.c.obj
                0x080032a8                HAL_RCC_USART1_GetKernelClkFreq
 .text.HAL_RCC_USART2_GetKernelClkFreq
                0x08003364       0xc4 CMakeFiles/STM32C5A3R_Project5.dir/stm32c5xx_drivers/hal/stm32c5xx_hal_rcc.c.obj
                0x08003364                HAL_RCC_USART2_GetKernelClkFreq
 .text.HAL_RCC_USART3_GetKernelClkFreq
                0x08003428       0xc4 CMakeFiles/STM32C5A3R_Project5.dir/stm32c5xx_drivers/hal/stm32c5xx_hal_rcc.c.obj
                0x08003428                HAL_RCC_USART3_GetKernelClkFreq
 .text.HAL_RCC_UART4_GetKernelClkFreq
                0x080034ec       0xc4 CMakeFiles/STM32C5A3R_Project5.dir/stm32c5xx_drivers/hal/stm32c5xx_hal_rcc.c.obj
                0x080034ec                HAL_RCC_UART4_GetKernelClkFreq
 .text.HAL_RCC_UART5_GetKernelClkFreq
                0x080035b0       0xc4 CMakeFiles/STM32C5A3R_Project5.dir/stm32c5xx_drivers/hal/stm32c5xx_hal_rcc.c.obj
                0x080035b0                HAL_RCC_UART5_GetKernelClkFreq
 .text.HAL_RCC_USART6_GetKernelClkFreq
                0x08003674       0xc4 CMakeFiles/STM32C5A3R_Project5.dir/stm32c5xx_drivers/hal/stm32c5xx_hal_rcc.c.obj
                0x08003674                HAL_RCC_USART6_GetKernelClkFreq
 .text.HAL_RCC_UART7_GetKernelClkFreq
                0x08003738       0xc4 CMakeFiles/STM32C5A3R_Project5.dir/stm32c5xx_drivers/hal/stm32c5xx_hal_rcc.c.obj
                0x08003738                HAL_RCC_UART7_GetKernelClkFreq
 .text.HAL_RCC_LPUART1_GetKernelClkFreq
                0x080037fc       0xb0 CMakeFiles/STM32C5A3R_Project5.dir/stm32c5xx_drivers/hal/stm32c5xx_hal_rcc.c.obj
                0x080037fc                HAL_RCC_LPUART1_GetKernelClkFreq
 .text.HAL_RCC_GetSysTickExternalClkFreq
                0x080038ac       0x58 CMakeFiles/STM32C5A3R_Project5.dir/stm32c5xx_drivers/hal/stm32c5xx_hal_rcc.c.obj
                0x080038ac                HAL_RCC_GetSysTickExternalClkFreq
 .text.RCC_WaitForTimeout
                0x08003904       0x54 CMakeFiles/STM32C5A3R_Project5.dir/stm32c5xx_drivers/hal/stm32c5xx_hal_rcc.c.obj
 .text.RCC_GetDividerValue
                0x08003958      0x132 CMakeFiles/STM32C5A3R_Project5.dir/stm32c5xx_drivers/hal/stm32c5xx_hal_rcc.c.obj
 .text.LL_TIM_EnableCounter
                0x08003a8a       0x20 CMakeFiles/STM32C5A3R_Project5.dir/stm32c5xx_drivers/hal/stm32c5xx_hal_tim.c.obj
 .text.LL_TIM_EnableUpdateEvent
                0x08003aaa       0x20 CMakeFiles/STM32C5A3R_Project5.dir/stm32c5xx_drivers/hal/stm32c5xx_hal_tim.c.obj
 .text.LL_TIM_SetUpdateSource
                0x08003aca       0x26 CMakeFiles/STM32C5A3R_Project5.dir/stm32c5xx_drivers/hal/stm32c5xx_hal_tim.c.obj
 .text.LL_TIM_GetUpdateSource
                0x08003af0       0x1c CMakeFiles/STM32C5A3R_Project5.dir/stm32c5xx_drivers/hal/stm32c5xx_hal_tim.c.obj
 .text.LL_TIM_SetCounterMode
                0x08003b0c       0x26 CMakeFiles/STM32C5A3R_Project5.dir/stm32c5xx_drivers/hal/stm32c5xx_hal_tim.c.obj
 .text.LL_TIM_SetClockDivision
                0x08003b32       0x26 CMakeFiles/STM32C5A3R_Project5.dir/stm32c5xx_drivers/hal/stm32c5xx_hal_tim.c.obj
 .text.LL_TIM_SetClockDivision2
                0x08003b58       0x26 CMakeFiles/STM32C5A3R_Project5.dir/stm32c5xx_drivers/hal/stm32c5xx_hal_tim.c.obj
 .text.LL_TIM_SetCounter
                0x08003b7e       0x1c CMakeFiles/STM32C5A3R_Project5.dir/stm32c5xx_drivers/hal/stm32c5xx_hal_tim.c.obj
 .text.LL_TIM_SetPrescaler
                0x08003b9a       0x1c CMakeFiles/STM32C5A3R_Project5.dir/stm32c5xx_drivers/hal/stm32c5xx_hal_tim.c.obj
 .text.LL_TIM_SetAutoReload
                0x08003bb6       0x1c CMakeFiles/STM32C5A3R_Project5.dir/stm32c5xx_drivers/hal/stm32c5xx_hal_tim.c.obj
 .text.LL_TIM_SetRepetitionCounter
                0x08003bd2       0x1c CMakeFiles/STM32C5A3R_Project5.dir/stm32c5xx_drivers/hal/stm32c5xx_hal_tim.c.obj
 .text.LL_TIM_CC_EnableChannel
                0x08003bee       0x22 CMakeFiles/STM32C5A3R_Project5.dir/stm32c5xx_drivers/hal/stm32c5xx_hal_tim.c.obj
 .text.LL_TIM_OC_SetMode
                0x08003c10       0xd4 CMakeFiles/STM32C5A3R_Project5.dir/stm32c5xx_drivers/hal/stm32c5xx_hal_tim.c.obj
 .text.LL_TIM_OC_SetPolarity
                0x08003ce4       0xbc CMakeFiles/STM32C5A3R_Project5.dir/stm32c5xx_drivers/hal/stm32c5xx_hal_tim.c.obj
 .text.LL_TIM_OC_SetIdleState
                0x08003da0       0xbc CMakeFiles/STM32C5A3R_Project5.dir/stm32c5xx_drivers/hal/stm32c5xx_hal_tim.c.obj
 .text.LL_TIM_OC_SetOverrideState
                0x08003e5c       0xae CMakeFiles/STM32C5A3R_Project5.dir/stm32c5xx_drivers/hal/stm32c5xx_hal_tim.c.obj
 .text.LL_TIM_OC_SetBreakMode
                0x08003f0a       0xae CMakeFiles/STM32C5A3R_Project5.dir/stm32c5xx_drivers/hal/stm32c5xx_hal_tim.c.obj
 .text.LL_TIM_OC_SetCompareValue
                0x08003fb8       0x54 CMakeFiles/STM32C5A3R_Project5.dir/stm32c5xx_drivers/hal/stm32c5xx_hal_tim.c.obj
 .text.LL_TIM_IC_SetSource
                0x0800400c       0x26 CMakeFiles/STM32C5A3R_Project5.dir/stm32c5xx_drivers/hal/stm32c5xx_hal_tim.c.obj
 *fill*         0x08004032        0x2 
 .text.LL_TIM_IC_SetActiveInput
                0x08004034       0xd0 CMakeFiles/STM32C5A3R_Project5.dir/stm32c5xx_drivers/hal/stm32c5xx_hal_tim.c.obj
 .text.LL_TIM_IC_GetActiveInput
                0x08004104       0xc4 CMakeFiles/STM32C5A3R_Project5.dir/stm32c5xx_drivers/hal/stm32c5xx_hal_tim.c.obj
 .text.LL_TIM_IC_SetPrescaler
                0x080041c8       0xd0 CMakeFiles/STM32C5A3R_Project5.dir/stm32c5xx_drivers/hal/stm32c5xx_hal_tim.c.obj
 .text.LL_TIM_IC_SetFilter
                0x08004298       0xd0 CMakeFiles/STM32C5A3R_Project5.dir/stm32c5xx_drivers/hal/stm32c5xx_hal_tim.c.obj
 .text.LL_TIM_IC_SetPolarity
                0x08004368       0xbc CMakeFiles/STM32C5A3R_Project5.dir/stm32c5xx_drivers/hal/stm32c5xx_hal_tim.c.obj
 .text.LL_TIM_IC_GetCapturedValue
                0x08004424       0xac CMakeFiles/STM32C5A3R_Project5.dir/stm32c5xx_drivers/hal/stm32c5xx_hal_tim.c.obj
 .text.LL_TIM_SetClockSource
                0x080044d0       0x2a CMakeFiles/STM32C5A3R_Project5.dir/stm32c5xx_drivers/hal/stm32c5xx_hal_tim.c.obj
 *fill*         0x080044fa        0x2 
 .text.LL_TIM_GetSlaveMode
                0x080044fc       0x20 CMakeFiles/STM32C5A3R_Project5.dir/stm32c5xx_drivers/hal/stm32c5xx_hal_tim.c.obj
 .text.LL_TIM_SetTriggerInput
                0x0800451c       0x2a CMakeFiles/STM32C5A3R_Project5.dir/stm32c5xx_drivers/hal/stm32c5xx_hal_tim.c.obj
 .text.LL_TIM_EnableAllOutputs
                0x08004546       0x20 CMakeFiles/STM32C5A3R_Project5.dir/stm32c5xx_drivers/hal/stm32c5xx_hal_tim.c.obj
 .text.LL_TIM_ClearFlag_UPDATE
                0x08004566       0x1c CMakeFiles/STM32C5A3R_Project5.dir/stm32c5xx_drivers/hal/stm32c5xx_hal_tim.c.obj
 .text.LL_TIM_ClearFlag_CC1
                0x08004582       0x1c CMakeFiles/STM32C5A3R_Project5.dir/stm32c5xx_drivers/hal/stm32c5xx_hal_tim.c.obj
 .text.LL_TIM_ClearFlag_CC2
                0x0800459e       0x1c CMakeFiles/STM32C5A3R_Project5.dir/stm32c5xx_drivers/hal/stm32c5xx_hal_tim.c.obj
 .text.LL_TIM_ClearFlag_CC3
                0x080045ba       0x1c CMakeFiles/STM32C5A3R_Project5.dir/stm32c5xx_drivers/hal/stm32c5xx_hal_tim.c.obj
 .text.LL_TIM_ClearFlag_CC4
                0x080045d6       0x1c CMakeFiles/STM32C5A3R_Project5.dir/stm32c5xx_drivers/hal/stm32c5xx_hal_tim.c.obj
 .text.LL_TIM_ClearFlag_COM
                0x080045f2       0x1c CMakeFiles/STM32C5A3R_Project5.dir/stm32c5xx_drivers/hal/stm32c5xx_hal_tim.c.obj
 .text.LL_TIM_ClearFlag_TRIG
                0x0800460e       0x1c CMakeFiles/STM32C5A3R_Project5.dir/stm32c5xx_drivers/hal/stm32c5xx_hal_tim.c.obj
 .text.LL_TIM_ClearFlag_BRK
                0x0800462a       0x1c CMakeFiles/STM32C5A3R_Project5.dir/stm32c5xx_drivers/hal/stm32c5xx_hal_tim.c.obj
 .text.LL_TIM_ClearFlag_BRK2
                0x08004646       0x1c CMakeFiles/STM32C5A3R_Project5.dir/stm32c5xx_drivers/hal/stm32c5xx_hal_tim.c.obj
 .text.LL_TIM_ClearFlag_SYSBRK
                0x08004662       0x1c CMakeFiles/STM32C5A3R_Project5.dir/stm32c5xx_drivers/hal/stm32c5xx_hal_tim.c.obj
 .text.LL_TIM_ClearFlag_BG
                0x0800467e       0x1c CMakeFiles/STM32C5A3R_Project5.dir/stm32c5xx_drivers/hal/stm32c5xx_hal_tim.c.obj
 .text.LL_TIM_ClearFlag_B2G
                0x0800469a       0x1c CMakeFiles/STM32C5A3R_Project5.dir/stm32c5xx_drivers/hal/stm32c5xx_hal_tim.c.obj
 .text.LL_TIM_ClearFlag_TERR
                0x080046b6       0x1c CMakeFiles/STM32C5A3R_Project5.dir/stm32c5xx_drivers/hal/stm32c5xx_hal_tim.c.obj
 .text.LL_TIM_ClearFlag_IERR
                0x080046d2       0x1c CMakeFiles/STM32C5A3R_Project5.dir/stm32c5xx_drivers/hal/stm32c5xx_hal_tim.c.obj
 .text.LL_TIM_ClearFlag_DIR
                0x080046ee       0x1c CMakeFiles/STM32C5A3R_Project5.dir/stm32c5xx_drivers/hal/stm32c5xx_hal_tim.c.obj
 .text.LL_TIM_ClearFlag_IDX
                0x0800470a       0x1c CMakeFiles/STM32C5A3R_Project5.dir/stm32c5xx_drivers/hal/stm32c5xx_hal_tim.c.obj
 .text.LL_TIM_EnableIT
                0x08004726       0x22 CMakeFiles/STM32C5A3R_Project5.dir/stm32c5xx_drivers/hal/stm32c5xx_hal_tim.c.obj
 .text.LL_TIM_GenerateEvent_UPDATE
                0x08004748       0x20 CMakeFiles/STM32C5A3R_Project5.dir/stm32c5xx_drivers/hal/stm32c5xx_hal_tim.c.obj
 .text.TIM_SetClockSource
                0x08004768       0xcc CMakeFiles/STM32C5A3R_Project5.dir/stm32c5xx_drivers/hal/stm32c5xx_hal_tim.c.obj
 .text.TIM_SetRemap
                0x08004834       0x3e CMakeFiles/STM32C5A3R_Project5.dir/stm32c5xx_drivers/hal/stm32c5xx_hal_tim.c.obj
 .text.HAL_TIM_Init
                0x08004872       0x48 CMakeFiles/STM32C5A3R_Project5.dir/stm32c5xx_drivers/hal/stm32c5xx_hal_tim.c.obj
                0x08004872                HAL_TIM_Init
 *fill*         0x080048ba        0x2 
 .text.HAL_TIM_SetConfig
                0x080048bc      0x13c CMakeFiles/STM32C5A3R_Project5.dir/stm32c5xx_drivers/hal/stm32c5xx_hal_tim.c.obj
                0x080048bc                HAL_TIM_SetConfig
 .text.HAL_TIM_SetPeriod
                0x080049f8       0x24 CMakeFiles/STM32C5A3R_Project5.dir/stm32c5xx_drivers/hal/stm32c5xx_hal_tim.c.obj
                0x080049f8                HAL_TIM_SetPeriod
 .text.HAL_TIM_SetPrescaler
                0x08004a1c       0x24 CMakeFiles/STM32C5A3R_Project5.dir/stm32c5xx_drivers/hal/stm32c5xx_hal_tim.c.obj
                0x08004a1c                HAL_TIM_SetPrescaler
 .text.HAL_TIM_SetDTSPrescaler
                0x08004a40       0x28 CMakeFiles/STM32C5A3R_Project5.dir/stm32c5xx_drivers/hal/stm32c5xx_hal_tim.c.obj
                0x08004a40                HAL_TIM_SetDTSPrescaler
 .text.HAL_TIM_SetDTS2Prescaler
                0x08004a68       0x24 CMakeFiles/STM32C5A3R_Project5.dir/stm32c5xx_drivers/hal/stm32c5xx_hal_tim.c.obj
                0x08004a68                HAL_TIM_SetDTS2Prescaler
 .text.HAL_TIM_SetCounter
                0x08004a8c       0x24 CMakeFiles/STM32C5A3R_Project5.dir/stm32c5xx_drivers/hal/stm32c5xx_hal_tim.c.obj
                0x08004a8c                HAL_TIM_SetCounter
 .text.HAL_TIM_EnableUpdateGeneration
                0x08004ab0       0x1e CMakeFiles/STM32C5A3R_Project5.dir/stm32c5xx_drivers/hal/stm32c5xx_hal_tim.c.obj
                0x08004ab0                HAL_TIM_EnableUpdateGeneration
 .text.HAL_TIM_SetUpdateSource
                0x08004ace       0x28 CMakeFiles/STM32C5A3R_Project5.dir/stm32c5xx_drivers/hal/stm32c5xx_hal_tim.c.obj
                0x08004ace                HAL_TIM_SetUpdateSource
 *fill*         0x08004af6        0x2 
 .text.HAL_TIM_Start
                0x08004af8       0x9c CMakeFiles/STM32C5A3R_Project5.dir/stm32c5xx_drivers/hal/stm32c5xx_hal_tim.c.obj
                0x08004af8                HAL_TIM_Start
 .text.HAL_TIM_OC_SetConfigCompareUnit
                0x08004b94       0x48 CMakeFiles/STM32C5A3R_Project5.dir/stm32c5xx_drivers/hal/stm32c5xx_hal_tim.c.obj
                0x08004b94                HAL_TIM_OC_SetConfigCompareUnit
 .text.HAL_TIM_OC_SetCompareUnitPulse
                0x08004bdc       0x2c CMakeFiles/STM32C5A3R_Project5.dir/stm32c5xx_drivers/hal/stm32c5xx_hal_tim.c.obj
                0x08004bdc                HAL_TIM_OC_SetCompareUnitPulse
 .text.HAL_TIM_OC_SetConfigChannel
                0x08004c08       0xd0 CMakeFiles/STM32C5A3R_Project5.dir/stm32c5xx_drivers/hal/stm32c5xx_hal_tim.c.obj
                0x08004c08                HAL_TIM_OC_SetConfigChannel
 .text.HAL_TIM_OC_StartChannel
                0x08004cd8       0x84 CMakeFiles/STM32C5A3R_Project5.dir/stm32c5xx_drivers/hal/stm32c5xx_hal_tim.c.obj
                0x08004cd8                HAL_TIM_OC_StartChannel
 .text.HAL_TIM_IC_SetConfigChannel
                0x08004d5c       0x6c CMakeFiles/STM32C5A3R_Project5.dir/stm32c5xx_drivers/hal/stm32c5xx_hal_tim.c.obj
                0x08004d5c                HAL_TIM_IC_SetConfigChannel
 .text.HAL_TIM_IC_SetConfigCaptureUnit
                0x08004dc8       0x62 CMakeFiles/STM32C5A3R_Project5.dir/stm32c5xx_drivers/hal/stm32c5xx_hal_tim.c.obj
                0x08004dc8                HAL_TIM_IC_SetConfigCaptureUnit
 *fill*         0x08004e2a        0x2 
 .text.HAL_TIM_IC_ReadChannelCapturedValue
                0x08004e2c       0x30 CMakeFiles/STM32C5A3R_Project5.dir/stm32c5xx_drivers/hal/stm32c5xx_hal_tim.c.obj
                0x08004e2c                HAL_TIM_IC_ReadChannelCapturedValue
 .text.HAL_TIM_IC_StartChannel_IT
                0x08004e5c       0x50 CMakeFiles/STM32C5A3R_Project5.dir/stm32c5xx_drivers/hal/stm32c5xx_hal_tim.c.obj
                0x08004e5c                HAL_TIM_IC_StartChannel_IT
 .text.HAL_TIM_IRQHandler
                0x08004eac      0x22c CMakeFiles/STM32C5A3R_Project5.dir/stm32c5xx_drivers/hal/stm32c5xx_hal_tim.c.obj
                0x08004eac                HAL_TIM_IRQHandler
 .text.HAL_TIM_UpdateCallback
                0x080050d8       0x14 CMakeFiles/STM32C5A3R_Project5.dir/stm32c5xx_drivers/hal/stm32c5xx_hal_tim.c.obj
                0x080050d8                HAL_TIM_UpdateCallback
 .text.HAL_TIM_TriggerCallback
                0x080050ec       0x14 CMakeFiles/STM32C5A3R_Project5.dir/stm32c5xx_drivers/hal/stm32c5xx_hal_tim.c.obj
                0x080050ec                HAL_TIM_TriggerCallback
 .text.HAL_TIM_CompareMatchCallback
                0x08005100       0x18 CMakeFiles/STM32C5A3R_Project5.dir/stm32c5xx_drivers/hal/stm32c5xx_hal_tim.c.obj
                0x08005100                HAL_TIM_CompareMatchCallback
 .text.HAL_TIM_CommutationCallback
                0x08005118       0x14 CMakeFiles/STM32C5A3R_Project5.dir/stm32c5xx_drivers/hal/stm32c5xx_hal_tim.c.obj
                0x08005118                HAL_TIM_CommutationCallback
 .text.HAL_TIM_BreakCallback
                0x0800512c       0x14 CMakeFiles/STM32C5A3R_Project5.dir/stm32c5xx_drivers/hal/stm32c5xx_hal_tim.c.obj
                0x0800512c                HAL_TIM_BreakCallback
 .text.HAL_TIM_Break2Callback
                0x08005140       0x14 CMakeFiles/STM32C5A3R_Project5.dir/stm32c5xx_drivers/hal/stm32c5xx_hal_tim.c.obj
                0x08005140                HAL_TIM_Break2Callback
 .text.HAL_TIM_SystemBreakCallback
                0x08005154       0x14 CMakeFiles/STM32C5A3R_Project5.dir/stm32c5xx_drivers/hal/stm32c5xx_hal_tim.c.obj
                0x08005154                HAL_TIM_SystemBreakCallback
 .text.HAL_TIM_SoftwareBreakCallback
                0x08005168       0x18 CMakeFiles/STM32C5A3R_Project5.dir/stm32c5xx_drivers/hal/stm32c5xx_hal_tim.c.obj
                0x08005168                HAL_TIM_SoftwareBreakCallback
 .text.HAL_TIM_EncoderIndexCallback
                0x08005180       0x14 CMakeFiles/STM32C5A3R_Project5.dir/stm32c5xx_drivers/hal/stm32c5xx_hal_tim.c.obj
                0x08005180                HAL_TIM_EncoderIndexCallback
 .text.HAL_TIM_DirectionChangeCallback
                0x08005194       0x14 CMakeFiles/STM32C5A3R_Project5.dir/stm32c5xx_drivers/hal/stm32c5xx_hal_tim.c.obj
                0x08005194                HAL_TIM_DirectionChangeCallback
 .text.HAL_TIM_IndexErrorCallback
                0x080051a8       0x14 CMakeFiles/STM32C5A3R_Project5.dir/stm32c5xx_drivers/hal/stm32c5xx_hal_tim.c.obj
                0x080051a8                HAL_TIM_IndexErrorCallback
 .text.HAL_TIM_TransitionErrorCallback
                0x080051bc       0x14 CMakeFiles/STM32C5A3R_Project5.dir/stm32c5xx_drivers/hal/stm32c5xx_hal_tim.c.obj
                0x080051bc                HAL_TIM_TransitionErrorCallback
 .text.LL_USART_Enable
                0x080051d0       0x20 CMakeFiles/STM32C5A3R_Project5.dir/stm32c5xx_drivers/hal/stm32c5xx_hal_uart.c.obj
 .text.LL_USART_Disable
                0x080051f0       0x20 CMakeFiles/STM32C5A3R_Project5.dir/stm32c5xx_drivers/hal/stm32c5xx_hal_uart.c.obj
 .text.LL_USART_IsEnabled
                0x08005210       0x26 CMakeFiles/STM32C5A3R_Project5.dir/stm32c5xx_drivers/hal/stm32c5xx_hal_uart.c.obj
 *fill*         0x08005236        0x2 
 .text.LL_USART_ConfigXfer
                0x08005238       0x3c CMakeFiles/STM32C5A3R_Project5.dir/stm32c5xx_drivers/hal/stm32c5xx_hal_uart.c.obj
 .text.LL_USART_IsEnabledDirectionRx
                0x08005274       0x26 CMakeFiles/STM32C5A3R_Project5.dir/stm32c5xx_drivers/hal/stm32c5xx_hal_uart.c.obj
 .text.LL_USART_IsEnabledDirectionTx
                0x0800529a       0x26 CMakeFiles/STM32C5A3R_Project5.dir/stm32c5xx_drivers/hal/stm32c5xx_hal_uart.c.obj
 .text.LL_USART_SetTransferDirection
                0x080052c0       0x48 CMakeFiles/STM32C5A3R_Project5.dir/stm32c5xx_drivers/hal/stm32c5xx_hal_uart.c.obj
 .text.LL_USART_SetPrescaler
                0x08005308       0x28 CMakeFiles/STM32C5A3R_Project5.dir/stm32c5xx_drivers/hal/stm32c5xx_hal_uart.c.obj
 .text.LL_USART_SetHWFlowCtrl
                0x08005330       0x26 CMakeFiles/STM32C5A3R_Project5.dir/stm32c5xx_drivers/hal/stm32c5xx_hal_uart.c.obj
 .text.LL_USART_EnableOneBitSample
                0x08005356       0x20 CMakeFiles/STM32C5A3R_Project5.dir/stm32c5xx_drivers/hal/stm32c5xx_hal_uart.c.obj
 .text.LL_USART_DisableOneBitSample
                0x08005376       0x20 CMakeFiles/STM32C5A3R_Project5.dir/stm32c5xx_drivers/hal/stm32c5xx_hal_uart.c.obj
 *fill*         0x08005396        0x2 
 .text.LL_USART_SetBaudRate
                0x08005398       0x9c CMakeFiles/STM32C5A3R_Project5.dir/stm32c5xx_drivers/hal/stm32c5xx_hal_uart.c.obj
 .text.LL_USART_IsEnabledHalfDuplex
                0x08005434       0x26 CMakeFiles/STM32C5A3R_Project5.dir/stm32c5xx_drivers/hal/stm32c5xx_hal_uart.c.obj
 .text.LL_USART_ConfigAsyncMode
                0x0800545a       0x2c CMakeFiles/STM32C5A3R_Project5.dir/stm32c5xx_drivers/hal/stm32c5xx_hal_uart.c.obj
 .text.LL_USART_IsActiveFlag_RTO
                0x08005486       0x28 CMakeFiles/STM32C5A3R_Project5.dir/stm32c5xx_drivers/hal/stm32c5xx_hal_uart.c.obj
 .text.LL_USART_IsActiveFlag_TEACK
                0x080054ae       0x28 CMakeFiles/STM32C5A3R_Project5.dir/stm32c5xx_drivers/hal/stm32c5xx_hal_uart.c.obj
 .text.LL_USART_IsActiveFlag_REACK
                0x080054d6       0x28 CMakeFiles/STM32C5A3R_Project5.dir/stm32c5xx_drivers/hal/stm32c5xx_hal_uart.c.obj
 .text.LL_USART_ClearFlag_RTO
                0x080054fe       0x1c CMakeFiles/STM32C5A3R_Project5.dir/stm32c5xx_drivers/hal/stm32c5xx_hal_uart.c.obj
 .text.LL_USART_DisableIT_CR1
                0x0800551a       0x46 CMakeFiles/STM32C5A3R_Project5.dir/stm32c5xx_drivers/hal/stm32c5xx_hal_uart.c.obj
 .text.LL_USART_DisableIT_CR3
                0x08005560       0x4a CMakeFiles/STM32C5A3R_Project5.dir/stm32c5xx_drivers/hal/stm32c5xx_hal_uart.c.obj
 .text.LL_USART_TransmitData8
                0x080055aa       0x1e CMakeFiles/STM32C5A3R_Project5.dir/stm32c5xx_drivers/hal/stm32c5xx_hal_uart.c.obj
 .text.LL_USART_TransmitData9
                0x080055c8       0x22 CMakeFiles/STM32C5A3R_Project5.dir/stm32c5xx_drivers/hal/stm32c5xx_hal_uart.c.obj
 *fill*         0x080055ea        0x2 
 .text.LL_LPUART_DIV
                0x080055ec       0x8c CMakeFiles/STM32C5A3R_Project5.dir/stm32c5xx_drivers/hal/stm32c5xx_hal_uart.c.obj
 .text.LL_LPUART_ConfigXfer
                0x08005678       0x3c CMakeFiles/STM32C5A3R_Project5.dir/stm32c5xx_drivers/hal/stm32c5xx_hal_uart.c.obj
 .text.LL_LPUART_SetBaudRate
                0x080056b4       0x2c CMakeFiles/STM32C5A3R_Project5.dir/stm32c5xx_drivers/hal/stm32c5xx_hal_uart.c.obj
 .text.HAL_UART_Init
                0x080056e0       0x52 CMakeFiles/STM32C5A3R_Project5.dir/stm32c5xx_drivers/hal/stm32c5xx_hal_uart.c.obj
                0x080056e0                HAL_UART_Init
 *fill*         0x08005732        0x2 
 .text.HAL_UART_SetConfig
                0x08005734      0x12c CMakeFiles/STM32C5A3R_Project5.dir/stm32c5xx_drivers/hal/stm32c5xx_hal_uart.c.obj
                0x08005734                HAL_UART_SetConfig
 .text.HAL_UART_Transmit
                0x08005860      0x12c CMakeFiles/STM32C5A3R_Project5.dir/stm32c5xx_drivers/hal/stm32c5xx_hal_uart.c.obj
                0x08005860                HAL_UART_Transmit
 .text.UART_CheckEnabledState
                0x0800598c       0xb0 CMakeFiles/STM32C5A3R_Project5.dir/stm32c5xx_drivers/hal/stm32c5xx_hal_uart.c.obj
 .text.UART_WaitOnFlagUntilTimeout
                0x08005a3c       0xb6 CMakeFiles/STM32C5A3R_Project5.dir/stm32c5xx_drivers/hal/stm32c5xx_hal_uart.c.obj
 .text._kill    0x08005af2       0x20 CMakeFiles/STM32C5A3R_Project5.dir/utilities/syscalls/syscalls.c.obj
                0x08005af2                _kill
 .text._exit    0x08005b12       0x16 CMakeFiles/STM32C5A3R_Project5.dir/utilities/syscalls/syscalls.c.obj
                0x08005b12                _exit
 .text._read    0x08005b28       0x3a CMakeFiles/STM32C5A3R_Project5.dir/utilities/syscalls/syscalls.c.obj
                0x08005b28                _read
 .text._close   0x08005b62       0x18 CMakeFiles/STM32C5A3R_Project5.dir/utilities/syscalls/syscalls.c.obj
                0x08005b62                _close
 .text._fstat   0x08005b7a       0x20 CMakeFiles/STM32C5A3R_Project5.dir/utilities/syscalls/syscalls.c.obj
                0x08005b7a                _fstat
 .text._isatty  0x08005b9a       0x16 CMakeFiles/STM32C5A3R_Project5.dir/utilities/syscalls/syscalls.c.obj
                0x08005b9a                _isatty
 .text._lseek   0x08005bb0       0x1a CMakeFiles/STM32C5A3R_Project5.dir/utilities/syscalls/syscalls.c.obj
                0x08005bb0                _lseek
 *fill*         0x08005bca        0x2 
 .text._sbrk    0x08005bcc       0x6c CMakeFiles/STM32C5A3R_Project5.dir/utilities/syscalls/sysmem.c.obj
                0x08005bcc                _sbrk
 .text.printf   0x08005c38       0x24 C:/ST/STM32CubeIDE_2.1.1/STM32CubeIDE/plugins/com.st.stm32cube.ide.mcu.externaltools.gnu-tools-for-stm32.14.3.rel1.win32_1.0.100.202602081740/tools/bin/../lib/gcc/arm-none-eabi/14.3.1/../../../../arm-none-eabi/lib/thumb/v8-m.main+fp/hard\libc_nano.a(libc_a-printf.o)
                0x08005c38                iprintf
                0x08005c38                printf
 .text._puts_r  0x08005c5c       0xaa C:/ST/STM32CubeIDE_2.1.1/STM32CubeIDE/plugins/com.st.stm32cube.ide.mcu.externaltools.gnu-tools-for-stm32.14.3.rel1.win32_1.0.100.202602081740/tools/bin/../lib/gcc/arm-none-eabi/14.3.1/../../../../arm-none-eabi/lib/thumb/v8-m.main+fp/hard\libc_nano.a(libc_a-puts.o)
                0x08005c5c                _puts_r
 *fill*         0x08005d06        0x2 
 .text.puts     0x08005d08       0x10 C:/ST/STM32CubeIDE_2.1.1/STM32CubeIDE/plugins/com.st.stm32cube.ide.mcu.externaltools.gnu-tools-for-stm32.14.3.rel1.win32_1.0.100.202602081740/tools/bin/../lib/gcc/arm-none-eabi/14.3.1/../../../../arm-none-eabi/lib/thumb/v8-m.main+fp/hard\libc_nano.a(libc_a-puts.o)
                0x08005d08                puts
 .text.__swbuf_r
                0x08005d18       0x7c C:/ST/STM32CubeIDE_2.1.1/STM32CubeIDE/plugins/com.st.stm32cube.ide.mcu.externaltools.gnu-tools-for-stm32.14.3.rel1.win32_1.0.100.202602081740/tools/bin/../lib/gcc/arm-none-eabi/14.3.1/../../../../arm-none-eabi/lib/thumb/v8-m.main+fp/hard\libc_nano.a(libc_a-wbuf.o)
                0x08005d18                __swbuf_r
 .text.__swsetup_r
                0x08005d94       0xa8 C:/ST/STM32CubeIDE_2.1.1/STM32CubeIDE/plugins/com.st.stm32cube.ide.mcu.externaltools.gnu-tools-for-stm32.14.3.rel1.win32_1.0.100.202602081740/tools/bin/../lib/gcc/arm-none-eabi/14.3.1/../../../../arm-none-eabi/lib/thumb/v8-m.main+fp/hard\libc_nano.a(libc_a-wsetup.o)
                0x08005d94                __swsetup_r
 .text.__errno  0x08005e3c        0xc C:/ST/STM32CubeIDE_2.1.1/STM32CubeIDE/plugins/com.st.stm32cube.ide.mcu.externaltools.gnu-tools-for-stm32.14.3.rel1.win32_1.0.100.202602081740/tools/bin/../lib/gcc/arm-none-eabi/14.3.1/../../../../arm-none-eabi/lib/thumb/v8-m.main+fp/hard\libc_nano.a(libc_a-errno.o)
                0x08005e3c                __errno
 .text.__sfputc_r
                0x08005e48       0x2e C:/ST/STM32CubeIDE_2.1.1/STM32CubeIDE/plugins/com.st.stm32cube.ide.mcu.externaltools.gnu-tools-for-stm32.14.3.rel1.win32_1.0.100.202602081740/tools/bin/../lib/gcc/arm-none-eabi/14.3.1/../../../../arm-none-eabi/lib/thumb/v8-m.main+fp/hard\libc_nano.a(libc_a-nano-vfprintf.o)
 .text.__sfputs_r
                0x08005e76       0x24 C:/ST/STM32CubeIDE_2.1.1/STM32CubeIDE/plugins/com.st.stm32cube.ide.mcu.externaltools.gnu-tools-for-stm32.14.3.rel1.win32_1.0.100.202602081740/tools/bin/../lib/gcc/arm-none-eabi/14.3.1/../../../../arm-none-eabi/lib/thumb/v8-m.main+fp/hard\libc_nano.a(libc_a-nano-vfprintf.o)
                0x08005e76                __sfputs_r
 *fill*         0x08005e9a        0x2 
 .text._vfprintf_r
                0x08005e9c      0x228 C:/ST/STM32CubeIDE_2.1.1/STM32CubeIDE/plugins/com.st.stm32cube.ide.mcu.externaltools.gnu-tools-for-stm32.14.3.rel1.win32_1.0.100.202602081740/tools/bin/../lib/gcc/arm-none-eabi/14.3.1/../../../../arm-none-eabi/lib/thumb/v8-m.main+fp/hard\libc_nano.a(libc_a-nano-vfprintf.o)
                0x08005e9c                _vfprintf_r
                0x08005e9c                _vfiprintf_r
 .text._printf_common
                0x080060c4       0xe4 C:/ST/STM32CubeIDE_2.1.1/STM32CubeIDE/plugins/com.st.stm32cube.ide.mcu.externaltools.gnu-tools-for-stm32.14.3.rel1.win32_1.0.100.202602081740/tools/bin/../lib/gcc/arm-none-eabi/14.3.1/../../../../arm-none-eabi/lib/thumb/v8-m.main+fp/hard\libc_nano.a(libc_a-nano-vfprintf_i.o)
                0x080060c4                _printf_common
 .text._printf_i
                0x080061a8      0x24c C:/ST/STM32CubeIDE_2.1.1/STM32CubeIDE/plugins/com.st.stm32cube.ide.mcu.externaltools.gnu-tools-for-stm32.14.3.rel1.win32_1.0.100.202602081740/tools/bin/../lib/gcc/arm-none-eabi/14.3.1/../../../../arm-none-eabi/lib/thumb/v8-m.main+fp/hard\libc_nano.a(libc_a-nano-vfprintf_i.o)
                0x080061a8                _printf_i
 .text.__swhatbuf_r
                0x080063f4       0x48 C:/ST/STM32CubeIDE_2.1.1/STM32CubeIDE/plugins/com.st.stm32cube.ide.mcu.externaltools.gnu-tools-for-stm32.14.3.rel1.win32_1.0.100.202602081740/tools/bin/../lib/gcc/arm-none-eabi/14.3.1/../../../../arm-none-eabi/lib/thumb/v8-m.main+fp/hard\libc_nano.a(libc_a-makebuf.o)
                0x080063f4                __swhatbuf_r
 .text.__smakebuf_r
                0x0800643c       0x72 C:/ST/STM32CubeIDE_2.1.1/STM32CubeIDE/plugins/com.st.stm32cube.ide.mcu.externaltools.gnu-tools-for-stm32.14.3.rel1.win32_1.0.100.202602081740/tools/bin/../lib/gcc/arm-none-eabi/14.3.1/../../../../arm-none-eabi/lib/thumb/v8-m.main+fp/hard\libc_nano.a(libc_a-makebuf.o)
                0x0800643c                __smakebuf_r
 *fill*         0x080064ae        0x2 
 .text._fstat_r
                0x080064b0       0x24 C:/ST/STM32CubeIDE_2.1.1/STM32CubeIDE/plugins/com.st.stm32cube.ide.mcu.externaltools.gnu-tools-for-stm32.14.3.rel1.win32_1.0.100.202602081740/tools/bin/../lib/gcc/arm-none-eabi/14.3.1/../../../../arm-none-eabi/lib/thumb/v8-m.main+fp/hard\libc_nano.a(libc_a-fstatr.o)
                0x080064b0                _fstat_r
 .text._isatty_r
                0x080064d4       0x20 C:/ST/STM32CubeIDE_2.1.1/STM32CubeIDE/plugins/com.st.stm32cube.ide.mcu.externaltools.gnu-tools-for-stm32.14.3.rel1.win32_1.0.100.202602081740/tools/bin/../lib/gcc/arm-none-eabi/14.3.1/../../../../arm-none-eabi/lib/thumb/v8-m.main+fp/hard\libc_nano.a(libc_a-isattyr.o)
                0x080064d4                _isatty_r
 .text.memchr   0x080064f4       0x1c C:/ST/STM32CubeIDE_2.1.1/STM32CubeIDE/plugins/com.st.stm32cube.ide.mcu.externaltools.gnu-tools-for-stm32.14.3.rel1.win32_1.0.100.202602081740/tools/bin/../lib/gcc/arm-none-eabi/14.3.1/../../../../arm-none-eabi/lib/thumb/v8-m.main+fp/hard\libc_nano.a(libc_a-memchr-stub.o)
                0x080064f4                memchr
 *(.glue_7)
 .glue_7        0x08006510        0x0 linker stubs
 *(.glue_7t)
 .glue_7t       0x08006510        0x0 linker stubs
 *(.eh_frame)
 .eh_frame      0x08006510        0x0 C:/ST/STM32CubeIDE_2.1.1/STM32CubeIDE/plugins/com.st.stm32cube.ide.mcu.externaltools.gnu-tools-for-stm32.14.3.rel1.win32_1.0.100.202602081740/tools/bin/../lib/gcc/arm-none-eabi/14.3.1/thumb/v8-m.main+fp/hard/crtbegin.o
 *(.init)
 .init          0x08006510        0x4 C:/ST/STM32CubeIDE_2.1.1/STM32CubeIDE/plugins/com.st.stm32cube.ide.mcu.externaltools.gnu-tools-for-stm32.14.3.rel1.win32_1.0.100.202602081740/tools/bin/../lib/gcc/arm-none-eabi/14.3.1/thumb/v8-m.main+fp/hard/crti.o
                0x08006510                _init
 .init          0x08006514        0x8 C:/ST/STM32CubeIDE_2.1.1/STM32CubeIDE/plugins/com.st.stm32cube.ide.mcu.externaltools.gnu-tools-for-stm32.14.3.rel1.win32_1.0.100.202602081740/tools/bin/../lib/gcc/arm-none-eabi/14.3.1/thumb/v8-m.main+fp/hard/crtn.o
 *(.fini)
 .fini          0x0800651c        0x4 C:/ST/STM32CubeIDE_2.1.1/STM32CubeIDE/plugins/com.st.stm32cube.ide.mcu.externaltools.gnu-tools-for-stm32.14.3.rel1.win32_1.0.100.202602081740/tools/bin/../lib/gcc/arm-none-eabi/14.3.1/thumb/v8-m.main+fp/hard/crti.o
                0x0800651c                _fini
 .fini          0x08006520        0x8 C:/ST/STM32CubeIDE_2.1.1/STM32CubeIDE/plugins/com.st.stm32cube.ide.mcu.externaltools.gnu-tools-for-stm32.14.3.rel1.win32_1.0.100.202602081740/tools/bin/../lib/gcc/arm-none-eabi/14.3.1/thumb/v8-m.main+fp/hard/crtn.o
                0x08006528                        . = ALIGN (0x8)
                0x08006528                        _etext = .

.vfp11_veneer   0x08006528        0x0
 .vfp11_veneer  0x08006528        0x0 linker stubs

.v4_bx          0x08006528        0x0
 .v4_bx         0x08006528        0x0 linker stubs

.iplt           0x08006528        0x0
 .iplt          0x08006528        0x0 C:/ST/STM32CubeIDE_2.1.1/STM32CubeIDE/plugins/com.st.stm32cube.ide.mcu.externaltools.gnu-tools-for-stm32.14.3.rel1.win32_1.0.100.202602081740/tools/bin/../lib/gcc/arm-none-eabi/14.3.1/thumb/v8-m.main+fp/hard/crtbegin.o

.rodata         0x08006528      0x238
                0x08006528                        . = ALIGN (0x8)
 *(.rodata)
 .rodata        0x08006528      0x11c CMakeFiles/STM32C5A3R_Project5.dir/main.c.obj
 *(.rodata*)
 .rodata.AHBPrescTable
                0x08006644       0x10 CMakeFiles/STM32C5A3R_Project5.dir/user_modifiable/Device/STM32C5A3RGT6/system_stm32c5xx.c.obj
                0x08006644                AHBPrescTable
 .rodata.APBPrescTable
                0x08006654        0x8 CMakeFiles/STM32C5A3R_Project5.dir/user_modifiable/Device/STM32C5A3RGT6/system_stm32c5xx.c.obj
                0x08006654                APBPrescTable
 .rodata.LL_TIM_OFFSET_TAB_CCMRx
                0x0800665c        0xb CMakeFiles/STM32C5A3R_Project5.dir/stm32c5xx_drivers/hal/stm32c5xx_hal_tim.c.obj
 *fill*         0x08006667        0x1 
 .rodata.LL_TIM_OFFSET_TAB_CCRx
                0x08006668        0x7 CMakeFiles/STM32C5A3R_Project5.dir/stm32c5xx_drivers/hal/stm32c5xx_hal_tim.c.obj
 *fill*         0x0800666f        0x1 
 .rodata.LL_TIM_SHIFT_TAB_OCxx
                0x08006670        0xb CMakeFiles/STM32C5A3R_Project5.dir/stm32c5xx_drivers/hal/stm32c5xx_hal_tim.c.obj
 *fill*         0x0800667b        0x1 
 .rodata.LL_TIM_SHIFT_TAB_ICxx
                0x0800667c        0xb CMakeFiles/STM32C5A3R_Project5.dir/stm32c5xx_drivers/hal/stm32c5xx_hal_tim.c.obj
 *fill*         0x08006687        0x1 
 .rodata.LL_TIM_SHIFT_TAB_CCxP
                0x08006688        0xb CMakeFiles/STM32C5A3R_Project5.dir/stm32c5xx_drivers/hal/stm32c5xx_hal_tim.c.obj
 *fill*         0x08006693        0x1 
 .rodata.LL_TIM_SHIFT_TAB_OISx
                0x08006694        0xb CMakeFiles/STM32C5A3R_Project5.dir/stm32c5xx_drivers/hal/stm32c5xx_hal_tim.c.obj
 *fill*         0x0800669f        0x1 
 .rodata.ll_tim_channels
                0x080066a0       0x2c CMakeFiles/STM32C5A3R_Project5.dir/stm32c5xx_drivers/hal/stm32c5xx_hal_tim.c.obj
 .rodata.USART_PRESCALER_TAB
                0x080066cc       0x40 CMakeFiles/STM32C5A3R_Project5.dir/stm32c5xx_drivers/hal/stm32c5xx_hal_uart.c.obj
 .rodata.LL_LPUART_PRESCALER_TAB
                0x0800670c       0x20 CMakeFiles/STM32C5A3R_Project5.dir/stm32c5xx_drivers/hal/stm32c5xx_hal_uart.c.obj
 .rodata._vfprintf_r.str1.1
                0x0800672c       0x33 C:/ST/STM32CubeIDE_2.1.1/STM32CubeIDE/plugins/com.st.stm32cube.ide.mcu.externaltools.gnu-tools-for-stm32.14.3.rel1.win32_1.0.100.202602081740/tools/bin/../lib/gcc/arm-none-eabi/14.3.1/../../../../arm-none-eabi/lib/thumb/v8-m.main+fp/hard\libc_nano.a(libc_a-nano-vfprintf.o)
                                 0x11 (size before relaxing)
 .rodata._printf_i.str1.1
                0x0800675f       0x22 C:/ST/STM32CubeIDE_2.1.1/STM32CubeIDE/plugins/com.st.stm32cube.ide.mcu.externaltools.gnu-tools-for-stm32.14.3.rel1.win32_1.0.100.202602081740/tools/bin/../lib/gcc/arm-none-eabi/14.3.1/../../../../arm-none-eabi/lib/thumb/v8-m.main+fp/hard\libc_nano.a(libc_a-nano-vfprintf_i.o)
                0x08006788                        . = ALIGN (0x8)
 *fill*         0x0800675f        0x1 

.ARM.extab      0x08006760        0x0
                0x08006760                        . = ALIGN (0x8)
 *(.ARM.extab* .gnu.linkonce.armextab.*)
                0x08006760                        . = ALIGN (0x8)

.ARM            0x08006760        0x8
                0x08006760                        . = ALIGN (0x8)
                0x08006760                        __exidx_start = .
 *(.ARM.exidx*)
 .ARM.exidx     0x08006760        0x8 C:/ST/STM32CubeIDE_2.1.1/STM32CubeIDE/plugins/com.st.stm32cube.ide.mcu.externaltools.gnu-tools-for-stm32.14.3.rel1.win32_1.0.100.202602081740/tools/bin/../lib/gcc/arm-none-eabi/14.3.1/../../../../arm-none-eabi/lib/thumb/v8-m.main+fp/hard/crt0.o
                                 0x10 (size before relaxing)
 .ARM.exidx     0x08006768        0x0 C:/ST/STM32CubeIDE_2.1.1/STM32CubeIDE/plugins/com.st.stm32cube.ide.mcu.externaltools.gnu-tools-for-stm32.14.3.rel1.win32_1.0.100.202602081740/tools/bin/../lib/gcc/arm-none-eabi/14.3.1/thumb/v8-m.main+fp/hard\libgcc.a(_udivmoddi4.o)
                                  0x8 (size before relaxing)
                0x08006768                        __exidx_end = .
                0x08006768                        . = ALIGN (0x8)

.preinit_array  0x08006768        0x0
                0x08006768                        . = ALIGN (0x8)
                0x08006768                        PROVIDE (__preinit_array_start = .)
 *(.preinit_array*)
                0x08006768                        PROVIDE (__preinit_array_end = .)
                0x08006768                        . = ALIGN (0x8)

.init_array     0x08006768        0x8
                0x08006768                        . = ALIGN (0x8)
                0x08006768                        PROVIDE (__init_array_start = .)
 *(SORT_BY_NAME(.init_array.*))
 *(.init_array*)
 .init_array    0x08006768        0x4 C:/ST/STM32CubeIDE_2.1.1/STM32CubeIDE/plugins/com.st.stm32cube.ide.mcu.externaltools.gnu-tools-for-stm32.14.3.rel1.win32_1.0.100.202602081740/tools/bin/../lib/gcc/arm-none-eabi/14.3.1/thumb/v8-m.main+fp/hard/crtbegin.o
                0x0800676c                        PROVIDE (__init_array_end = .)
                0x08006770                        . = ALIGN (0x8)
 *fill*         0x0800676c        0x4 

.fini_array     0x08006770        0x8
                0x08006770                        . = ALIGN (0x8)
                [!provide]                        PROVIDE (__fini_array_start = .)
 *(SORT_BY_NAME(.fini_array.*))
 *(.fini_array*)
 .fini_array    0x08006770        0x4 C:/ST/STM32CubeIDE_2.1.1/STM32CubeIDE/plugins/com.st.stm32cube.ide.mcu.externaltools.gnu-tools-for-stm32.14.3.rel1.win32_1.0.100.202602081740/tools/bin/../lib/gcc/arm-none-eabi/14.3.1/thumb/v8-m.main+fp/hard/crtbegin.o
                [!provide]                        PROVIDE (__fini_array_end = .)
                0x08006778                        . = ALIGN (0x8)
 *fill*         0x08006774        0x4 

.copy.table     0x08006778        0xc
                0x08006778                        . = ALIGN (0x8)
                0x08006778                        __copy_table_start__ = .
                0x08006778        0x4 LONG 0x8006790 LOADADDR (.data)
                0x0800677c        0x4 LONG 0x20000000 ADDR (.data)
                0x08006780        0x4 LONG 0x1a (SIZEOF (.data) / 0x4)
                0x08006784                        __copy_table_end__ = .

.zero.table     0x08006784        0xc
                0x08006788                        . = ALIGN (0x8)
 *fill*         0x08006784        0x4 
                0x08006788                        __zero_table_start__ = .
                0x08006788        0x4 LONG 0x20000068 ADDR (.bss)
                0x0800678c        0x4 LONG 0x92 (SIZEOF (.bss) / 0x4)
                0x08006790                        __zero_table_end__ = .

.rel.dyn        0x08006790        0x0
 .rel.iplt      0x08006790        0x0 C:/ST/STM32CubeIDE_2.1.1/STM32CubeIDE/plugins/com.st.stm32cube.ide.mcu.externaltools.gnu-tools-for-stm32.14.3.rel1.win32_1.0.100.202602081740/tools/bin/../lib/gcc/arm-none-eabi/14.3.1/thumb/v8-m.main+fp/hard/crtbegin.o

.data           0x20000000       0x68 load address 0x08006790
                0x20000000                        . = ALIGN (0x8)
                0x08006790                        _sidata = LOADADDR (.data)
                0x20000000                        __data_start__ = .
                0x20000000                        _sdata = .
 *(.data)
 *(.data*)
 .data.__sglue  0x20000000        0xc C:/ST/STM32CubeIDE_2.1.1/STM32CubeIDE/plugins/com.st.stm32cube.ide.mcu.externaltools.gnu-tools-for-stm32.14.3.rel1.win32_1.0.100.202602081740/tools/bin/../lib/gcc/arm-none-eabi/14.3.1/../../../../arm-none-eabi/lib/thumb/v8-m.main+fp/hard\libc_nano.a(libc_a-findfp.o)
                0x20000000                __sglue
 .data._impure_ptr
                0x2000000c        0x4 C:/ST/STM32CubeIDE_2.1.1/STM32CubeIDE/plugins/com.st.stm32cube.ide.mcu.externaltools.gnu-tools-for-stm32.14.3.rel1.win32_1.0.100.202602081740/tools/bin/../lib/gcc/arm-none-eabi/14.3.1/../../../../arm-none-eabi/lib/thumb/v8-m.main+fp/hard\libc_nano.a(libc_a-impure.o)
                0x2000000c                _impure_ptr
 .data._impure_data
                0x20000010       0x4c C:/ST/STM32CubeIDE_2.1.1/STM32CubeIDE/plugins/com.st.stm32cube.ide.mcu.externaltools.gnu-tools-for-stm32.14.3.rel1.win32_1.0.100.202602081740/tools/bin/../lib/gcc/arm-none-eabi/14.3.1/../../../../arm-none-eabi/lib/thumb/v8-m.main+fp/hard\libc_nano.a(libc_a-impure.o)
                0x20000010                _impure_data
 .data.SystemCoreClock
                0x2000005c        0x4 CMakeFiles/STM32C5A3R_Project5.dir/user_modifiable/Device/STM32C5A3RGT6/system_stm32c5xx.c.obj
                0x2000005c                SystemCoreClock
 .data.uwTickPrio
                0x20000060        0x4 CMakeFiles/STM32C5A3R_Project5.dir/stm32c5xx_drivers/hal/stm32c5xx_hal.c.obj
                0x20000060                uwTickPrio
 .data.uwTickFreq
                0x20000064        0x1 CMakeFiles/STM32C5A3R_Project5.dir/stm32c5xx_drivers/hal/stm32c5xx_hal.c.obj
                0x20000064                uwTickFreq
                0x20000068                        . = ALIGN (0x8)
 *fill*         0x20000065        0x3 
                0x20000068                        _edata = .

.igot.plt       0x20000068        0x0 load address 0x080067f8
 .igot.plt      0x20000068        0x0 C:/ST/STM32CubeIDE_2.1.1/STM32CubeIDE/plugins/com.st.stm32cube.ide.mcu.externaltools.gnu-tools-for-stm32.14.3.rel1.win32_1.0.100.202602081740/tools/bin/../lib/gcc/arm-none-eabi/14.3.1/thumb/v8-m.main+fp/hard/crtbegin.o

.bss            0x20000068      0x248 load address 0x080067f8
                0x20000068                        . = ALIGN (0x8)
                0x20000068                        _sbss = .
                0x20000068                        __bss_start__ = _sbss
 *(.bss)
 .bss           0x20000068       0x1c C:/ST/STM32CubeIDE_2.1.1/STM32CubeIDE/plugins/com.st.stm32cube.ide.mcu.externaltools.gnu-tools-for-stm32.14.3.rel1.win32_1.0.100.202602081740/tools/bin/../lib/gcc/arm-none-eabi/14.3.1/thumb/v8-m.main+fp/hard/crtbegin.o
 *(.bss*)
 .bss.__sf      0x20000084      0x138 C:/ST/STM32CubeIDE_2.1.1/STM32CubeIDE/plugins/com.st.stm32cube.ide.mcu.externaltools.gnu-tools-for-stm32.14.3.rel1.win32_1.0.100.202602081740/tools/bin/../lib/gcc/arm-none-eabi/14.3.1/../../../../arm-none-eabi/lib/thumb/v8-m.main+fp/hard\libc_nano.a(libc_a-findfp.o)
                0x20000084                __sf
 .bss.__stdio_exit_handler
                0x200001bc        0x4 C:/ST/STM32CubeIDE_2.1.1/STM32CubeIDE/plugins/com.st.stm32cube.ide.mcu.externaltools.gnu-tools-for-stm32.14.3.rel1.win32_1.0.100.202602081740/tools/bin/../lib/gcc/arm-none-eabi/14.3.1/../../../../arm-none-eabi/lib/thumb/v8-m.main+fp/hard\libc_nano.a(libc_a-findfp.o)
                0x200001bc                __stdio_exit_handler
 .bss.errno     0x200001c0        0x4 C:/ST/STM32CubeIDE_2.1.1/STM32CubeIDE/plugins/com.st.stm32cube.ide.mcu.externaltools.gnu-tools-for-stm32.14.3.rel1.win32_1.0.100.202602081740/tools/bin/../lib/gcc/arm-none-eabi/14.3.1/../../../../arm-none-eabi/lib/thumb/v8-m.main+fp/hard\libc_nano.a(libc_a-reent.o)
                0x200001c0                errno
 .bss.__lock___malloc_recursive_mutex
                0x200001c4        0x1 C:/ST/STM32CubeIDE_2.1.1/STM32CubeIDE/plugins/com.st.stm32cube.ide.mcu.externaltools.gnu-tools-for-stm32.14.3.rel1.win32_1.0.100.202602081740/tools/bin/../lib/gcc/arm-none-eabi/14.3.1/../../../../arm-none-eabi/lib/thumb/v8-m.main+fp/hard\libc_nano.a(libc_a-lock.o)
                0x200001c4                __lock___malloc_recursive_mutex
 .bss.__lock___sfp_recursive_mutex
                0x200001c5        0x1 C:/ST/STM32CubeIDE_2.1.1/STM32CubeIDE/plugins/com.st.stm32cube.ide.mcu.externaltools.gnu-tools-for-stm32.14.3.rel1.win32_1.0.100.202602081740/tools/bin/../lib/gcc/arm-none-eabi/14.3.1/../../../../arm-none-eabi/lib/thumb/v8-m.main+fp/hard\libc_nano.a(libc_a-lock.o)
                0x200001c5                __lock___sfp_recursive_mutex
 *fill*         0x200001c6        0x2 
 .bss.__malloc_sbrk_start
                0x200001c8        0x4 C:/ST/STM32CubeIDE_2.1.1/STM32CubeIDE/plugins/com.st.stm32cube.ide.mcu.externaltools.gnu-tools-for-stm32.14.3.rel1.win32_1.0.100.202602081740/tools/bin/../lib/gcc/arm-none-eabi/14.3.1/../../../../arm-none-eabi/lib/thumb/v8-m.main+fp/hard\libc_nano.a(libc_a-mallocr.o)
                0x200001c8                __malloc_sbrk_start
 .bss.__malloc_free_list