Archive member included to satisfy reference by file (symbol)

C:/ST/STM32CubeIDE_2.1.1/STM32CubeIDE/plugins/com.st.stm32cube.ide.mcu.externaltools.gnu-tools-for-stm32.14.3.rel1.win32_1.0.100.202602081740/tools/bin/../lib/gcc/arm-none-eabi/14.3.1/../../../../arm-none-eabi/lib/thumb/v8-m.main+fp/hard\libc_nano.a(libc_a-exit.o)
                              C:/ST/STM32CubeIDE_2.1.1/STM32CubeIDE/plugins/com.st.stm32cube.ide.mcu.externaltools.gnu-tools-for-stm32.14.3.rel1.win32_1.0.100.202602081740/tools/bin/../lib/gcc/arm-none-eabi/14.3.1/../../../../arm-none-eabi/lib/thumb/v8-m.main+fp/hard/crt0.o (exit)
C:/ST/STM32CubeIDE_2.1.1/STM32CubeIDE/plugins/com.st.stm32cube.ide.mcu.externaltools.gnu-tools-for-stm32.14.3.rel1.win32_1.0.100.202602081740/tools/bin/../lib/gcc/arm-none-eabi/14.3.1/../../../../arm-none-eabi/lib/thumb/v8-m.main+fp/hard\libc_nano.a(libc_a-findfp.o)
                              C:/ST/STM32CubeIDE_2.1.1/STM32CubeIDE/plugins/com.st.stm32cube.ide.mcu.externaltools.gnu-tools-for-stm32.14.3.rel1.win32_1.0.100.202602081740/tools/bin/../lib/gcc/arm-none-eabi/14.3.1/../../../../arm-none-eabi/lib/thumb/v8-m.main+fp/hard\libc_nano.a(libc_a-exit.o) (__stdio_exit_handler)
C:/ST/STM32CubeIDE_2.1.1/STM32CubeIDE/plugins/com.st.stm32cube.ide.mcu.externaltools.gnu-tools-for-stm32.14.3.rel1.win32_1.0.100.202602081740/tools/bin/../lib/gcc/arm-none-eabi/14.3.1/../../../../arm-none-eabi/lib/thumb/v8-m.main+fp/hard\libc_nano.a(libc_a-fwalk.o)
                              C:/ST/STM32CubeIDE_2.1.1/STM32CubeIDE/plugins/com.st.stm32cube.ide.mcu.externaltools.gnu-tools-for-stm32.14.3.rel1.win32_1.0.100.202602081740/tools/bin/../lib/gcc/arm-none-eabi/14.3.1/../../../../arm-none-eabi/lib/thumb/v8-m.main+fp/hard\libc_nano.a(libc_a-findfp.o) (_fwalk_sglue)
C:/ST/STM32CubeIDE_2.1.1/STM32CubeIDE/plugins/com.st.stm32cube.ide.mcu.externaltools.gnu-tools-for-stm32.14.3.rel1.win32_1.0.100.202602081740/tools/bin/../lib/gcc/arm-none-eabi/14.3.1/../../../../arm-none-eabi/lib/thumb/v8-m.main+fp/hard\libc_nano.a(libc_a-stdio.o)
                              C:/ST/STM32CubeIDE_2.1.1/STM32CubeIDE/plugins/com.st.stm32cube.ide.mcu.externaltools.gnu-tools-for-stm32.14.3.rel1.win32_1.0.100.202602081740/tools/bin/../lib/gcc/arm-none-eabi/14.3.1/../../../../arm-none-eabi/lib/thumb/v8-m.main+fp/hard\libc_nano.a(libc_a-findfp.o) (__sread)
C:/ST/STM32CubeIDE_2.1.1/STM32CubeIDE/plugins/com.st.stm32cube.ide.mcu.externaltools.gnu-tools-for-stm32.14.3.rel1.win32_1.0.100.202602081740/tools/bin/../lib/gcc/arm-none-eabi/14.3.1/../../../../arm-none-eabi/lib/thumb/v8-m.main+fp/hard\libc_nano.a(libc_a-memset.o)
                              C:/ST/STM32CubeIDE_2.1.1/STM32CubeIDE/plugins/com.st.stm32cube.ide.mcu.externaltools.gnu-tools-for-stm32.14.3.rel1.win32_1.0.100.202602081740/tools/bin/../lib/gcc/arm-none-eabi/14.3.1/../../../../arm-none-eabi/lib/thumb/v8-m.main+fp/hard/crt0.o (memset)
C:/ST/STM32CubeIDE_2.1.1/STM32CubeIDE/plugins/com.st.stm32cube.ide.mcu.externaltools.gnu-tools-for-stm32.14.3.rel1.win32_1.0.100.202602081740/tools/bin/../lib/gcc/arm-none-eabi/14.3.1/../../../../arm-none-eabi/lib/thumb/v8-m.main+fp/hard\libc_nano.a(libc_a-closer.o)
                              C:/ST/STM32CubeIDE_2.1.1/STM32CubeIDE/plugins/com.st.stm32cube.ide.mcu.externaltools.gnu-tools-for-stm32.14.3.rel1.win32_1.0.100.202602081740/tools/bin/../lib/gcc/arm-none-eabi/14.3.1/../../../../arm-none-eabi/lib/thumb/v8-m.main+fp/hard\libc_nano.a(libc_a-stdio.o) (_close_r)
C:/ST/STM32CubeIDE_2.1.1/STM32CubeIDE/plugins/com.st.stm32cube.ide.mcu.externaltools.gnu-tools-for-stm32.14.3.rel1.win32_1.0.100.202602081740/tools/bin/../lib/gcc/arm-none-eabi/14.3.1/../../../../arm-none-eabi/lib/thumb/v8-m.main+fp/hard\libc_nano.a(libc_a-reent.o)
                              C:/ST/STM32CubeIDE_2.1.1/STM32CubeIDE/plugins/com.st.stm32cube.ide.mcu.externaltools.gnu-tools-for-stm32.14.3.rel1.win32_1.0.100.202602081740/tools/bin/../lib/gcc/arm-none-eabi/14.3.1/../../../../arm-none-eabi/lib/thumb/v8-m.main+fp/hard\libc_nano.a(libc_a-closer.o) (errno)
C:/ST/STM32CubeIDE_2.1.1/STM32CubeIDE/plugins/com.st.stm32cube.ide.mcu.externaltools.gnu-tools-for-stm32.14.3.rel1.win32_1.0.100.202602081740/tools/bin/../lib/gcc/arm-none-eabi/14.3.1/../../../../arm-none-eabi/lib/thumb/v8-m.main+fp/hard\libc_nano.a(libc_a-impure.o)
                              C:/ST/STM32CubeIDE_2.1.1/STM32CubeIDE/plugins/com.st.stm32cube.ide.mcu.externaltools.gnu-tools-for-stm32.14.3.rel1.win32_1.0.100.202602081740/tools/bin/../lib/gcc/arm-none-eabi/14.3.1/../../../../arm-none-eabi/lib/thumb/v8-m.main+fp/hard\libc_nano.a(libc_a-reent.o) (_impure_ptr)
C:/ST/STM32CubeIDE_2.1.1/STM32CubeIDE/plugins/com.st.stm32cube.ide.mcu.externaltools.gnu-tools-for-stm32.14.3.rel1.win32_1.0.100.202602081740/tools/bin/../lib/gcc/arm-none-eabi/14.3.1/../../../../arm-none-eabi/lib/thumb/v8-m.main+fp/hard\libc_nano.a(libc_a-lseekr.o)
[...]
Memory Configuration

Name             Origin             Length             Attributes
ROM              0x08000000         0x00100000         xr
RAM              0x20000000         0x00040000         xrw
*default*        0x00000000         0xffffffff

Linker script and memory map

LOAD C:/ST/STM32CubeIDE_2.1.1/STM32CubeIDE/plugins/com.st.stm32cube.ide.mcu.externaltools.gnu-tools-for-stm32.14.3.rel1.win32_1.0.100.202602081740/tools/bin/../lib/gcc/arm-none-eabi/14.3.1/thumb/v8-m.main+fp/hard/crti.o
LOAD C:/ST/STM32CubeIDE_2.1.1/STM32CubeIDE/plugins/com.st.stm32cube.ide.mcu.externaltools.gnu-tools-for-stm32.14.3.rel1.win32_1.0.100.202602081740/tools/bin/../lib/gcc/arm-none-eabi/14.3.1/thumb/v8-m.main+fp/hard/crtbegin.o
LOAD C:/ST/STM32CubeIDE_2.1.1/STM32CubeIDE/plugins/com.st.stm32cube.ide.mcu.externaltools.gnu-tools-for-stm32.14.3.rel1.win32_1.0.100.202602081740/tools/bin/../lib/gcc/arm-none-eabi/14.3.1/../../../../arm-none-eabi/lib/thumb/v8-m.main+fp/hard/crt0.o
START GROUP
LOAD C:/ST/STM32CubeIDE_2.1.1/STM32CubeIDE/plugins/com.st.stm32cube.ide.mcu.externaltools.gnu-tools-for-stm32.14.3.rel1.win32_1.0.100.202602081740/tools/bin/../lib/gcc/arm-none-eabi/14.3.1/../../../../arm-none-eabi/lib/thumb/v8-m.main+fp/hard\libc_nano.a
LOAD C:/ST/STM32CubeIDE_2.1.1/STM32CubeIDE/plugins/com.st.stm32cube.ide.mcu.externaltools.gnu-tools-for-stm32.14.3.rel1.win32_1.0.100.202602081740/tools/bin/../lib/gcc/arm-none-eabi/14.3.1/../../../../arm-none-eabi/lib/thumb/v8-m.main+fp/hard\libm.a
END GROUP
LOAD CMakeFiles/STM32C5A3R_Project4.dir/main.c.obj
LOAD CMakeFiles/STM32C5A3R_Project4.dir/generated/hal/mx_cortex_debug.c.obj
LOAD CMakeFiles/STM32C5A3R_Project4.dir/generated/hal/mx_cortex_mpu.c.obj
LOAD CMakeFiles/STM32C5A3R_Project4.dir/generated/hal/mx_cortex_nvic.c.obj
LOAD CMakeFiles/STM32C5A3R_Project4.dir/generated/hal/mx_icache.c.obj
LOAD CMakeFiles/STM32C5A3R_Project4.dir/generated/hal/mx_rcc.c.obj
LOAD CMakeFiles/STM32C5A3R_Project4.dir/generated/hal/mx_system.c.obj
LOAD CMakeFiles/STM32C5A3R_Project4.dir/generated/hal/mx_tim1.c.obj
LOAD CMakeFiles/STM32C5A3R_Project4.dir/user_modifiable/Device/STM32C5A3RGT6/system_stm32c5xx.c.obj
LOAD CMakeFiles/STM32C5A3R_Project4.dir/user_modifiable/Device/STM32C5A3RGT6/startup_stm32c5a3xx.c.obj
LOAD CMakeFiles/STM32C5A3R_Project4.dir/stm32c5xx_drivers/hal/stm32c5xx_hal.c.obj
LOAD CMakeFiles/STM32C5A3R_Project4.dir/stm32c5xx_drivers/hal/stm32c5xx_hal_cortex.c.obj
LOAD CMakeFiles/STM32C5A3R_Project4.dir/stm32c5xx_drivers/hal/stm32c5xx_hal_dma.c.obj
LOAD CMakeFiles/STM32C5A3R_Project4.dir/stm32c5xx_drivers/hal/stm32c5xx_hal_flash_itf.c.obj
LOAD CMakeFiles/STM32C5A3R_Project4.dir/stm32c5xx_drivers/hal/stm32c5xx_hal_gpio.c.obj
LOAD CMakeFiles/STM32C5A3R_Project4.dir/stm32c5xx_drivers/hal/stm32c5xx_hal_icache.c.obj
LOAD CMakeFiles/STM32C5A3R_Project4.dir/stm32c5xx_drivers/hal/stm32c5xx_hal_pwr.c.obj
LOAD CMakeFiles/STM32C5A3R_Project4.dir/stm32c5xx_drivers/hal/stm32c5xx_hal_q.c.obj
LOAD CMakeFiles/STM32C5A3R_Project4.dir/stm32c5xx_drivers/hal/stm32c5xx_hal_rcc.c.obj
LOAD CMakeFiles/STM32C5A3R_Project4.dir/stm32c5xx_drivers/hal/stm32c5xx_hal_tim.c.obj
LOAD CMakeFiles/STM32C5A3R_Project4.dir/utilities/syscalls/syscalls.c.obj
LOAD CMakeFiles/STM32C5A3R_Project4.dir/utilities/syscalls/sysmem.c.obj
START GROUP
LOAD C:/ST/STM32CubeIDE_2.1.1/STM32CubeIDE/plugins/com.st.stm32cube.ide.mcu.externaltools.gnu-tools-for-stm32.14.3.rel1.win32_1.0.100.202602081740/tools/bin/../lib/gcc/arm-none-eabi/14.3.1/thumb/v8-m.main+fp/hard\libgcc.a
LOAD C:/ST/STM32CubeIDE_2.1.1/STM32CubeIDE/plugins/com.st.stm32cube.ide.mcu.externaltools.gnu-tools-for-stm32.14.3.rel1.win32_1.0.100.202602081740/tools/bin/../lib/gcc/arm-none-eabi/14.3.1/../../../../arm-none-eabi/lib/thumb/v8-m.main+fp/hard\libc_nano.a
END GROUP
START GROUP
LOAD C:/ST/STM32CubeIDE_2.1.1/STM32CubeIDE/plugins/com.st.stm32cube.ide.mcu.externaltools.gnu-tools-for-stm32.14.3.rel1.win32_1.0.100.202602081740/tools/bin/../lib/gcc/arm-none-eabi/14.3.1/thumb/v8-m.main+fp/hard\libgcc.a
LOAD C:/ST/STM32CubeIDE_2.1.1/STM32CubeIDE/plugins/com.st.stm32cube.ide.mcu.externaltools.gnu-tools-for-stm32.14.3.rel1.win32_1.0.100.202602081740/tools/bin/../lib/gcc/arm-none-eabi/14.3.1/../../../../arm-none-eabi/lib/thumb/v8-m.main+fp/hard\libc_nano.a
LOAD C:/ST/STM32CubeIDE_2.1.1/STM32CubeIDE/plugins/com.st.stm32cube.ide.mcu.externaltools.gnu-tools-for-stm32.14.3.rel1.win32_1.0.100.202602081740/tools/bin/../lib/gcc/arm-none-eabi/14.3.1/../../../../arm-none-eabi/lib/thumb/v8-m.main+fp/hard\libnosys.a
END GROUP
START GROUP
LOAD C:/ST/STM32CubeIDE_2.1.1/STM32CubeIDE/plugins/com.st.stm32cube.ide.mcu.externaltools.gnu-tools-for-stm32.14.3.rel1.win32_1.0.100.202602081740/tools/bin/../lib/gcc/arm-none-eabi/14.3.1/thumb/v8-m.main+fp/hard\libgcc.a
LOAD C:/ST/STM32CubeIDE_2.1.1/STM32CubeIDE/plugins/com.st.stm32cube.ide.mcu.externaltools.gnu-tools-for-stm32.14.3.rel1.win32_1.0.100.202602081740/tools/bin/../lib/gcc/arm-none-eabi/14.3.1/../../../../arm-none-eabi/lib/thumb/v8-m.main+fp/hard\libc_nano.a
LOAD C:/ST/STM32CubeIDE_2.1.1/STM32CubeIDE/plugins/com.st.stm32cube.ide.mcu.externaltools.gnu-tools-for-stm32.14.3.rel1.win32_1.0.100.202602081740/tools/bin/../lib/gcc/arm-none-eabi/14.3.1/../../../../arm-none-eabi/lib/thumb/v8-m.main+fp/hard\libnosys.a
END GROUP
LOAD C:/ST/STM32CubeIDE_2.1.1/STM32CubeIDE/plugins/com.st.stm32cube.ide.mcu.externaltools.gnu-tools-for-stm32.14.3.rel1.win32_1.0.100.202602081740/tools/bin/../lib/gcc/arm-none-eabi/14.3.1/thumb/v8-m.main+fp/hard/crtend.o
LOAD C:/ST/STM32CubeIDE_2.1.1/STM32CubeIDE/plugins/com.st.stm32cube.ide.mcu.externaltools.gnu-tools-for-stm32.14.3.rel1.win32_1.0.100.202602081740/tools/bin/../lib/gcc/arm-none-eabi/14.3.1/thumb/v8-m.main+fp/hard/crtn.o
                0x00000200                        HEAP_SIZE = 0x200
                0x00000400                        STACK_SIZE = 0x400

.vectors        0x08000000      0x1d0
                0x08000000                        . = ALIGN (0x8)
 *(.vectors)
 .vectors       0x08000000      0x1cc CMakeFiles/STM32C5A3R_Project4.dir/user_modifiable/Device/STM32C5A3RGT6/startup_stm32c5a3xx.c.obj
                0x08000000                __Vectors
                0x080001d0                        . = ALIGN (0x8)
 *fill*         0x080001cc        0x4 

.text           0x080001d0     0x3988
                0x080001d0                        . = ALIGN (0x8)
 *(.text)
 .text          0x080001d0       0x40 C:/ST/STM32CubeIDE_2.1.1/STM32CubeIDE/plugins/com.st.stm32cube.ide.mcu.externaltools.gnu-tools-for-stm32.14.3.rel1.win32_1.0.100.202602081740/tools/bin/../lib/gcc/arm-none-eabi/14.3.1/thumb/v8-m.main+fp/hard/crtbegin.o
 .text          0x08000210       0x7c C:/ST/STM32CubeIDE_2.1.1/STM32CubeIDE/plugins/com.st.stm32cube.ide.mcu.externaltools.gnu-tools-for-stm32.14.3.rel1.win32_1.0.100.202602081740/tools/bin/../lib/gcc/arm-none-eabi/14.3.1/../../../../arm-none-eabi/lib/thumb/v8-m.main+fp/hard/crt0.o
                0x08000210                _stack_init
                0x08000218                _start
                0x08000218                _mainCRTStartup
 *(.text*)
 .text.exit     0x0800028c       0x24 C:/ST/STM32CubeIDE_2.1.1/STM32CubeIDE/plugins/com.st.stm32cube.ide.mcu.externaltools.gnu-tools-for-stm32.14.3.rel1.win32_1.0.100.202602081740/tools/bin/../lib/gcc/arm-none-eabi/14.3.1/../../../../arm-none-eabi/lib/thumb/v8-m.main+fp/hard\libc_nano.a(libc_a-exit.o)
                0x0800028c                exit
 .text.std      0x080002b0       0x6c C:/ST/STM32CubeIDE_2.1.1/STM32CubeIDE/plugins/com.st.stm32cube.ide.mcu.externaltools.gnu-tools-for-stm32.14.3.rel1.win32_1.0.100.202602081740/tools/bin/../lib/gcc/arm-none-eabi/14.3.1/../../../../arm-none-eabi/lib/thumb/v8-m.main+fp/hard\libc_nano.a(libc_a-findfp.o)
 .text.stdio_exit_handler
                0x0800031c       0x18 C:/ST/STM32CubeIDE_2.1.1/STM32CubeIDE/plugins/com.st.stm32cube.ide.mcu.externaltools.gnu-tools-for-stm32.14.3.rel1.win32_1.0.100.202602081740/tools/bin/../lib/gcc/arm-none-eabi/14.3.1/../../../../arm-none-eabi/lib/thumb/v8-m.main+fp/hard\libc_nano.a(libc_a-findfp.o)
 .text.cleanup_stdio
                0x08000334       0x40 C:/ST/STM32CubeIDE_2.1.1/STM32CubeIDE/plugins/com.st.stm32cube.ide.mcu.externaltools.gnu-tools-for-stm32.14.3.rel1.win32_1.0.100.202602081740/tools/bin/../lib/gcc/arm-none-eabi/14.3.1/../../../../arm-none-eabi/lib/thumb/v8-m.main+fp/hard\libc_nano.a(libc_a-findfp.o)
 .text.global_stdio_init.part.0
                0x08000374       0x40 C:/ST/STM32CubeIDE_2.1.1/STM32CubeIDE/plugins/com.st.stm32cube.ide.mcu.externaltools.gnu-tools-for-stm32.14.3.rel1.win32_1.0.100.202602081740/tools/bin/../lib/gcc/arm-none-eabi/14.3.1/../../../../arm-none-eabi/lib/thumb/v8-m.main+fp/hard\libc_nano.a(libc_a-findfp.o)
 .text.__sfp_lock_acquire
                0x080003b4        0xc C:/ST/STM32CubeIDE_2.1.1/STM32CubeIDE/plugins/com.st.stm32cube.ide.mcu.externaltools.gnu-tools-for-stm32.14.3.rel1.win32_1.0.100.202602081740/tools/bin/../lib/gcc/arm-none-eabi/14.3.1/../../../../arm-none-eabi/lib/thumb/v8-m.main+fp/hard\libc_nano.a(libc_a-findfp.o)
                0x080003b4                __sfp_lock_acquire
 .text.__sfp_lock_release
                0x080003c0        0xc C:/ST/STM32CubeIDE_2.1.1/STM32CubeIDE/plugins/com.st.stm32cube.ide.mcu.externaltools.gnu-tools-for-stm32.14.3.rel1.win32_1.0.100.202602081740/tools/bin/../lib/gcc/arm-none-eabi/14.3.1/../../../../arm-none-eabi/lib/thumb/v8-m.main+fp/hard\libc_nano.a(libc_a-findfp.o)
                0x080003c0                __sfp_lock_release
 .text.__sinit  0x080003cc       0x30 C:/ST/STM32CubeIDE_2.1.1/STM32CubeIDE/plugins/com.st.stm32cube.ide.mcu.externaltools.gnu-tools-for-stm32.14.3.rel1.win32_1.0.100.202602081740/tools/bin/../lib/gcc/arm-none-eabi/14.3.1/../../../../arm-none-eabi/lib/thumb/v8-m.main+fp/hard\libc_nano.a(libc_a-findfp.o)
                0x080003cc                __sinit
 .text._fwalk_sglue
                0x080003fc       0x3c C:/ST/STM32CubeIDE_2.1.1/STM32CubeIDE/plugins/com.st.stm32cube.ide.mcu.externaltools.gnu-tools-for-stm32.14.3.rel1.win32_1.0.100.202602081740/tools/bin/../lib/gcc/arm-none-eabi/14.3.1/../../../../arm-none-eabi/lib/thumb/v8-m.main+fp/hard\libc_nano.a(libc_a-fwalk.o)
                0x080003fc                _fwalk_sglue
 .text.__sread  0x08000438       0x22 C:/ST/STM32CubeIDE_2.1.1/STM32CubeIDE/plugins/com.st.stm32cube.ide.mcu.externaltools.gnu-tools-for-stm32.14.3.rel1.win32_1.0.100.202602081740/tools/bin/../lib/gcc/arm-none-eabi/14.3.1/../../../../arm-none-eabi/lib/thumb/v8-m.main+fp/hard\libc_nano.a(libc_a-stdio.o)
                0x08000438                __sread
 .text.__swrite
                0x0800045a       0x38 C:/ST/STM32CubeIDE_2.1.1/STM32CubeIDE/plugins/com.st.stm32cube.ide.mcu.externaltools.gnu-tools-for-stm32.14.3.rel1.win32_1.0.100.202602081740/tools/bin/../lib/gcc/arm-none-eabi/14.3.1/../../../../arm-none-eabi/lib/thumb/v8-m.main+fp/hard\libc_nano.a(libc_a-stdio.o)
                0x0800045a                __swrite
 .text.__sseek  0x08000492       0x26 C:/ST/STM32CubeIDE_2.1.1/STM32CubeIDE/plugins/com.st.stm32cube.ide.mcu.externaltools.gnu-tools-for-stm32.14.3.rel1.win32_1.0.100.202602081740/tools/bin/../lib/gcc/arm-none-eabi/14.3.1/../../../../arm-none-eabi/lib/thumb/v8-m.main+fp/hard\libc_nano.a(libc_a-stdio.o)
                0x08000492                __sseek
 .text.__sclose
                0x080004b8        0x8 C:/ST/STM32CubeIDE_2.1.1/STM32CubeIDE/plugins/com.st.stm32cube.ide.mcu.externaltools.gnu-tools-for-stm32.14.3.rel1.win32_1.0.100.202602081740/tools/bin/../lib/gcc/arm-none-eabi/14.3.1/../../../../arm-none-eabi/lib/thumb/v8-m.main+fp/hard\libc_nano.a(libc_a-stdio.o)
                0x080004b8                __sclose
 .text.memset   0x080004c0       0x10 C:/ST/STM32CubeIDE_2.1.1/STM32CubeIDE/plugins/com.st.stm32cube.ide.mcu.externaltools.gnu-tools-for-stm32.14.3.rel1.win32_1.0.100.202602081740/tools/bin/../lib/gcc/arm-none-eabi/14.3.1/../../../../arm-none-eabi/lib/thumb/v8-m.main+fp/hard\libc_nano.a(libc_a-memset.o)
                0x080004c0                memset
 .text._close_r
                0x080004d0       0x20 C:/ST/STM32CubeIDE_2.1.1/STM32CubeIDE/plugins/com.st.stm32cube.ide.mcu.externaltools.gnu-tools-for-stm32.14.3.rel1.win32_1.0.100.202602081740/tools/bin/../lib/gcc/arm-none-eabi/14.3.1/../../../../arm-none-eabi/lib/thumb/v8-m.main+fp/hard\libc_nano.a(libc_a-closer.o)
                0x080004d0                _close_r
 .text._lseek_r
                0x080004f0       0x24 C:/ST/STM32CubeIDE_2.1.1/STM32CubeIDE/plugins/com.st.stm32cube.ide.mcu.externaltools.gnu-tools-for-stm32.14.3.rel1.win32_1.0.100.202602081740/tools/bin/../lib/gcc/arm-none-eabi/14.3.1/../../../../arm-none-eabi/lib/thumb/v8-m.main+fp/hard\libc_nano.a(libc_a-lseekr.o)
                0x080004f0                _lseek_r
 .text._read_r  0x08000514       0x24 C:/ST/STM32CubeIDE_2.1.1/STM32CubeIDE/plugins/com.st.stm32cube.ide.mcu.externaltools.gnu-tools-for-stm32.14.3.rel1.win32_1.0.100.202602081740/tools/bin/../lib/gcc/arm-none-eabi/14.3.1/../../../../arm-none-eabi/lib/thumb/v8-m.main+fp/hard\libc_nano.a(libc_a-readr.o)
                0x08000514                _read_r
 .text._write_r
                0x08000538       0x24 C:/ST/STM32CubeIDE_2.1.1/STM32CubeIDE/plugins/com.st.stm32cube.ide.mcu.externaltools.gnu-tools-for-stm32.14.3.rel1.win32_1.0.100.202602081740/tools/bin/../lib/gcc/arm-none-eabi/14.3.1/../../../../arm-none-eabi/lib/thumb/v8-m.main+fp/hard\libc_nano.a(libc_a-writer.o)
                0x08000538                _write_r
 .text.__libc_init_array
                0x0800055c       0x48 C:/ST/STM32CubeIDE_2.1.1/STM32CubeIDE/plugins/com.st.stm32cube.ide.mcu.externaltools.gnu-tools-for-stm32.14.3.rel1.win32_1.0.100.202602081740/tools/bin/../lib/gcc/arm-none-eabi/14.3.1/../../../../arm-none-eabi/lib/thumb/v8-m.main+fp/hard\libc_nano.a(libc_a-init.o)
                0x0800055c                __libc_init_array
 .text.__retarget_lock_init_recursive
                0x080005a4        0x2 C:/ST/STM32CubeIDE_2.1.1/STM32CubeIDE/plugins/com.st.stm32cube.ide.mcu.externaltools.gnu-tools-for-stm32.14.3.rel1.win32_1.0.100.202602081740/tools/bin/../lib/gcc/arm-none-eabi/14.3.1/../../../../arm-none-eabi/lib/thumb/v8-m.main+fp/hard\libc_nano.a(libc_a-lock.o)
                0x080005a4                __retarget_lock_init_recursive
 .text.__retarget_lock_acquire_recursive
                0x080005a6        0x2 C:/ST/STM32CubeIDE_2.1.1/STM32CubeIDE/plugins/com.st.stm32cube.ide.mcu.externaltools.gnu-tools-for-stm32.14.3.rel1.win32_1.0.100.202602081740/tools/bin/../lib/gcc/arm-none-eabi/14.3.1/../../../../arm-none-eabi/lib/thumb/v8-m.main+fp/hard\libc_nano.a(libc_a-lock.o)
                0x080005a6                __retarget_lock_acquire_recursive
 .text.__retarget_lock_release_recursive
                0x080005a8        0x2 C:/ST/STM32CubeIDE_2.1.1/STM32CubeIDE/plugins/com.st.stm32cube.ide.mcu.externaltools.gnu-tools-for-stm32.14.3.rel1.win32_1.0.100.202602081740/tools/bin/../lib/gcc/arm-none-eabi/14.3.1/../../../../arm-none-eabi/lib/thumb/v8-m.main+fp/hard\libc_nano.a(libc_a-lock.o)
                0x080005a8                __retarget_lock_release_recursive
 *fill*         0x080005aa        0x2 
 .text._free_r  0x080005ac       0x94 C:/ST/STM32CubeIDE_2.1.1/STM32CubeIDE/plugins/com.st.stm32cube.ide.mcu.externaltools.gnu-tools-for-stm32.14.3.rel1.win32_1.0.100.202602081740/tools/bin/../lib/gcc/arm-none-eabi/14.3.1/../../../../arm-none-eabi/lib/thumb/v8-m.main+fp/hard\libc_nano.a(libc_a-freer.o)
                0x080005ac                _free_r
 .text.sbrk_aligned
                0x08000640       0x44 C:/ST/STM32CubeIDE_2.1.1/STM32CubeIDE/plugins/com.st.stm32cube.ide.mcu.externaltools.gnu-tools-for-stm32.14.3.rel1.win32_1.0.100.202602081740/tools/bin/../lib/gcc/arm-none-eabi/14.3.1/../../../../arm-none-eabi/lib/thumb/v8-m.main+fp/hard\libc_nano.a(libc_a-mallocr.o)
 .text._malloc_r
                0x08000684      0x100 C:/ST/STM32CubeIDE_2.1.1/STM32CubeIDE/plugins/com.st.stm32cube.ide.mcu.externaltools.gnu-tools-for-stm32.14.3.rel1.win32_1.0.100.202602081740/tools/bin/../lib/gcc/arm-none-eabi/14.3.1/../../../../arm-none-eabi/lib/thumb/v8-m.main+fp/hard\libc_nano.a(libc_a-mallocr.o)
                0x08000684                _malloc_r
 .text.__malloc_lock
                0x08000784        0xc C:/ST/STM32CubeIDE_2.1.1/STM32CubeIDE/plugins/com.st.stm32cube.ide.mcu.externaltools.gnu-tools-for-stm32.14.3.rel1.win32_1.0.100.202602081740/tools/bin/../lib/gcc/arm-none-eabi/14.3.1/../../../../arm-none-eabi/lib/thumb/v8-m.main+fp/hard\libc_nano.a(libc_a-mlock.o)
                0x08000784                __malloc_lock
 .text.__malloc_unlock
                0x08000790        0xc C:/ST/STM32CubeIDE_2.1.1/STM32CubeIDE/plugins/com.st.stm32cube.ide.mcu.externaltools.gnu-tools-for-stm32.14.3.rel1.win32_1.0.100.202602081740/tools/bin/../lib/gcc/arm-none-eabi/14.3.1/../../../../arm-none-eabi/lib/thumb/v8-m.main+fp/hard\libc_nano.a(libc_a-mlock.o)
                0x08000790                __malloc_unlock
 .text.__sflush_r
                0x0800079c      0x100 C:/ST/STM32CubeIDE_2.1.1/STM32CubeIDE/plugins/com.st.stm32cube.ide.mcu.externaltools.gnu-tools-for-stm32.14.3.rel1.win32_1.0.100.202602081740/tools/bin/../lib/gcc/arm-none-eabi/14.3.1/../../../../arm-none-eabi/lib/thumb/v8-m.main+fp/hard\libc_nano.a(libc_a-fflush.o)
                0x0800079c                __sflush_r
 .text._fflush_r
                0x0800089c       0x50 C:/ST/STM32CubeIDE_2.1.1/STM32CubeIDE/plugins/com.st.stm32cube.ide.mcu.externaltools.gnu-tools-for-stm32.14.3.rel1.win32_1.0.100.202602081740/tools/bin/../lib/gcc/arm-none-eabi/14.3.1/../../../../arm-none-eabi/lib/thumb/v8-m.main+fp/hard\libc_nano.a(libc_a-fflush.o)
                0x0800089c                _fflush_r
 .text._sbrk_r  0x080008ec       0x20 C:/ST/STM32CubeIDE_2.1.1/STM32CubeIDE/plugins/com.st.stm32cube.ide.mcu.externaltools.gnu-tools-for-stm32.14.3.rel1.win32_1.0.100.202602081740/tools/bin/../lib/gcc/arm-none-eabi/14.3.1/../../../../arm-none-eabi/lib/thumb/v8-m.main+fp/hard\libc_nano.a(libc_a-sbrkr.o)
                0x080008ec                _sbrk_r
 .text.hal_tim_oc_channel_to_compare_unit
                0x0800090c       0x38 CMakeFiles/STM32C5A3R_Project4.dir/main.c.obj
 .text.TIM1_SetPSC_ARR
                0x08000944       0x6a CMakeFiles/STM32C5A3R_Project4.dir/main.c.obj
 *fill*         0x080009ae        0x2 
 .text.TIM1_SetFrequency
                0x080009b0       0x54 CMakeFiles/STM32C5A3R_Project4.dir/main.c.obj
 .text.TIM1_SetChannelDuty
                0x08000a04       0x70 CMakeFiles/STM32C5A3R_Project4.dir/main.c.obj
 .text.TIM1_PWM_Start_CH1_CH3
                0x08000a74       0x64 CMakeFiles/STM32C5A3R_Project4.dir/main.c.obj
 .text.main     0x08000ad8       0xc4 CMakeFiles/STM32C5A3R_Project4.dir/main.c.obj
                0x08000ad8                main
 .text.LL_AHB2_GRP1_EnableClock
                0x08000b9c       0x60 CMakeFiles/STM32C5A3R_Project4.dir/generated/hal/mx_cortex_debug.c.obj
 .text.HAL_RCC_GPIOA_EnableClock
                0x08000bfc        0xe CMakeFiles/STM32C5A3R_Project4.dir/generated/hal/mx_cortex_debug.c.obj
 .text.HAL_RCC_GPIOB_EnableClock
                0x08000c0a        0xe CMakeFiles/STM32C5A3R_Project4.dir/generated/hal/mx_cortex_debug.c.obj
 .text.mx_cortex_debug_init
                0x08000c18       0x88 CMakeFiles/STM32C5A3R_Project4.dir/generated/hal/mx_cortex_debug.c.obj
                0x08000c18                mx_cortex_debug_init
 .text.mx_cortex_mpu_init
                0x08000ca0       0x5c CMakeFiles/STM32C5A3R_Project4.dir/generated/hal/mx_cortex_mpu.c.obj
                0x08000ca0                mx_cortex_mpu_init
 .text.mx_cortex_nvic_init
                0x08000cfc       0x12 CMakeFiles/STM32C5A3R_Project4.dir/generated/hal/mx_cortex_nvic.c.obj
                0x08000cfc                mx_cortex_nvic_init
 *fill*         0x08000d0e        0x2 
 .text.mx_icache_init
                0x08000d10       0x28 CMakeFiles/STM32C5A3R_Project4.dir/generated/hal/mx_icache.c.obj
                0x08000d10                mx_icache_init
 .text.mx_icache_gethandle
                0x08000d38       0x14 CMakeFiles/STM32C5A3R_Project4.dir/generated/hal/mx_icache.c.obj
                0x08000d38                mx_icache_gethandle
 .text.mx_rcc_init
                0x08000d4c       0xc0 CMakeFiles/STM32C5A3R_Project4.dir/generated/hal/mx_rcc.c.obj
                0x08000d4c                mx_rcc_init
 .text.mx_rcc_peripherals_clock_config
                0x08000e0c       0x12 CMakeFiles/STM32C5A3R_Project4.dir/generated/hal/mx_rcc.c.obj
                0x08000e0c                mx_rcc_peripherals_clock_config
 .text.mx_system_init
                0x08000e1e       0xd8 CMakeFiles/STM32C5A3R_Project4.dir/generated/hal/mx_system.c.obj
                0x08000e1e                mx_system_init
 .text.SysTick_Handler
                0x08000ef6       0x10 CMakeFiles/STM32C5A3R_Project4.dir/generated/hal/mx_system.c.obj
                0x08000ef6                SysTick_Handler
 .text.pre_system_init_hook
                0x08000f06       0x12 CMakeFiles/STM32C5A3R_Project4.dir/generated/hal/mx_system.c.obj
                0x08000f06                pre_system_init_hook
 .text.post_system_init_hook
                0x08000f18       0x12 CMakeFiles/STM32C5A3R_Project4.dir/generated/hal/mx_system.c.obj
                0x08000f18                post_system_init_hook
 *fill*         0x08000f2a        0x2 
 .text.LL_AHB2_GRP1_EnableClock
                0x08000f2c       0x60 CMakeFiles/STM32C5A3R_Project4.dir/generated/hal/mx_tim1.c.obj
 .text.LL_APB2_GRP1_EnableClock
                0x08000f8c       0x60 CMakeFiles/STM32C5A3R_Project4.dir/generated/hal/mx_tim1.c.obj
 .text.HAL_RCC_GPIOA_EnableClock
                0x08000fec        0xe CMakeFiles/STM32C5A3R_Project4.dir/generated/hal/mx_tim1.c.obj
 .text.HAL_RCC_TIM1_EnableClock
                0x08000ffa       0x10 CMakeFiles/STM32C5A3R_Project4.dir/generated/hal/mx_tim1.c.obj
 *fill*         0x0800100a        0x2 
 .text.mx_tim1_init
                0x0800100c      0x190 CMakeFiles/STM32C5A3R_Project4.dir/generated/hal/mx_tim1.c.obj
                0x0800100c                mx_tim1_init
 .text.mx_tim1_gethandle
                0x0800119c       0x14 CMakeFiles/STM32C5A3R_Project4.dir/generated/hal/mx_tim1.c.obj
                0x0800119c                mx_tim1_gethandle
 .text.SCB_SetVTOR
                0x080011b0       0x20 CMakeFiles/STM32C5A3R_Project4.dir/user_modifiable/Device/STM32C5A3RGT6/system_stm32c5xx.c.obj
 .text.SCB_EnableFPU
                0x080011d0       0x24 CMakeFiles/STM32C5A3R_Project4.dir/user_modifiable/Device/STM32C5A3RGT6/system_stm32c5xx.c.obj
 .text.SystemInit
                0x080011f4       0x18 CMakeFiles/STM32C5A3R_Project4.dir/user_modifiable/Device/STM32C5A3RGT6/system_stm32c5xx.c.obj
                0x080011f4                SystemInit
 .text.Reset_Handler
                0x0800120c       0xc4 CMakeFiles/STM32C5A3R_Project4.dir/user_modifiable/Device/STM32C5A3RGT6/startup_stm32c5a3xx.c.obj
                0x0800120c                Reset_Handler
 .text.HardFault_Handler
                0x080012d0        0x8 CMakeFiles/STM32C5A3R_Project4.dir/user_modifiable/Device/STM32C5A3RGT6/startup_stm32c5a3xx.c.obj
                0x080012d0                HardFault_Handler
 .text.Default_IRQHandler
                0x080012d8        0x8 CMakeFiles/STM32C5A3R_Project4.dir/user_modifiable/Device/STM32C5A3RGT6/startup_stm32c5a3xx.c.obj
                0x080012d8                EXTI2_IRQHandler
                0x080012d8                TIM8_CC_IRQHandler
                0x080012d8                EXTI5_IRQHandler
                0x080012d8                DebugMon_Handler
                0x080012d8                TIM8_TRGI_COM_DIR_IDX_IRQHandler
                0x080012d8                EXTI13_IRQHandler
                0x080012d8                LPDMA2_CH1_IRQHandler
                0x080012d8                I2C1_ERR_IRQHandler
                0x080012d8                TIM1_CC_IRQHandler
                0x080012d8                LPDMA1_CH6_IRQHandler
                0x080012d8                XSPI1_IRQHandler
                0x080012d8                ETH1_WKUP_IRQHandler
                0x080012d8                TAMP_IRQHandler
                0x080012d8                TIM6_IRQHandler
                0x080012d8                EXTI12_IRQHandler
                0x080012d8                CORDIC_IRQHandler
                0x080012d8                PendSV_Handler
                0x080012d8                USB_DRD_FS_IRQHandler
                0x080012d8                NMI_Handler
                0x080012d8                EXTI3_IRQHandler
                0x080012d8                EXTI8_IRQHandler
                0x080012d8                PWR_PVD_IRQHandler
                0x080012d8                EXTI0_IRQHandler
                0x080012d8                I2C2_EV_IRQHandler
                0x080012d8                FPU_IRQHandler
                0x080012d8                FDCAN1_IT1_IRQHandler
                0x080012d8                RAMCFG_IRQHandler
                0x080012d8                UsageFault_Handler
                0x080012d8                TIM1_UPD_IRQHandler
                0x080012d8                SPI1_IRQHandler
                0x080012d8                LPDMA2_CH6_IRQHandler
                0x080012d8                LPDMA2_CH7_IRQHandler
                0x080012d8                ADC1_IRQHandler
                0x080012d8                PKA_IRQHandler
                0x080012d8                USART6_IRQHandler
                0x080012d8                EXTI15_IRQHandler
                0x080012d8                TIM17_IRQHandler
                0x080012d8                USART3_IRQHandler
                0x080012d8                RTC_IRQHandler
                0x080012d8                EXTI9_IRQHandler
                0x080012d8                LPDMA2_CH5_IRQHandler
                0x080012d8                UART5_IRQHandler
                0x080012d8                LPDMA2_CH3_IRQHandler
                0x080012d8                ADC3_IRQHandler
                0x080012d8                LPDMA1_CH1_IRQHandler
                0x080012d8                TIM4_IRQHandler
                0x080012d8                I2C1_EV_IRQHandler
                0x080012d8                TIM16_IRQHandler
                0x080012d8                UART4_IRQHandler
                0x080012d8                TIM3_IRQHandler
                0x080012d8                RCC_IRQHandler
                0x080012d8                LPDMA1_CH5_IRQHandler
                0x080012d8                LPDMA2_CH2_IRQHandler
                0x080012d8                TIM12_IRQHandler
                0x080012d8                TIM7_IRQHandler
                0x080012d8                SAES_IRQHandler
                0x080012d8                TIM5_IRQHandler
                0x080012d8                I3C1_EV_IRQHandler
                0x080012d8                TIM15_IRQHandler
                0x080012d8                TIM8_BRK_TERR_IERR_IRQHandler
                0x080012d8                TIM8_UPD_IRQHandler
                0x080012d8                ETH1_IRQHandler
                0x080012d8                ADC2_IRQHandler
                0x080012d8                SPI2_IRQHandler
                0x080012d8                MemManage_Handler
                0x080012d8                LPDMA1_CH3_IRQHandler
                0x080012d8                EXTI14_IRQHandler
                0x080012d8                EXTI11_IRQHandler
                0x080012d8                SVC_Handler
                0x080012d8                CRS_IRQHandler
                0x080012d8                LPDMA2_CH4_IRQHandler
                0x080012d8                EXTI4_IRQHandler
                0x080012d8                TIM1_BRK_TERR_IERR_IRQHandler
                0x080012d8                RNG_IRQHandler
                0x080012d8                FDCAN2_IT1_IRQHandler
                0x080012d8                TIM1_TRGI_COM_DIR_IDX_IRQHandler
                0x080012d8                LPDMA2_CH0_IRQHandler
                0x080012d8                I3C1_ERR_IRQHandler
                0x080012d8                WWDG_IRQHandler
                0x080012d8                Default_IRQHandler
                0x080012d8                FDCAN2_IT0_IRQHandler
                0x080012d8                IWDG_IRQHandler
                0x080012d8                LPUART1_IRQHandler
                0x080012d8                FDCAN1_IT0_IRQHandler
                0x080012d8                TIM2_IRQHandler
                0x080012d8                LPDMA1_CH2_IRQHandler
                0x080012d8                EXTI7_IRQHandler
                0x080012d8                EXTI1_IRQHandler
                0x080012d8                AES_IRQHandler
                0x080012d8                DAC1_IRQHandler
                0x080012d8                UART7_IRQHandler
                0x080012d8                USART2_IRQHandler
                0x080012d8                LPDMA1_CH4_IRQHandler
                0x080012d8                FLASH_IRQHandler
                0x080012d8                I2C2_ERR_IRQHandler
                0x080012d8                BusFault_Handler
                0x080012d8                USART1_IRQHandler
                0x080012d8                EXTI10_IRQHandler
                0x080012d8                SPI3_IRQHandler
                0x080012d8                LPDMA1_CH0_IRQHandler
                0x080012d8                EXTI6_IRQHandler
                0x080012d8                COMP1_IRQHandler
                0x080012d8                LPTIM1_IRQHandler
                0x080012d8                ICACHE_IRQHandler
                0x080012d8                LPDMA1_CH7_IRQHandler
                0x080012d8                HASH_IRQHandler
 .text.Default_IRQHandler_Hook
                0x080012e0        0x8 CMakeFiles/STM32C5A3R_Project4.dir/user_modifiable/Device/STM32C5A3RGT6/startup_stm32c5a3xx.c.obj
                0x080012e0                Default_IRQHandler_Hook
 .text.LL_RCC_GetAHBPrescaler
                0x080012e8       0x1c CMakeFiles/STM32C5A3R_Project4.dir/stm32c5xx_drivers/hal/stm32c5xx_hal.c.obj
 .text.LL_FLASH_EnablePrefetch
                0x08001304       0x20 CMakeFiles/STM32C5A3R_Project4.dir/stm32c5xx_drivers/hal/stm32c5xx_hal.c.obj
 .text.HAL_Init
                0x08001324       0x44 CMakeFiles/STM32C5A3R_Project4.dir/stm32c5xx_drivers/hal/stm32c5xx_hal.c.obj
                0x08001324                HAL_Init
 .text.HAL_InitTick
                0x08001368       0x68 CMakeFiles/STM32C5A3R_Project4.dir/stm32c5xx_drivers/hal/stm32c5xx_hal.c.obj
                0x08001368                HAL_InitTick
 .text.HAL_UpdateCoreClock
                0x080013d0       0x30 CMakeFiles/STM32C5A3R_Project4.dir/stm32c5xx_drivers/hal/stm32c5xx_hal.c.obj
                0x080013d0                HAL_UpdateCoreClock
 .text.HAL_IncTick
                0x08001400       0x28 CMakeFiles/STM32C5A3R_Project4.dir/stm32c5xx_drivers/hal/stm32c5xx_hal.c.obj
                0x08001400                HAL_IncTick
 .text.HAL_GetTick
                0x08001428       0x18 CMakeFiles/STM32C5A3R_Project4.dir/stm32c5xx_drivers/hal/stm32c5xx_hal.c.obj
                0x08001428                HAL_GetTick
 .text.HAL_Delay
                0x08001440       0x4c CMakeFiles/STM32C5A3R_Project4.dir/stm32c5xx_drivers/hal/stm32c5xx_hal.c.obj
                0x08001440                HAL_Delay
 .text.__NVIC_SetPriorityGrouping
                0x0800148c       0x48 CMakeFiles/STM32C5A3R_Project4.dir/stm32c5xx_drivers/hal/stm32c5xx_hal_cortex.c.obj
 .text.__NVIC_GetPriorityGrouping
                0x080014d4       0x1c CMakeFiles/STM32C5A3R_Project4.dir/stm32c5xx_drivers/hal/stm32c5xx_hal_cortex.c.obj
 .text.__NVIC_SetPriority
                0x080014f0       0x54 CMakeFiles/STM32C5A3R_Project4.dir/stm32c5xx_drivers/hal/stm32c5xx_hal_cortex.c.obj
 .text.NVIC_EncodePriority
                0x08001544       0x66 CMakeFiles/STM32C5A3R_Project4.dir/stm32c5xx_drivers/hal/stm32c5xx_hal_cortex.c.obj
 *fill*         0x080015aa        0x2 
 .text.ARM_MPU_Enable
                0x080015ac       0x44 CMakeFiles/STM32C5A3R_Project4.dir/stm32c5xx_drivers/hal/stm32c5xx_hal_cortex.c.obj
 .text.ARM_MPU_Disable
                0x080015f0       0x40 CMakeFiles/STM32C5A3R_Project4.dir/stm32c5xx_drivers/hal/stm32c5xx_hal_cortex.c.obj
 .text.ARM_MPU_SetMemAttrEx
                0x08001630       0x6a CMakeFiles/STM32C5A3R_Project4.dir/stm32c5xx_drivers/hal/stm32c5xx_hal_cortex.c.obj
 *fill*         0x0800169a        0x2 
 .text.ARM_MPU_SetMemAttr
                0x0800169c       0x28 CMakeFiles/STM32C5A3R_Project4.dir/stm32c5xx_drivers/hal/stm32c5xx_hal_cortex.c.obj
 .text.ARM_MPU_SetRegionEx
                0x080016c4       0x2c CMakeFiles/STM32C5A3R_Project4.dir/stm32c5xx_drivers/hal/stm32c5xx_hal_cortex.c.obj
 .text.ARM_MPU_SetRegion
                0x080016f0       0x24 CMakeFiles/STM32C5A3R_Project4.dir/stm32c5xx_drivers/hal/stm32c5xx_hal_cortex.c.obj
 .text.SysTick_SetClkSource
                0x08001714       0x38 CMakeFiles/STM32C5A3R_Project4.dir/stm32c5xx_drivers/hal/stm32c5xx_hal_cortex.c.obj
 .text.SysTick_GetClkSource
                0x0800174c       0x1c CMakeFiles/STM32C5A3R_Project4.dir/stm32c5xx_drivers/hal/stm32c5xx_hal_cortex.c.obj
 .text.SysTick_EnableIT
                0x08001768       0x20 CMakeFiles/STM32C5A3R_Project4.dir/stm32c5xx_drivers/hal/stm32c5xx_hal_cortex.c.obj
 .text.SysTick_Enable
                0x08001788       0x20 CMakeFiles/STM32C5A3R_Project4.dir/stm32c5xx_drivers/hal/stm32c5xx_hal_cortex.c.obj
 .text.SysTick_SetReload
                0x080017a8       0x30 CMakeFiles/STM32C5A3R_Project4.dir/stm32c5xx_drivers/hal/stm32c5xx_hal_cortex.c.obj
 .text.SysTick_SetCounter
                0x080017d8       0x20 CMakeFiles/STM32C5A3R_Project4.dir/stm32c5xx_drivers/hal/stm32c5xx_hal_cortex.c.obj
 .text.HAL_CORTEX_NVIC_SetPriorityGrouping
                0x080017f8       0x1a CMakeFiles/STM32C5A3R_Project4.dir/stm32c5xx_drivers/hal/stm32c5xx_hal_cortex.c.obj
                0x080017f8                HAL_CORTEX_NVIC_SetPriorityGrouping
 .text.HAL_CORTEX_NVIC_SetPriority
                0x08001812       0x36 CMakeFiles/STM32C5A3R_Project4.dir/stm32c5xx_drivers/hal/stm32c5xx_hal_cortex.c.obj
                0x08001812                HAL_CORTEX_NVIC_SetPriority
 .text.HAL_CORTEX_SYSTICK_SetFreq
                0x08001848       0x5a CMakeFiles/STM32C5A3R_Project4.dir/stm32c5xx_drivers/hal/stm32c5xx_hal_cortex.c.obj
                0x08001848                HAL_CORTEX_SYSTICK_SetFreq
 .text.HAL_CORTEX_SYSTICK_SetClkSource
                0x080018a2       0x1a CMakeFiles/STM32C5A3R_Project4.dir/stm32c5xx_drivers/hal/stm32c5xx_hal_cortex.c.obj
                0x080018a2                HAL_CORTEX_SYSTICK_SetClkSource
 .text.HAL_CORTEX_SYSTICK_IRQHandler
                0x080018bc        0xc CMakeFiles/STM32C5A3R_Project4.dir/stm32c5xx_drivers/hal/stm32c5xx_hal_cortex.c.obj
                0x080018bc                HAL_CORTEX_SYSTICK_IRQHandler
 .text.HAL_CORTEX_SYSTICK_Callback
                0x080018c8        0xe CMakeFiles/STM32C5A3R_Project4.dir/stm32c5xx_drivers/hal/stm32c5xx_hal_cortex.c.obj
                0x080018c8                HAL_CORTEX_SYSTICK_Callback
 .text.HAL_CORTEX_MPU_Enable
                0x080018d6       0x26 CMakeFiles/STM32C5A3R_Project4.dir/stm32c5xx_drivers/hal/stm32c5xx_hal_cortex.c.obj
                0x080018d6                HAL_CORTEX_MPU_Enable
 .text.HAL_CORTEX_MPU_Disable
                0x080018fc        0xc CMakeFiles/STM32C5A3R_Project4.dir/stm32c5xx_drivers/hal/stm32c5xx_hal_cortex.c.obj
                0x080018fc                HAL_CORTEX_MPU_Disable
 .text.HAL_CORTEX_MPU_SetCacheMemAttr
                0x08001908       0x2a CMakeFiles/STM32C5A3R_Project4.dir/stm32c5xx_drivers/hal/stm32c5xx_hal_cortex.c.obj
                0x08001908                HAL_CORTEX_MPU_SetCacheMemAttr
 .text.HAL_CORTEX_MPU_SetConfigRegion
                0x08001932       0x48 CMakeFiles/STM32C5A3R_Project4.dir/stm32c5xx_drivers/hal/stm32c5xx_hal_cortex.c.obj
                0x08001932                HAL_CORTEX_MPU_SetConfigRegion
 *fill*         0x0800197a        0x2 
 .text.HAL_CORTEX_MPU_EnableRegion
                0x0800197c       0x2c CMakeFiles/STM32C5A3R_Project4.dir/stm32c5xx_drivers/hal/stm32c5xx_hal_cortex.c.obj
                0x0800197c                HAL_CORTEX_MPU_EnableRegion
 .text.LL_FLASH_SetLatency
                0x080019a8       0x26 CMakeFiles/STM32C5A3R_Project4.dir/stm32c5xx_drivers/hal/stm32c5xx_hal_flash_itf.c.obj
 .text.LL_FLASH_SetProgrammingDelay
                0x080019ce       0x26 CMakeFiles/STM32C5A3R_Project4.dir/stm32c5xx_drivers/hal/stm32c5xx_hal_flash_itf.c.obj
 .text.HAL_FLASH_ITF_SetLatency
                0x080019f4       0x24 CMakeFiles/STM32C5A3R_Project4.dir/stm32c5xx_drivers/hal/stm32c5xx_hal_flash_itf.c.obj
                0x080019f4                HAL_FLASH_ITF_SetLatency
 .text.HAL_FLASH_ITF_SetProgrammingDelay
                0x08001a18       0x24 CMakeFiles/STM32C5A3R_Project4.dir/stm32c5xx_drivers/hal/stm32c5xx_hal_flash_itf.c.obj
                0x08001a18                HAL_FLASH_ITF_SetProgrammingDelay
 .text.LL_GPIO_SetPinMode
                0x08001a3c       0x9c CMakeFiles/STM32C5A3R_Project4.dir/stm32c5xx_drivers/hal/stm32c5xx_hal_gpio.c.obj
 .text.LL_GPIO_SetPinOutputType
                0x08001ad8       0x56 CMakeFiles/STM32C5A3R_Project4.dir/stm32c5xx_drivers/hal/stm32c5xx_hal_gpio.c.obj
 .text.LL_GPIO_SetPinSpeed
                0x08001b2e       0xa0 CMakeFiles/STM32C5A3R_Project4.dir/stm32c5xx_drivers/hal/stm32c5xx_hal_gpio.c.obj
 .text.LL_GPIO_SetPinPull
                0x08001bce       0xa0 CMakeFiles/STM32C5A3R_Project4.dir/stm32c5xx_drivers/hal/stm32c5xx_hal_gpio.c.obj
 .text.LL_GPIO_SetAFPin_0_7
                0x08001c6e       0xa0 CMakeFiles/STM32C5A3R_Project4.dir/stm32c5xx_drivers/hal/stm32c5xx_hal_gpio.c.obj
 .text.LL_GPIO_SetAFPin_8_15
                0x08001d0e       0xa4 CMakeFiles/STM32C5A3R_Project4.dir/stm32c5xx_drivers/hal/stm32c5xx_hal_gpio.c.obj
 .text.LL_GPIO_WriteOutputPin
                0x08001db2       0x2a CMakeFiles/STM32C5A3R_Project4.dir/stm32c5xx_drivers/hal/stm32c5xx_hal_gpio.c.obj
 .text.HAL_GPIO_Init
                0x08001ddc      0x128 CMakeFiles/STM32C5A3R_Project4.dir/stm32c5xx_drivers/hal/stm32c5xx_hal_gpio.c.obj
                0x08001ddc                HAL_GPIO_Init
 .text.LL_ICACHE_Enable
                0x08001f04       0x20 CMakeFiles/STM32C5A3R_Project4.dir/stm32c5xx_drivers/hal/stm32c5xx_hal_icache.c.obj
 .text.LL_ICACHE_EnableIT
                0x08001f24       0x22 CMakeFiles/STM32C5A3R_Project4.dir/stm32c5xx_drivers/hal/stm32c5xx_hal_icache.c.obj
 .text.HAL_ICACHE_Init
                0x08001f46       0x28 CMakeFiles/STM32C5A3R_Project4.dir/stm32c5xx_drivers/hal/stm32c5xx_hal_icache.c.obj
                0x08001f46                HAL_ICACHE_Init
 .text.HAL_ICACHE_Start
                0x08001f6e       0x32 CMakeFiles/STM32C5A3R_Project4.dir/stm32c5xx_drivers/hal/stm32c5xx_hal_icache.c.obj
                0x08001f6e                HAL_ICACHE_Start
 .text.LL_RCC_PSIS_Enable
                0x08001fa0       0x20 CMakeFiles/STM32C5A3R_Project4.dir/stm32c5xx_drivers/hal/stm32c5xx_hal_rcc.c.obj
 .text.LL_RCC_PSIS_IsReady
                0x08001fc0       0x28 CMakeFiles/STM32C5A3R_Project4.dir/stm32c5xx_drivers/hal/stm32c5xx_hal_rcc.c.obj
 .text.LL_RCC_PSIDIV3_IsReady
                0x08001fe8       0x28 CMakeFiles/STM32C5A3R_Project4.dir/stm32c5xx_drivers/hal/stm32c5xx_hal_rcc.c.obj
 .text.LL_RCC_PSIK_IsReady
                0x08002010       0x28 CMakeFiles/STM32C5A3R_Project4.dir/stm32c5xx_drivers/hal/stm32c5xx_hal_rcc.c.obj
 .text.LL_RCC_ConfigPSI
                0x08002038       0x38 CMakeFiles/STM32C5A3R_Project4.dir/stm32c5xx_drivers/hal/stm32c5xx_hal_rcc.c.obj
 .text.LL_RCC_GetConfigPSI
                0x08002070       0x40 CMakeFiles/STM32C5A3R_Project4.dir/stm32c5xx_drivers/hal/stm32c5xx_hal_rcc.c.obj
 .text.LL_RCC_HSE_Enable
                0x080020b0       0x20 CMakeFiles/STM32C5A3R_Project4.dir/stm32c5xx_drivers/hal/stm32c5xx_hal_rcc.c.obj
 .text.LL_RCC_HSE_IsReady
                0x080020d0       0x28 CMakeFiles/STM32C5A3R_Project4.dir/stm32c5xx_drivers/hal/stm32c5xx_hal_rcc.c.obj
 .text.LL_RCC_HSE_ConfigBypass
                0x080020f8       0x2c CMakeFiles/STM32C5A3R_Project4.dir/stm32c5xx_drivers/hal/stm32c5xx_hal_rcc.c.obj
 .text.LL_RCC_SetSysClkSource
                0x08002124       0x28 CMakeFiles/STM32C5A3R_Project4.dir/stm32c5xx_drivers/hal/stm32c5xx_hal_rcc.c.obj
 .text.LL_RCC_GetSysClkSource
                0x0800214c       0x1c CMakeFiles/STM32C5A3R_Project4.dir/stm32c5xx_drivers/hal/stm32c5xx_hal_rcc.c.obj
 .text.LL_RCC_GetAHBPrescaler
                0x08002168       0x1c CMakeFiles/STM32C5A3R_Project4.dir/stm32c5xx_drivers/hal/stm32c5xx_hal_rcc.c.obj
 .text.LL_RCC_GetSystickClockSource
                0x08002184       0x1c CMakeFiles/STM32C5A3R_Project4.dir/stm32c5xx_drivers/hal/stm32c5xx_hal_rcc.c.obj
 .text.LL_RCC_ConfigBusClock
                0x080021a0       0x2c CMakeFiles/STM32C5A3R_Project4.dir/stm32c5xx_drivers/hal/stm32c5xx_hal_rcc.c.obj
 .text.HAL_RCC_HSE_Enable
                0x080021cc       0x3c CMakeFiles/STM32C5A3R_Project4.dir/stm32c5xx_drivers/hal/stm32c5xx_hal_rcc.c.obj
                0x080021cc                HAL_RCC_HSE_Enable
 .text.HAL_RCC_PSIS_Enable
                0x08002208       0x1c CMakeFiles/STM32C5A3R_Project4.dir/stm32c5xx_drivers/hal/stm32c5xx_hal_rcc.c.obj
                0x08002208                HAL_RCC_PSIS_Enable
 .text.HAL_RCC_PSI_SetConfig
                0x08002224       0x50 CMakeFiles/STM32C5A3R_Project4.dir/stm32c5xx_drivers/hal/stm32c5xx_hal_rcc.c.obj
                0x08002224                HAL_RCC_PSI_SetConfig
 .text.HAL_RCC_PSI_GetConfig
                0x08002274       0x34 CMakeFiles/STM32C5A3R_Project4.dir/stm32c5xx_drivers/hal/stm32c5xx_hal_rcc.c.obj
                0x08002274                HAL_RCC_PSI_GetConfig
 .text.HAL_RCC_SetSYSCLKSource
                0x080022a8       0x52 CMakeFiles/STM32C5A3R_Project4.dir/stm32c5xx_drivers/hal/stm32c5xx_hal_rcc.c.obj
                0x080022a8                HAL_RCC_SetSYSCLKSource
 .text.HAL_RCC_GetSYSCLKSource
                0x080022fa       0x12 CMakeFiles/STM32C5A3R_Project4.dir/stm32c5xx_drivers/hal/stm32c5xx_hal_rcc.c.obj
                0x080022fa                HAL_RCC_GetSYSCLKSource
 .text.HAL_RCC_SetBusClockConfig
                0x0800230c       0x38 CMakeFiles/STM32C5A3R_Project4.dir/stm32c5xx_drivers/hal/stm32c5xx_hal_rcc.c.obj
                0x0800230c                HAL_RCC_SetBusClockConfig
 .text.HAL_RCC_GetPSIClockFreq
                0x08002344       0x9c CMakeFiles/STM32C5A3R_Project4.dir/stm32c5xx_drivers/hal/stm32c5xx_hal_rcc.c.obj
                0x08002344                HAL_RCC_GetPSIClockFreq
 .text.HAL_RCC_GetSYSCLKFreq
                0x080023e0       0x4c CMakeFiles/STM32C5A3R_Project4.dir/stm32c5xx_drivers/hal/stm32c5xx_hal_rcc.c.obj
                0x080023e0                HAL_RCC_GetSYSCLKFreq
 .text.HAL_RCC_GetHCLKFreq
                0x0800242c       0x20 CMakeFiles/STM32C5A3R_Project4.dir/stm32c5xx_drivers/hal/stm32c5xx_hal_rcc.c.obj
                0x0800242c                HAL_RCC_GetHCLKFreq
 .text.HAL_RCC_GetSysTickExternalClkFreq
                0x0800244c       0x58 CMakeFiles/STM32C5A3R_Project4.dir/stm32c5xx_drivers/hal/stm32c5xx_hal_rcc.c.obj
                0x0800244c                HAL_RCC_GetSysTickExternalClkFreq
 .text.RCC_WaitForTimeout
                0x080024a4       0x54 CMakeFiles/STM32C5A3R_Project4.dir/stm32c5xx_drivers/hal/stm32c5xx_hal_rcc.c.obj
 .text.LL_TIM_EnableCounter
                0x080024f8       0x20 CMakeFiles/STM32C5A3R_Project4.dir/stm32c5xx_drivers/hal/stm32c5xx_hal_tim.c.obj
 .text.LL_TIM_EnableUpdateEvent
                0x08002518       0x20 CMakeFiles/STM32C5A3R_Project4.dir/stm32c5xx_drivers/hal/stm32c5xx_hal_tim.c.obj
 .text.LL_TIM_SetUpdateSource
                0x08002538       0x26 CMakeFiles/STM32C5A3R_Project4.dir/stm32c5xx_drivers/hal/stm32c5xx_hal_tim.c.obj
 .text.LL_TIM_GetUpdateSource
                0x0800255e       0x1c CMakeFiles/STM32C5A3R_Project4.dir/stm32c5xx_drivers/hal/stm32c5xx_hal_tim.c.obj
 .text.LL_TIM_SetCounterMode
                0x0800257a       0x26 CMakeFiles/STM32C5A3R_Project4.dir/stm32c5xx_drivers/hal/stm32c5xx_hal_tim.c.obj
 .text.LL_TIM_SetClockDivision
                0x080025a0       0x26 CMakeFiles/STM32C5A3R_Project4.dir/stm32c5xx_drivers/hal/stm32c5xx_hal_tim.c.obj
 .text.LL_TIM_SetClockDivision2
                0x080025c6       0x26 CMakeFiles/STM32C5A3R_Project4.dir/stm32c5xx_drivers/hal/stm32c5xx_hal_tim.c.obj
 .text.LL_TIM_SetCounter
                0x080025ec       0x1c CMakeFiles/STM32C5A3R_Project4.dir/stm32c5xx_drivers/hal/stm32c5xx_hal_tim.c.obj
 .text.LL_TIM_SetPrescaler
                0x08002608       0x1c CMakeFiles/STM32C5A3R_Project4.dir/stm32c5xx_drivers/hal/stm32c5xx_hal_tim.c.obj
 .text.LL_TIM_SetAutoReload
                0x08002624       0x1c CMakeFiles/STM32C5A3R_Project4.dir/stm32c5xx_drivers/hal/stm32c5xx_hal_tim.c.obj
 .text.LL_TIM_SetRepetitionCounter
                0x08002640       0x1c CMakeFiles/STM32C5A3R_Project4.dir/stm32c5xx_drivers/hal/stm32c5xx_hal_tim.c.obj
 .text.LL_TIM_CC_EnableChannel
                0x0800265c       0x22 CMakeFiles/STM32C5A3R_Project4.dir/stm32c5xx_drivers/hal/stm32c5xx_hal_tim.c.obj
 *fill*         0x0800267e        0x2 
 .text.LL_TIM_OC_SetMode
                0x08002680       0xd4 CMakeFiles/STM32C5A3R_Project4.dir/stm32c5xx_drivers/hal/stm32c5xx_hal_tim.c.obj
 .text.LL_TIM_OC_SetPolarity
                0x08002754       0xbc CMakeFiles/STM32C5A3R_Project4.dir/stm32c5xx_drivers/hal/stm32c5xx_hal_tim.c.obj
 .text.LL_TIM_OC_SetIdleState
                0x08002810       0xbc CMakeFiles/STM32C5A3R_Project4.dir/stm32c5xx_drivers/hal/stm32c5xx_hal_tim.c.obj
 .text.LL_TIM_OC_SetOverrideState
                0x080028cc       0xae CMakeFiles/STM32C5A3R_Project4.dir/stm32c5xx_drivers/hal/stm32c5xx_hal_tim.c.obj
 .text.LL_TIM_OC_SetBreakMode
                0x0800297a       0xae CMakeFiles/STM32C5A3R_Project4.dir/stm32c5xx_drivers/hal/stm32c5xx_hal_tim.c.obj
 .text.LL_TIM_OC_SetCompareValue
                0x08002a28       0x54 CMakeFiles/STM32C5A3R_Project4.dir/stm32c5xx_drivers/hal/stm32c5xx_hal_tim.c.obj
 .text.LL_TIM_SetClockSource
                0x08002a7c       0x2a CMakeFiles/STM32C5A3R_Project4.dir/stm32c5xx_drivers/hal/stm32c5xx_hal_tim.c.obj
 *fill*         0x08002aa6        0x2 
 .text.LL_TIM_GetSlaveMode
                0x08002aa8       0x20 CMakeFiles/STM32C5A3R_Project4.dir/stm32c5xx_drivers/hal/stm32c5xx_hal_tim.c.obj
 .text.LL_TIM_SetTriggerInput
                0x08002ac8       0x2a CMakeFiles/STM32C5A3R_Project4.dir/stm32c5xx_drivers/hal/stm32c5xx_hal_tim.c.obj
 .text.LL_TIM_EnableAllOutputs
                0x08002af2       0x20 CMakeFiles/STM32C5A3R_Project4.dir/stm32c5xx_drivers/hal/stm32c5xx_hal_tim.c.obj
 .text.LL_TIM_GenerateEvent_UPDATE
                0x08002b12       0x20 CMakeFiles/STM32C5A3R_Project4.dir/stm32c5xx_drivers/hal/stm32c5xx_hal_tim.c.obj
 *fill*         0x08002b32        0x2 
 .text.TIM_SetClockSource
                0x08002b34       0xcc CMakeFiles/STM32C5A3R_Project4.dir/stm32c5xx_drivers/hal/stm32c5xx_hal_tim.c.obj
 .text.HAL_TIM_Init
                0x08002c00       0x48 CMakeFiles/STM32C5A3R_Project4.dir/stm32c5xx_drivers/hal/stm32c5xx_hal_tim.c.obj
                0x08002c00                HAL_TIM_Init
 .text.HAL_TIM_SetConfig
                0x08002c48      0x13c CMakeFiles/STM32C5A3R_Project4.dir/stm32c5xx_drivers/hal/stm32c5xx_hal_tim.c.obj
                0x08002c48                HAL_TIM_SetConfig
 .text.HAL_TIM_SetPeriod
                0x08002d84       0x24 CMakeFiles/STM32C5A3R_Project4.dir/stm32c5xx_drivers/hal/stm32c5xx_hal_tim.c.obj
                0x08002d84                HAL_TIM_SetPeriod
 .text.HAL_TIM_SetPrescaler
                0x08002da8       0x24 CMakeFiles/STM32C5A3R_Project4.dir/stm32c5xx_drivers/hal/stm32c5xx_hal_tim.c.obj
                0x08002da8                HAL_TIM_SetPrescaler
 .text.HAL_TIM_SetDTSPrescaler
                0x08002dcc       0x28 CMakeFiles/STM32C5A3R_Project4.dir/stm32c5xx_drivers/hal/stm32c5xx_hal_tim.c.obj
                0x08002dcc                HAL_TIM_SetDTSPrescaler
 .text.HAL_TIM_SetDTS2Prescaler
                0x08002df4       0x24 CMakeFiles/STM32C5A3R_Project4.dir/stm32c5xx_drivers/hal/stm32c5xx_hal_tim.c.obj
                0x08002df4                HAL_TIM_SetDTS2Prescaler
 .text.HAL_TIM_SetCounter
                0x08002e18       0x24 CMakeFiles/STM32C5A3R_Project4.dir/stm32c5xx_drivers/hal/stm32c5xx_hal_tim.c.obj
                0x08002e18                HAL_TIM_SetCounter
 .text.HAL_TIM_EnableUpdateGeneration
                0x08002e3c       0x1e CMakeFiles/STM32C5A3R_Project4.dir/stm32c5xx_drivers/hal/stm32c5xx_hal_tim.c.obj
                0x08002e3c                HAL_TIM_EnableUpdateGeneration
 .text.HAL_TIM_SetUpdateSource
                0x08002e5a       0x28 CMakeFiles/STM32C5A3R_Project4.dir/stm32c5xx_drivers/hal/stm32c5xx_hal_tim.c.obj
                0x08002e5a                HAL_TIM_SetUpdateSource
 *fill*         0x08002e82        0x2 
 .text.HAL_TIM_Start
                0x08002e84       0x9c CMakeFiles/STM32C5A3R_Project4.dir/stm32c5xx_drivers/hal/stm32c5xx_hal_tim.c.obj
                0x08002e84                HAL_TIM_Start
 .text.HAL_TIM_OC_SetConfigCompareUnit
                0x08002f20       0x48 CMakeFiles/STM32C5A3R_Project4.dir/stm32c5xx_drivers/hal/stm32c5xx_hal_tim.c.obj
                0x08002f20                HAL_TIM_OC_SetConfigCompareUnit
 .text.HAL_TIM_OC_SetCompareUnitPulse
                0x08002f68       0x2c CMakeFiles/STM32C5A3R_Project4.dir/stm32c5xx_drivers/hal/stm32c5xx_hal_tim.c.obj
                0x08002f68                HAL_TIM_OC_SetCompareUnitPulse
 .text.HAL_TIM_OC_SetConfigChannel
                0x08002f94       0xd0 CMakeFiles/STM32C5A3R_Project4.dir/stm32c5xx_drivers/hal/stm32c5xx_hal_tim.c.obj
                0x08002f94                HAL_TIM_OC_SetConfigChannel
 .text.HAL_TIM_OC_StartChannel
                0x08003064       0x84 CMakeFiles/STM32C5A3R_Project4.dir/stm32c5xx_drivers/hal/stm32c5xx_hal_tim.c.obj
                0x08003064                HAL_TIM_OC_StartChannel
 .text._kill    0x080030e8       0x20 CMakeFiles/STM32C5A3R_Project4.dir/utilities/syscalls/syscalls.c.obj
                0x080030e8                _kill
 .text._exit    0x08003108       0x16 CMakeFiles/STM32C5A3R_Project4.dir/utilities/syscalls/syscalls.c.obj
                0x08003108                _exit
 .text._read    0x0800311e       0x3a CMakeFiles/STM32C5A3R_Project4.dir/utilities/syscalls/syscalls.c.obj
                0x0800311e                _read
 .text._write   0x08003158       0x38 CMakeFiles/STM32C5A3R_Project4.dir/utilities/syscalls/syscalls.c.obj
                0x08003158                _write
 .text._close   0x08003190       0x18 CMakeFiles/STM32C5A3R_Project4.dir/utilities/syscalls/syscalls.c.obj
                0x08003190                _close
 .text._fstat   0x080031a8       0x20 CMakeFiles/STM32C5A3R_Project4.dir/utilities/syscalls/syscalls.c.obj
                0x080031a8                _fstat
 .text._isatty  0x080031c8       0x16 CMakeFiles/STM32C5A3R_Project4.dir/utilities/syscalls/syscalls.c.obj
                0x080031c8                _isatty
 .text._lseek   0x080031de       0x1a CMakeFiles/STM32C5A3R_Project4.dir/utilities/syscalls/syscalls.c.obj
                0x080031de                _lseek
 .text._sbrk    0x080031f8       0x6c CMakeFiles/STM32C5A3R_Project4.dir/utilities/syscalls/sysmem.c.obj
                0x080031f8                _sbrk
 .text.printf   0x08003264       0x24 C:/ST/STM32CubeIDE_2.1.1/STM32CubeIDE/plugins/com.st.stm32cube.ide.mcu.externaltools.gnu-tools-for-stm32.14.3.rel1.win32_1.0.100.202602081740/tools/bin/../lib/gcc/arm-none-eabi/14.3.1/../../../../arm-none-eabi/lib/thumb/v8-m.main+fp/hard\libc_nano.a(libc_a-printf.o)
                0x08003264                iprintf
                0x08003264                printf
 .text._puts_r  0x08003288       0xaa C:/ST/STM32CubeIDE_2.1.1/STM32CubeIDE/plugins/com.st.stm32cube.ide.mcu.externaltools.gnu-tools-for-stm32.14.3.rel1.win32_1.0.100.202602081740/tools/bin/../lib/gcc/arm-none-eabi/14.3.1/../../../../arm-none-eabi/lib/thumb/v8-m.main+fp/hard\libc_nano.a(libc_a-puts.o)
                0x08003288                _puts_r
 *fill*         0x08003332        0x2 
 .text.puts     0x08003334       0x10 C:/ST/STM32CubeIDE_2.1.1/STM32CubeIDE/plugins/com.st.stm32cube.ide.mcu.externaltools.gnu-tools-for-stm32.14.3.rel1.win32_1.0.100.202602081740/tools/bin/../lib/gcc/arm-none-eabi/14.3.1/../../../../arm-none-eabi/lib/thumb/v8-m.main+fp/hard\libc_nano.a(libc_a-puts.o)
                0x08003334                puts
 .text.__swbuf_r
                0x08003344       0x7c C:/ST/STM32CubeIDE_2.1.1/STM32CubeIDE/plugins/com.st.stm32cube.ide.mcu.externaltools.gnu-tools-for-stm32.14.3.rel1.win32_1.0.100.202602081740/tools/bin/../lib/gcc/arm-none-eabi/14.3.1/../../../../arm-none-eabi/lib/thumb/v8-m.main+fp/hard\libc_nano.a(libc_a-wbuf.o)
                0x08003344                __swbuf_r
 .text.__swsetup_r
                0x080033c0       0xa8 C:/ST/STM32CubeIDE_2.1.1/STM32CubeIDE/plugins/com.st.stm32cube.ide.mcu.externaltools.gnu-tools-for-stm32.14.3.rel1.win32_1.0.100.202602081740/tools/bin/../lib/gcc/arm-none-eabi/14.3.1/../../../../arm-none-eabi/lib/thumb/v8-m.main+fp/hard\libc_nano.a(libc_a-wsetup.o)
                0x080033c0                __swsetup_r
 .text.__errno  0x08003468        0xc C:/ST/STM32CubeIDE_2.1.1/STM32CubeIDE/plugins/com.st.stm32cube.ide.mcu.externaltools.gnu-tools-for-stm32.14.3.rel1.win32_1.0.100.202602081740/tools/bin/../lib/gcc/arm-none-eabi/14.3.1/../../../../arm-none-eabi/lib/thumb/v8-m.main+fp/hard\libc_nano.a(libc_a-errno.o)
                0x08003468                __errno
 .text.__sfputc_r
                0x08003474       0x2e C:/ST/STM32CubeIDE_2.1.1/STM32CubeIDE/plugins/com.st.stm32cube.ide.mcu.externaltools.gnu-tools-for-stm32.14.3.rel1.win32_1.0.100.202602081740/tools/bin/../lib/gcc/arm-none-eabi/14.3.1/../../../../arm-none-eabi/lib/thumb/v8-m.main+fp/hard\libc_nano.a(libc_a-nano-vfprintf.o)
 .text.__sfputs_r
                0x080034a2       0x24 C:/ST/STM32CubeIDE_2.1.1/STM32CubeIDE/plugins/com.st.stm32cube.ide.mcu.externaltools.gnu-tools-for-stm32.14.3.rel1.win32_1.0.100.202602081740/tools/bin/../lib/gcc/arm-none-eabi/14.3.1/../../../../arm-none-eabi/lib/thumb/v8-m.main+fp/hard\libc_nano.a(libc_a-nano-vfprintf.o)
                0x080034a2                __sfputs_r
 *fill*         0x080034c6        0x2 
 .text._vfprintf_r
                0x080034c8      0x228 C:/ST/STM32CubeIDE_2.1.1/STM32CubeIDE/plugins/com.st.stm32cube.ide.mcu.externaltools.gnu-tools-for-stm32.14.3.rel1.win32_1.0.100.202602081740/tools/bin/../lib/gcc/arm-none-eabi/14.3.1/../../../../arm-none-eabi/lib/thumb/v8-m.main+fp/hard\libc_nano.a(libc_a-nano-vfprintf.o)
                0x080034c8                _vfprintf_r
                0x080034c8                _vfiprintf_r
 .text._printf_common
                0x080036f0       0xe4 C:/ST/STM32CubeIDE_2.1.1/STM32CubeIDE/plugins/com.st.stm32cube.ide.mcu.externaltools.gnu-tools-for-stm32.14.3.rel1.win32_1.0.100.202602081740/tools/bin/../lib/gcc/arm-none-eabi/14.3.1/../../../../arm-none-eabi/lib/thumb/v8-m.main+fp/hard\libc_nano.a(libc_a-nano-vfprintf_i.o)
                0x080036f0                _printf_common
 .text._printf_i
                0x080037d4      0x24c C:/ST/STM32CubeIDE_2.1.1/STM32CubeIDE/plugins/com.st.stm32cube.ide.mcu.externaltools.gnu-tools-for-stm32.14.3.rel1.win32_1.0.100.202602081740/tools/bin/../lib/gcc/arm-none-eabi/14.3.1/../../../../arm-none-eabi/lib/thumb/v8-m.main+fp/hard\libc_nano.a(libc_a-nano-vfprintf_i.o)
                0x080037d4                _printf_i
 .text.__swhatbuf_r
                0x08003a20       0x48 C:/ST/STM32CubeIDE_2.1.1/STM32CubeIDE/plugins/com.st.stm32cube.ide.mcu.externaltools.gnu-tools-for-stm32.14.3.rel1.win32_1.0.100.202602081740/tools/bin/../lib/gcc/arm-none-eabi/14.3.1/../../../../arm-none-eabi/lib/thumb/v8-m.main+fp/hard\libc_nano.a(libc_a-makebuf.o)
                0x08003a20                __swhatbuf_r
 .text.__smakebuf_r
                0x08003a68       0x72 C:/ST/STM32CubeIDE_2.1.1/STM32CubeIDE/plugins/com.st.stm32cube.ide.mcu.externaltools.gnu-tools-for-stm32.14.3.rel1.win32_1.0.100.202602081740/tools/bin/../lib/gcc/arm-none-eabi/14.3.1/../../../../arm-none-eabi/lib/thumb/v8-m.main+fp/hard\libc_nano.a(libc_a-makebuf.o)
                0x08003a68                __smakebuf_r
 *fill*         0x08003ada        0x2 
 .text._fstat_r
                0x08003adc       0x24 C:/ST/STM32CubeIDE_2.1.1/STM32CubeIDE/plugins/com.st.stm32cube.ide.mcu.externaltools.gnu-tools-for-stm32.14.3.rel1.win32_1.0.100.202602081740/tools/bin/../lib/gcc/arm-none-eabi/14.3.1/../../../../arm-none-eabi/lib/thumb/v8-m.main+fp/hard\libc_nano.a(libc_a-fstatr.o)
                0x08003adc                _fstat_r
 .text._isatty_r
                0x08003b00       0x20 C:/ST/STM32CubeIDE_2.1.1/STM32CubeIDE/plugins/com.st.stm32cube.ide.mcu.externaltools.gnu-tools-for-stm32.14.3.rel1.win32_1.0.100.202602081740/tools/bin/../lib/gcc/arm-none-eabi/14.3.1/../../../../arm-none-eabi/lib/thumb/v8-m.main+fp/hard\libc_nano.a(libc_a-isattyr.o)
                0x08003b00                _isatty_r
 .text.memchr   0x08003b20       0x1c C:/ST/STM32CubeIDE_2.1.1/STM32CubeIDE/plugins/com.st.stm32cube.ide.mcu.externaltools.gnu-tools-for-stm32.14.3.rel1.win32_1.0.100.202602081740/tools/bin/../lib/gcc/arm-none-eabi/14.3.1/../../../../arm-none-eabi/lib/thumb/v8-m.main+fp/hard\libc_nano.a(libc_a-memchr-stub.o)
                0x08003b20                memchr
 *(.glue_7)
 .glue_7        0x08003b3c        0x0 linker stubs
 *(.glue_7t)
 .glue_7t       0x08003b3c        0x0 linker stubs
 *(.eh_frame)
 .eh_frame      0x08003b3c        0x0 C:/ST/STM32CubeIDE_2.1.1/STM32CubeIDE/plugins/com.st.stm32cube.ide.mcu.externaltools.gnu-tools-for-stm32.14.3.rel1.win32_1.0.100.202602081740/tools/bin/../lib/gcc/arm-none-eabi/14.3.1/thumb/v8-m.main+fp/hard/crtbegin.o
 *(.init)
 .init          0x08003b3c        0x4 C:/ST/STM32CubeIDE_2.1.1/STM32CubeIDE/plugins/com.st.stm32cube.ide.mcu.externaltools.gnu-tools-for-stm32.14.3.rel1.win32_1.0.100.202602081740/tools/bin/../lib/gcc/arm-none-eabi/14.3.1/thumb/v8-m.main+fp/hard/crti.o
                0x08003b3c                _init
 .init          0x08003b40        0x8 C:/ST/STM32CubeIDE_2.1.1/STM32CubeIDE/plugins/com.st.stm32cube.ide.mcu.externaltools.gnu-tools-for-stm32.14.3.rel1.win32_1.0.100.202602081740/tools/bin/../lib/gcc/arm-none-eabi/14.3.1/thumb/v8-m.main+fp/hard/crtn.o
 *(.fini)
 .fini          0x08003b48        0x4 C:/ST/STM32CubeIDE_2.1.1/STM32CubeIDE/plugins/com.st.stm32cube.ide.mcu.externaltools.gnu-tools-for-stm32.14.3.rel1.win32_1.0.100.202602081740/tools/bin/../lib/gcc/arm-none-eabi/14.3.1/thumb/v8-m.main+fp/hard/crti.o
                0x08003b48                _fini
 .fini          0x08003b4c        0x8 C:/ST/STM32CubeIDE_2.1.1/STM32CubeIDE/plugins/com.st.stm32cube.ide.mcu.externaltools.gnu-tools-for-stm32.14.3.rel1.win32_1.0.100.202602081740/tools/bin/../lib/gcc/arm-none-eabi/14.3.1/thumb/v8-m.main+fp/hard/crtn.o
                0x08003b58                        . = ALIGN (0x8)
 *fill*         0x08003b54        0x4 
                0x08003b58                        _etext = .

.vfp11_veneer   0x08003b58        0x0
 .vfp11_veneer  0x08003b58        0x0 linker stubs

.v4_bx          0x08003b58        0x0
 .v4_bx         0x08003b58        0x0 linker stubs

.iplt           0x08003b58        0x0
 .iplt          0x08003b58        0x0 C:/ST/STM32CubeIDE_2.1.1/STM32CubeIDE/plugins/com.st.stm32cube.ide.mcu.externaltools.gnu-tools-for-stm32.14.3.rel1.win32_1.0.100.202602081740/tools/bin/../lib/gcc/arm-none-eabi/14.3.1/thumb/v8-m.main+fp/hard/crtbegin.o

.rodata         0x08003b58      0x148
                0x08003b58                        . = ALIGN (0x8)
 *(.rodata)
 .rodata        0x08003b58       0x9f CMakeFiles/STM32C5A3R_Project4.dir/main.c.obj
 *(.rodata*)
 *fill*         0x08003bf7        0x1 
 .rodata.AHBPrescTable
                0x08003bf8       0x10 CMakeFiles/STM32C5A3R_Project4.dir/user_modifiable/Device/STM32C5A3RGT6/system_stm32c5xx.c.obj
                0x08003bf8                AHBPrescTable
 .rodata.LL_TIM_OFFSET_TAB_CCMRx
                0x08003c08        0xb CMakeFiles/STM32C5A3R_Project4.dir/stm32c5xx_drivers/hal/stm32c5xx_hal_tim.c.obj
 *fill*         0x08003c13        0x1 
 .rodata.LL_TIM_OFFSET_TAB_CCRx
                0x08003c14        0x7 CMakeFiles/STM32C5A3R_Project4.dir/stm32c5xx_drivers/hal/stm32c5xx_hal_tim.c.obj
 *fill*         0x08003c1b        0x1 
 .rodata.LL_TIM_SHIFT_TAB_OCxx
                0x08003c1c        0xb CMakeFiles/STM32C5A3R_Project4.dir/stm32c5xx_drivers/hal/stm32c5xx_hal_tim.c.obj
 *fill*         0x08003c27        0x1 
 .rodata.LL_TIM_SHIFT_TAB_CCxP
                0x08003c28        0xb CMakeFiles/STM32C5A3R_Project4.dir/stm32c5xx_drivers/hal/stm32c5xx_hal_tim.c.obj
 *fill*         0x08003c33        0x1 
 .rodata.LL_TIM_SHIFT_TAB_OISx
                0x08003c34        0xb CMakeFiles/STM32C5A3R_Project4.dir/stm32c5xx_drivers/hal/stm32c5xx_hal_tim.c.obj
 *fill*         0x08003c3f        0x1 
 .rodata.ll_tim_channels
                0x08003c40       0x2c CMakeFiles/STM32C5A3R_Project4.dir/stm32c5xx_drivers/hal/stm32c5xx_hal_tim.c.obj
 .rodata._vfprintf_r.str1.1
                0x08003c6c       0x33 C:/ST/STM32CubeIDE_2.1.1/STM32CubeIDE/plugins/com.st.stm32cube.ide.mcu.externaltools.gnu-tools-for-stm32.14.3.rel1.win32_1.0.100.202602081740/tools/bin/../lib/gcc/arm-none-eabi/14.3.1/../../../../arm-none-eabi/lib/thumb/v8-m.main+fp/hard\libc_nano.a(libc_a-nano-vfprintf.o)
                                 0x11 (size before relaxing)
 .rodata._printf_i.str1.1
                0x08003c9f       0x22 C:/ST/STM32CubeIDE_2.1.1/STM32CubeIDE/plugins/com.st.stm32cube.ide.mcu.externaltools.gnu-tools-for-stm32.14.3.rel1.win32_1.0.100.202602081740/tools/bin/../lib/gcc/arm-none-eabi/14.3.1/../../../../arm-none-eabi/lib/thumb/v8-m.main+fp/hard\libc_nano.a(libc_a-nano-vfprintf_i.o)
                0x08003cc8                        . = ALIGN (0x8)
 *fill*         0x08003c9f        0x1 

.ARM.extab      0x08003ca0        0x0
                0x08003ca0                        . = ALIGN (0x8)
 *(.ARM.extab* .gnu.linkonce.armextab.*)
                0x08003ca0                        . = ALIGN (0x8)

.ARM            0x08003ca0        0x8
                0x08003ca0                        . = ALIGN (0x8)
                0x08003ca0                        __exidx_start = .
 *(.ARM.exidx*)
 .ARM.exidx     0x08003ca0        0x8 C:/ST/STM32CubeIDE_2.1.1/STM32CubeIDE/plugins/com.st.stm32cube.ide.mcu.externaltools.gnu-tools-for-stm32.14.3.rel1.win32_1.0.100.202602081740/tools/bin/../lib/gcc/arm-none-eabi/14.3.1/../../../../arm-none-eabi/lib/thumb/v8-m.main+fp/hard/crt0.o
                                 0x10 (size before relaxing)
                0x08003ca8                        __exidx_end = .
                0x08003ca8                        . = ALIGN (0x8)

.preinit_array  0x08003ca8        0x0
                0x08003ca8                        . = ALIGN (0x8)
                0x08003ca8                        PROVIDE (__preinit_array_start = .)
 *(.preinit_array*)
                0x08003ca8                        PROVIDE (__preinit_array_end = .)
                0x08003ca8                        . = ALIGN (0x8)

.init_array     0x08003ca8        0x8
                0x08003ca8                        . = ALIGN (0x8)
                0x08003ca8                        PROVIDE (__init_array_start = .)
 *(SORT_BY_NAME(.init_array.*))
 *(.init_array*)
 .init_array    0x08003ca8        0x4 C:/ST/STM32CubeIDE_2.1.1/STM32CubeIDE/plugins/com.st.stm32cube.ide.mcu.externaltools.gnu-tools-for-stm32.14.3.rel1.win32_1.0.100.202602081740/tools/bin/../lib/gcc/arm-none-eabi/14.3.1/thumb/v8-m.main+fp/hard/crtbegin.o
                0x08003cac                        PROVIDE (__init_array_end = .)
                0x08003cb0                        . = ALIGN (0x8)
 *fill*         0x08003cac        0x4 

.fini_array     0x08003cb0        0x8
                0x08003cb0                        . = ALIGN (0x8)
                [!provide]                        PROVIDE (__fini_array_start = .)
 *(SORT_BY_NAME(.fini_array.*))
 *(.fini_array*)
 .fini_array    0x08003cb0        0x4 C:/ST/STM32CubeIDE_2.1.1/STM32CubeIDE/plugins/com.st.stm32cube.ide.mcu.externaltools.gnu-tools-for-stm32.14.3.rel1.win32_1.0.100.202602081740/tools/bin/../lib/gcc/arm-none-eabi/14.3.1/thumb/v8-m.main+fp/hard/crtbegin.o
                [!provide]                        PROVIDE (__fini_array_end = .)
                0x08003cb8                        . = ALIGN (0x8)
 *fill*         0x08003cb4        0x4 

.copy.table     0x08003cb8        0xc
                0x08003cb8                        . = ALIGN (0x8)
                0x08003cb8                        __copy_table_start__ = .
                0x08003cb8        0x4 LONG 0x8003cd0 LOADADDR (.data)
                0x08003cbc        0x4 LONG 0x20000000 ADDR (.data)
                0x08003cc0        0x4 LONG 0x1a (SIZEOF (.data) / 0x4)
                0x08003cc4                        __copy_table_end__ = .

.zero.table     0x08003cc4        0xc
                0x08003cc8                        . = ALIGN (0x8)
 *fill*         0x08003cc4        0x4 
                0x08003cc8                        __zero_table_start__ = .
                0x08003cc8        0x4 LONG 0x20000068 ADDR (.bss)
                0x08003ccc        0x4 LONG 0x6c (SIZEOF (.bss) / 0x4)
                0x08003cd0                        __zero_table_end__ = .

.rel.dyn        0x08003cd0        0x0
 .rel.iplt      0x08003cd0        0x0 C:/ST/STM32CubeIDE_2.1.1/STM32CubeIDE/plugins/com.st.stm32cube.ide.mcu.externaltools.gnu-tools-for-stm32.14.3.rel1.win32_1.0.100.202602081740/tools/bin/../lib/gcc/arm-none-eabi/14.3.1/thumb/v8-m.main+fp/hard/crtbegin.o

.data           0x20000000       0x68 load address 0x08003cd0
                0x20000000                        . = ALIGN (0x8)
                0x08003cd0                        _sidata = LOADADDR (.data)
                0x20000000                        __data_start__ = .
                0x20000000                        _sdata = .
 *(.data)
 *(.data*)
 .data.__sglue  0x20000000        0xc C:/ST/STM32CubeIDE_2.1.1/STM32CubeIDE/plugins/com.st.stm32cube.ide.mcu.externaltools.gnu-tools-for-stm32.14.3.rel1.win32_1.0.100.202602081740/tools/bin/../lib/gcc/arm-none-eabi/14.3.1/../../../../arm-none-eabi/lib/thumb/v8-m.main+fp/hard\libc_nano.a(libc_a-findfp.o)
                0x20000000                __sglue
 .data._impure_ptr
                0x2000000c        0x4 C:/ST/STM32CubeIDE_2.1.1/STM32CubeIDE/plugins/com.st.stm32cube.ide.mcu.externaltools.gnu-tools-for-stm32.14.3.rel1.win32_1.0.100.202602081740/tools/bin/../lib/gcc/arm-none-eabi/14.3.1/../../../../arm-none-eabi/lib/thumb/v8-m.main+fp/hard\libc_nano.a(libc_a-impure.o)
                0x2000000c                _impure_ptr
 .data._impure_data
                0x20000010       0x4c C:/ST/STM32CubeIDE_2.1.1/STM32CubeIDE/plugins/com.st.stm32cube.ide.mcu.externaltools.gnu-tools-for-stm32.14.3.rel1.win32_1.0.100.202602081740/tools/bin/../lib/gcc/arm-none-eabi/14.3.1/../../../../arm-none-eabi/lib/thumb/v8-m.main+fp/hard\libc_nano.a(libc_a-impure.o)
                0x20000010                _impure_data
 .data.SystemCoreClock
                0x2000005c        0x4 CMakeFiles/STM32C5A3R_Project4.dir/user_modifiable/Device/STM32C5A3RGT6/system_stm32c5xx.c.obj
                0x2000005c                SystemCoreClock
 .data.uwTickPrio
                0x20000060        0x4 CMakeFiles/STM32C5A3R_Project4.dir/stm32c5xx_drivers/hal/stm32c5xx_hal.c.obj
                0x20000060                uwTickPrio
 .data.uwTickFreq
                0x20000064        0x1 CMakeFiles/STM32C5A3R_Project4.dir/stm32c5xx_drivers/hal/stm32c5xx_hal.c.obj
                0x20000064                uwTickFreq
                0x20000068                        . = ALIGN (0x8)
 *fill*         0x20000065        0x3 
                0x20000068                        _edata = .

.igot.plt       0x20000068        0x0 load address 0x08003d38
 .igot.plt      0x20000068        0x0 C:/ST/STM32CubeIDE_2.1.1/STM32CubeIDE/plugins/com.st.stm32cube.ide.mcu.externaltools.gnu-tools-for-stm32.14.3.rel1.win32_1.0.100.202602081740/tools/bin/../lib/gcc/arm-none-eabi/14.3.1/thumb/v8-m.main+fp/hard/crtbegin.o

.bss            0x20000068      0x1b0 load address 0x08003d38
                0x20000068                        . = ALIGN (0x8)
                0x20000068                        _sbss = .
                0x20000068                        __bss_start__ = _sbss
 *(.bss)
 .bss           0x20000068       0x1c C:/ST/STM32CubeIDE_2.1.1/STM32CubeIDE/plugins/com.st.stm32cube.ide.mcu.externaltools.gnu-tools-for-stm32.14.3.rel1.win32_1.0.100.202602081740/tools/bin/../lib/gcc/arm-none-eabi/14.3.1/thumb/v8-m.main+fp/hard/crtbegin.o
 *(.bss*)
 .bss.__sf      0x20000084      0x138 C:/ST/STM32CubeIDE_2.1.1/STM32CubeIDE/plugins/com.st.stm32cube.ide.mcu.externaltools.gnu-tools-for-stm32.14.3.rel1.win32_1.0.100.202602081740/tools/bin/../lib/gcc/arm-none-eabi/14.3.1/../../../../arm-none-eabi/lib/thumb/v8-m.main+fp/hard\libc_nano.a(libc_a-findfp.o)
                0x20000084                __sf
 .bss.__stdio_exit_handler
                0x200001bc        0x4 C:/ST/STM32CubeIDE_2.1.1/STM32CubeIDE/plugins/com.st.stm32cube.ide.mcu.externaltools.gnu-tools-for-stm32.14.3.rel1.win32_1.0.100.202602081740/tools/bin/../lib/gcc/arm-none-eabi/14.3.1/../../../../arm-none-eabi/lib/thumb/v8-m.main+fp/hard\libc_nano.a(libc_a-findfp.o)
                0x200001bc                __stdio_exit_handler
 .bss.errno     0x200001c0        0x4 C:/ST/STM32CubeIDE_2.1.1/STM32CubeIDE/plugins/com.st.stm32cube.ide.mcu.externaltools.gnu-tools-for-stm32.14.3.rel1.win32_1.0.100.202602081740/tools/bin/../lib/gcc/arm-none-eabi/14.3.1/../../../../arm-none-eabi/lib/thumb/v8-m.main+fp/hard\libc_nano.a(libc_a-reent.o)
                0x200001c0                errno
 .bss.__lock___malloc_recursive_mutex
                0x200001c4        0x1 C:/ST/STM32CubeIDE_2.1.1/STM32CubeIDE/plugins/com.st.stm32cube.ide.mcu.externaltools.gnu-tools-for-stm32.14.3.rel1.win32_1.0.100.202602081740/tools/bin/../lib/gcc/arm-none-eabi/14.3.1/../../../../arm-none-eabi/lib/thumb/v8-m.main+fp/hard\libc_nano.a(libc_a-lock.o)
                0x200001c4                __lock___malloc_recursive_mutex
 .bss.__lock___sfp_recursive_mutex
                0x200001c5        0x1 C:/ST/STM32CubeIDE_2.1.1/STM32CubeIDE/plugins/com.st.stm32cube.ide.mcu.externaltools.gnu-tools-for-stm32.14.3.rel1.win32_1.0.100.202602081740/tools/bin/../lib/gcc/arm-none-eabi/14.3.1/../../../../arm-none-eabi/lib/thumb/v8-m.main+fp/hard\libc_nano.a(libc_a-lock.o)
                0x200001c5                __lock___sfp_recursive_mutex
 *fill*         0x200001c6        0x2 
 .bss.__malloc_sbrk_start
                0x200001c8        0x4 C:/ST/STM32CubeIDE_2.1.1/STM32CubeIDE/plugins/com.st.stm32cube.ide.mcu.externaltools.gnu-tools-for-stm32.14.3.rel1.win32_1.0.100.202602081740/tools/bin/../lib/gcc/arm-none-eabi/14.3.1/../../../../arm-none-eabi/lib/thumb/v8-m.main+fp/hard\libc_nano.a(libc_a-mallocr.o)
                0x200001c8                __malloc_sbrk_start
 .bss.__malloc_free_list
                0x200001cc        0x4 C:/ST/STM32CubeIDE_2.1.1/STM32CubeIDE/plugins/com.st.stm32cube.ide.mcu.externaltools.gnu-tools-for-stm32.14.3.rel1.win32_1.0.100.202602081740/tools/bin/../lib/gcc/arm-none-eabi/14.3.1/../../../../arm-none-eabi/lib/thumb/v8-m.main+fp/hard\libc_nano.a(libc_a-mallocr.o)
                0x200001cc                __malloc_free_list
 .bss.hICACHE   0x200001d0        0x8 CMakeFiles/STM32C5A3R_Project4.dir/generated/hal/mx_icache.c.obj
 .bss.hTIM1     0x200001d8       0x34 CMakeFiles/STM32C5A3R_Project4.dir/generated/hal/mx_tim1.c.obj
 .bss.uwTick    0x2000020c        0x4 CMakeFiles/STM32C5A3R_Project4.dir/stm32c5xx_drivers/hal/stm32c5xx_hal.c.obj
                0x2000020c                uwTick
 .bss.__sbrk_heap_end
                0x20000210        0x4 CMakeFiles/STM32C5A3R_Project4.dir/utilities/syscalls/sysmem.c.obj
 *(COMMON)
                0x20000218                        . = ALIGN (0x8)
 *fill*         0x20000214        0x4 
                0x20000218                        _ebss = .
                0x20000218                        __bss_end__ = _ebss

.heap           0x20000218      0x200 load address 0x08003d38
                0x20000218                        . = ALIGN (0x8)
                0x20000218                        __end__ = .
                [!provide]                        PROVIDE (end = .)
                0x20000218                        _heap_start = .
                0x20000418                        . = (. + HEAP_SIZE)
 *fill*         0x20000218      0x200 
                0x20000418                        . = ALIGN (0x8)
                0x20000418                        _heap_end = .
                0x20000418                        __HeapLimit = .

.stack          0x20000418      0x400 load address 0x08003d38
                0x20000418                        . = ALIGN (0x8)
                0x20000418                        __StackLimit = .
                0x20000818                        . = (. + STACK_SIZE)
 *fill*         0x20000418      0x400 
                0x20000818                        . = ALIGN (0x8)
                0x20000818                        __StackTop = .
                0x20000818                        _estack = .
                0x20000818                        __stack = .

/DISCARD/
 libc.a(*)
 libm.a(*)
 libgcc.a(*)

.ARM.attributes
                0x00000000       0x36
 *(.ARM.attributes)
 .ARM.attributes
                0x00000000       0x26 C:/ST/STM32CubeIDE_2.1.1/STM32CubeIDE/plugins/com.st.stm32cube.ide.mcu.externaltools.gnu-tools-for-stm32.14.3.rel1.win32_1.0.100.202602081740/tools/bin/../lib/gcc/arm-none-eabi/14.3.1/thumb/v8-m.main+fp/hard/crti.o
 .ARM.attributes
                0x00000026       0x38 C:/ST/STM32CubeIDE_2.1.1/STM32CubeIDE/plugins/com.st.stm32cube.ide.mcu.externaltools.gnu-tools-for-stm32.14.3.rel1.win32_1.0.100.202602081740/tools/bin/../lib/gcc/arm-none-eabi/14.3.1/thumb/v8-m.main+fp/hard/crtbegin.o
 .ARM.attributes
                0x0000005e       0x24 C:/ST/STM32CubeIDE_2.1.1/STM32CubeIDE/plugins/com.st.stm32cube.ide.mcu.externaltools.gnu-tools-for-stm32.14.3.rel1.win32_1.0.100.202602081740/tools/bin/../lib/gcc/arm-none-eabi/14.3.1/../../../../arm-none-eabi/lib/thumb/v8-m.main+fp/hard/crt0.o
 .ARM.attributes
                0x00000082       0x38 C:/ST/STM32CubeIDE_2.1.1/STM32CubeIDE/plugins/com.st.stm32cube.ide.mcu.externaltools.gnu-tools-for-stm32.14.3.rel1.win32_1.0.100.202602081740/tools/bin/../lib/gcc/arm-none-eabi/14.3.1/../../../../arm-none-eabi/lib/thumb/v8-m.main+fp/hard\libc_nano.a(libc_a-exit.o)
 .ARM.attributes
                0x000000ba       0x38 C:/ST/STM32CubeIDE_2.1.1/STM32CubeIDE/plugins/com.st.stm32cube.ide.mcu.externaltools.gnu-tools-for-stm32.14.3.rel1.win32_1.0.100.202602081740/tools/bin/../lib/gcc/arm-none-eabi/14.3.1/../../../../arm-none-eabi/lib/thumb/v8-m.main+fp/hard\libc_nano.a(libc_a-findfp.o)
 .ARM.attributes
                0x000000f2       0x38 C:/ST/STM32CubeIDE_2.1.1/STM32CubeIDE/plugins/com.st.stm32cube.ide.mcu.externaltools.gnu-tools-for-stm32.14.3.rel1.win32_1.0.100.202602081740/tools/bin/../lib/gcc/arm-none-eabi/14.3.1/../../../../arm-none-eabi/lib/thumb/v8-m.main+fp/hard\libc_nano.a(libc_a-fwalk.o)
 .ARM.attributes
                0x0000012a       0x38 C:/ST/STM32CubeIDE_2.1.1/STM32CubeIDE/plugins/com.st.stm32cube.ide.mcu.externaltools.gnu-tools-for-stm32.14.3.rel1.win32_1.0.100.202602081740/tools/bin/../lib/gcc/arm-none-eabi/14.3.1/../../../../arm-none-eabi/lib/thumb/v8-m.main+fp/hard\libc_nano.a(libc_a-stdio.o)
 .ARM.attributes
                0x00000162       0x38 C:/ST/STM32CubeIDE_2.1.1/STM32CubeIDE/plugins/com.st.stm32cube.ide.mcu.externaltools.gnu-tools-for-stm32.14.3.rel1.win32_1.0.100.202602081740/tools/bin/../lib/gcc/arm-none-eabi/14.3.1/../../../../arm-none-eabi/lib/thumb/v8-m.main+fp/hard\libc_nano.a(libc_a-memset.o)
 .ARM.attributes
                0x0000019a       0x38 C:/ST/STM32CubeIDE_2.1.1/STM32CubeIDE/plugins/com.st.stm32cube.ide.mcu.externaltools.gnu-tools-for-stm32.14.3.rel1.win32_1.0.100.202602081740/tools/bin/../lib/gcc/arm-none-eabi/14.3.1/../../../../arm-none-eabi/lib/thumb/v8-m.main+fp/hard\libc_nano.a(libc_a-closer.o)
 .ARM.attributes
                0x000001d2       0x38 C:/ST/STM32CubeIDE_2.1.1/STM32CubeIDE/plugins/com.st.stm32cube.ide.mcu.externaltools.gnu-tools-for-stm32.14.3.rel1.win32_1.0.100.202602081740/tools/bin/../lib/gcc/arm-none-eabi/14.3.1/../../../../arm-none-eabi/lib/thumb/v8-m.main+fp/hard\libc_nano.a(libc_a-reent.o)
 .ARM.attributes
                0x0000020a       0x38 C:/ST/STM32CubeIDE_2.1.1/STM32CubeIDE/plugins/com.st.stm32cube.ide.mcu.externaltools.gnu-tools-for-stm32.14.3.rel1.win32_1.0.100.202602081740/tools/bin/../lib/gcc/arm-none-eabi/14.3.1/../../../../arm-none-eabi/lib/thumb/v8-m.main+fp/hard\libc_nano.a(libc_a-impure.o)
 .ARM.attributes
                0x00000242       0x38 C:/ST/STM32CubeIDE_2.1.1/STM32CubeIDE/plugins/com.st.stm32cube.ide.mcu.externaltools.gnu-tools-for-stm32.14.3.rel1.win32_1.0.100.202602081740/tools/bin/../lib/gcc/arm-none-eabi/14.3.1/../../../../arm-none-eabi/lib/thumb/v8-m.main+fp/hard\libc_nano.a(libc_a-lseekr.o)
 .ARM.attributes
                0x0000027a       0x38 C:/ST/STM32CubeIDE_2.1.1/STM32CubeIDE/plugins/com.st.stm32cube.ide.mcu.externaltools.gnu-tools-for-stm32.14.3.rel1.win32_1.0.100.202602081740/tools/bin/../lib/gcc/arm-none-eabi/14.3.1/../../../../arm-none-eabi/lib/thumb/v8-m.main+fp/hard\libc_nano.a(libc_a-readr.o)
 .ARM.attributes
                0x000002b2       0x38 C:/ST/STM32CubeIDE_2.1.1/STM32CubeIDE/plugins/com.st.stm32cube.ide.mcu.externaltools.gnu-tools-for-stm32.14.3.rel1.win32_1.0.100.202602081740/tools/bin/../lib/gcc/arm-none-eabi/14.3.1/../../../../arm-none-eabi/lib/thumb/v8-m.main+fp/hard\libc_nano.a(libc_a-writer.o)
 .ARM.attributes
                0x000002ea       0x38 C:/ST/STM32CubeIDE_2.1.1/STM32CubeIDE/plugins/com.st.stm32cube.ide.mcu.externaltools.gnu-tools-for-stm32.14.3.rel1.win32_1.0.100.202602081740/tools/bin/../lib/gcc/arm-none-eabi/14.3.1/../../../../arm-none-eabi/lib/thumb/v8-m.main+fp/hard\libc_nano.a(libc_a-init.o)
 .ARM.attributes
                0x00000322       0x38 C:/ST/STM32CubeIDE_2.1.1/STM32CubeIDE/plugins/com.st.stm32cube.ide.mcu.externaltools.gnu-tools-for-stm32.14.3.rel1.win32_1.0.100.202602081740/tools/bin/../lib/gcc/arm-none-eabi/14.3.1/../../../../arm-none-eabi/lib/thumb/v8-m.main+fp/hard\libc_nano.a(libc_a-lock.o)
 .ARM.attributes
                0x0000035a       0x38 C:/ST/STM32CubeIDE_2.1.1/STM32CubeIDE/plugins/com.st.stm32cube.ide.mcu.externaltools.gnu-tools-for-stm32.14.3.rel1.win32_1.0.100.202602081740/tools/bin/../lib/gcc/arm-none-eabi/14.3.1/../../../../arm-none-eabi/lib/thumb/v8-m.main+fp/hard\libc_nano.a(libc_a-freer.o)
 .ARM.attributes
                0x00000392       0x38 C:/ST/STM32CubeIDE_2.1.1/STM32CubeIDE/plugins/com.st.stm32cube.ide.mcu.externaltools.gnu-tools-for-stm32.14.3.rel1.win32_1.0.100.202602081740/tools/bin/../lib/gcc/arm-none-eabi/14.3.1/../../../../arm-none-eabi/lib/thumb/v8-m.main+fp/hard\libc_nano.a(libc_a-mallocr.o)
 .ARM.attributes
                0x000003ca       0x38 C:/ST/STM32CubeIDE_2.1.1/STM32CubeIDE/plugins/com.st.stm32cube.ide.mcu.externaltools.gnu-tools-for-stm32.14.3.rel1.win32_1.0.100.202602081740/tools/bin/../lib/gcc/arm-none-eabi/14.3.1/../../../../arm-none-eabi/lib/thumb/v8-m.main+fp/hard\libc_nano.a(libc_a-mlock.o)
 .ARM.attributes
                0x00000402       0x38 C:/ST/STM32CubeIDE_2.1.1/STM32CubeIDE/plugins/com.st.stm32cube.ide.mcu.externaltools.gnu-tools-for-stm32.14.3.rel1.win32_1.0.100.202602081740/tools/bin/../lib/gcc/arm-none-eabi/14.3.1/../../../../arm-none-eabi/lib/thumb/v8-m.main+fp/hard\libc_nano.a(libc_a-fflush.o)
 .ARM.attributes
                0x0000043a       0x38 C:/ST/STM32CubeIDE_2.1.1/STM32CubeIDE/plugins/com.st.stm32cube.ide.mcu.externaltools.gnu-tools-for-stm32.14.3.rel1.win32_1.0.100.202602081740/tools/bin/../lib/gcc/arm-none-eabi/14.3.1/../../../../arm-none-eabi/lib/thumb/v8-m.main+fp/hard\libc_nano.a(libc_a-sbrkr.o)
 .ARM.attributes
                0x00000472       0x3a CMakeFiles/STM32C5A3R_Project4.dir/main.c.obj
 .ARM.attributes
                0x000004ac       0x3a CMakeFiles/STM32C5A3R_Project4.dir/generated/hal/mx_cortex_debug.c.obj
 .ARM.attributes
                0x000004e6       0x3a CMakeFiles/STM32C5A3R_Project4.dir/generated/hal/mx_cortex_mpu.c.obj
 .ARM.attributes
                0x00000520       0x3a CMakeFiles/STM32C5A3R_Project4.dir/generated/hal/mx_cortex_nvic.c.obj
 .ARM.attributes
                0x0000055a       0x3a CMakeFiles/STM32C5A3R_Project4.dir/generated/hal/mx_icache.c.obj
 .ARM.attributes
                0x00000594       0x3a CMakeFiles/STM32C5A3R_Project4.dir/generated/hal/mx_rcc.c.obj
 .ARM.attributes
                0x000005ce       0x3a CMakeFiles/STM32C5A3R_Project4.dir/generated/hal/mx_system.c.obj
 .ARM.attributes
                0x00000608       0x3a CMakeFiles/STM32C5A3R_Project4.dir/generated/hal/mx_tim1.c.obj
 .ARM.attributes
                0x00000642       0x3a CMakeFiles/STM32C5A3R_Project4.dir/user_modifiable/Device/STM32C5A3RGT6/system_stm32c5xx.c.obj
 .ARM.attributes
                0x0000067c       0x3a CMakeFiles/STM32C5A3R_Project4.dir/user_modifiable/Device/STM32C5A3RGT6/startup_stm32c5a3xx.c.obj
 .ARM.attributes
                0x000006b6       0x3a CMakeFiles/STM32C5A3R_Project4.dir/stm32c5xx_drivers/hal/stm32c5xx_hal.c.obj
 .ARM.attributes
                0x000006f0       0x3a CMakeFiles/STM32C5A3R_Project4.dir/stm32c5xx_drivers/hal/stm32c5xx_hal_cortex.c.obj
 .ARM.attributes
                0x0000072a       0x3a CMakeFiles/STM32C5A3R_Project4.dir/stm32c5xx_drivers/hal/stm32c5xx_hal_flash_itf.c.obj
 .ARM.attributes
                0x00000764       0x3a CMakeFiles/STM32C5A3R_Project4.dir/stm32c5xx_drivers/hal/stm32c5xx_hal_gpio.c.obj
 .ARM.attributes
                0x0000079e       0x3a CMakeFiles/STM32C5A3R_Project4.dir/stm32c5xx_drivers/hal/stm32c5xx_hal_icache.c.obj
 .ARM.attributes
                0x000007d8       0x3a CMakeFiles/STM32C5A3R_Project4.dir/stm32c5xx_drivers/hal/stm32c5xx_hal_rcc.c.obj
 .ARM.attributes
                0x00000812       0x3a CMakeFiles/STM32C5A3R_Project4.dir/stm32c5xx_drivers/hal/stm32c5xx_hal_tim.c.obj
 .ARM.attributes
                0x0000084c       0x3a CMakeFiles/STM32C5A3R_Project4.dir/utilities/syscalls/syscalls.c.obj
 .ARM.attributes
                0x00000886       0x3a CMakeFiles/STM32C5A3R_Project4.dir/utilities/syscalls/sysmem.c.obj
 .ARM.attributes
                0x000008c0       0x38 C:/ST/STM32CubeIDE_2.1.1/STM32CubeIDE/plugins/com.st.stm32cube.ide.mcu.externaltools.gnu-tools-for-stm32.14.3.rel1.win32_1.0.100.202602081740/tools/bin/../lib/gcc/arm-none-eabi/14.3.1/../../../../arm-none-eabi/lib/thumb/v8-m.main+fp/hard\libc_nano.a(libc_a-printf.o)
 .ARM.attributes
                0x000008f8       0x38 C:/ST/STM32CubeIDE_2.1.1/STM32CubeIDE/plugins/com.st.stm32cube.ide.mcu.externaltools.gnu-tools-for-stm32.14.3.rel1.win32_1.0.100.202602081740/tools/bin/../lib/gcc/arm-none-eabi/14.3.1/../../../../arm-none-eabi/lib/thumb/v8-m.main+fp/hard\libc_nano.a(libc_a-puts.o)
 .ARM.attributes
                0x00000930       0x38 C:/ST/STM32CubeIDE_2.1.1/STM32CubeIDE/plugins/com.st.stm32cube.ide.mcu.externaltools.gnu-tools-for-stm32.14.3.rel1.win32_1.0.100.202602081740/tools/bin/../lib/gcc/arm-none-eabi/14.3.1/../../../../arm-none-eabi/lib/thumb/v8-m.main+fp/hard\libc_nano.a(libc_a-wbuf.o)
 .ARM.attributes
                0x00000968       0x38 C:/ST/STM32CubeIDE_2.1.1/STM32CubeIDE/plugins/com.st.stm32cube.ide.mcu.externaltools.gnu-tools-for-stm32.14.3.rel1.win32_1.0.100.202602081740/tools/bin/../lib/gcc/arm-none-eabi/14.3.1/../../../../arm-none-eabi/lib/thumb/v8-m.main+fp/hard\libc_nano.a(libc_a-wsetup.o)
 .ARM.attributes
                0x000009a0       0x38 C:/ST/STM32CubeIDE_2.1.1/STM32CubeIDE/plugins/com.st.stm32cube.ide.mcu.externaltools.gnu-tools-for-stm32.14.3.rel1.win32_1.0.100.202602081740/tools/bin/../lib/gcc/arm-none-eabi/14.3.1/../../../../arm-none-eabi/lib/thumb/v8-m.main+fp/hard\libc_nano.a(libc_a-errno.o)
 .ARM.attributes
                0x000009d8       0x38 C:/ST/STM32CubeIDE_2.1.1/STM32CubeIDE/plugins/com.st.stm32cube.ide.mcu.externaltools.gnu-tools-for-stm32.14.3.rel1.win32_1.0.100.202602081740/tools/bin/../lib/gcc/arm-none-eabi/14.3.1/../../../../arm-none-eabi/lib/thumb/v8-m.main+fp/hard\libc_nano.a(libc_a-nano-vfprintf.o)
 .ARM.attributes
                0x00000a10       0x38 C:/ST/STM32CubeIDE_2.1.1/STM32CubeIDE/plugins/com.st.stm32cube.ide.mcu.externaltools.gnu-tools-for-stm32.14.3.rel1.win32_1.0.100.202602081740/tools/bin/../lib/gcc/arm-none-eabi/14.3.1/../../../../arm-none-eabi/lib/thumb/v8-m.main+fp/hard\libc_nano.a(libc_a-nano-vfprintf_i.o)
 .ARM.attributes
                0x00000a48       0x38 C:/ST/STM32CubeIDE_2.1.1/STM32CubeIDE/plugins/com.st.stm32cube.ide.mcu.externaltools.gnu-tools-for-stm32.14.3.rel1.win32_1.0.100.202602081740/tools/bin/../lib/gcc/arm-none-eabi/14.3.1/../../../../arm-none-eabi/lib/thumb/v8-m.main+fp/hard\libc_nano.a(libc_a-makebuf.o)
 .ARM.attributes
                0x00000a80       0x38 C:/ST/STM32CubeIDE_2.1.1/STM32CubeIDE/plugins/com.st.stm32cube.ide.mcu.externaltools.gnu-tools-for-stm32.14.3.rel1.win32_1.0.100.202602081740/tools/bin/../lib/gcc/arm-none-eabi/14.3.1/../../../../arm-none-eabi/lib/thumb/v8-m.main+fp/hard\libc_nano.a(libc_a-fstatr.o)
 .ARM.attributes
                0x00000ab8       0x38 C:/ST/STM32CubeIDE_2.1.1/STM32CubeIDE/plugins/com.st.stm32cube.ide.mcu.externaltools.gnu-tools-for-stm32.14.3.rel1.win32_1.0.100.202602081740/tools/bin/../lib/gcc/arm-none-eabi/14.3.1/../../../../arm-none-eabi/lib/thumb/v8-m.main+fp/hard\libc_nano.a(libc_a-isattyr.o)
 .ARM.attributes
                0x00000af0       0x38 C:/ST/STM32CubeIDE_2.1.1/STM32CubeIDE/plugins/com.st.stm32cube.ide.mcu.externaltools.gnu-tools-for-stm32.14.3.rel1.win32_1.0.100.202602081740/tools/bin/../lib/gcc/arm-none-eabi/14.3.1/../../../../arm-none-eabi/lib/thumb/v8-m.main+fp/hard\libc_nano.a(libc_a-memchr-stub.o)
 .ARM.attributes
                0x00000b28       0x26 C:/ST/STM32CubeIDE_2.1.1/STM32CubeIDE/plugins/com.st.stm32cube.ide.mcu.externaltools.gnu-tools-for-stm32.14.3.rel1.win32_1.0.100.202602081740/tools/bin/../lib/gcc/arm-none-eabi/14.3.1/thumb/v8-m.main+fp/hard/crtn.o
OUTPUT(STM32C5A3R_Project4.elf elf32-littlearm)
LOAD linker stubs
LOAD C:/ST/STM32CubeIDE_2.1.1/STM32CubeIDE/plugins/com.st.stm32cube.ide.mcu.externaltools.gnu-tools-for-stm32.14.3.rel1.win32_1.0.100.202602081740/tools/bin/../lib/gcc/arm-none-eabi/14.3.1/../../../../arm-none-eabi/lib/thumb/v8-m.main+fp/hard\libc.a
LOAD C:/ST/STM32CubeIDE_2.1.1/STM32CubeIDE/plugins/com.st.stm32cube.ide.mcu.externaltools.gnu-tools-for-stm32.14.3.rel1.win32_1.0.100.202602081740/tools/bin/../lib/gcc/arm-none-eabi/14.3.1/../../../../arm-none-eabi/lib/thumb/v8-m.main+fp/hard\libm.a
LOAD C:/ST/STM32CubeIDE_2.1.1/STM32CubeIDE/plugins/com.st.stm32cube.ide.mcu.externaltools.gnu-tools-for-stm32.14.3.rel1.win32_1.0.100.202602081740/tools/bin/../lib/gcc/arm-none-eabi/14.3.1/thumb/v8-m.main+fp/hard\libgcc.a

.debug_frame    0x00000000     0x99f4
 .debug_frame   0x00000000       0x28 C:/ST/STM32CubeIDE_2.1.1/STM32CubeIDE/plugins/com.st.stm32cube.ide.mcu.externaltools.gnu-tools-for-stm32.14.3.rel1.win32_1.0.100.202602081740/tools/bin/../lib/gcc/arm-none-eabi/14.3.1/../../../../arm-none-eabi/lib/thumb/v8-m.main+fp/hard\libc_nano.a(libc_a-exit.o)
 .debug_frame   0x00000028      0x144 C:/ST/STM32CubeIDE_2.1.1/STM32CubeIDE/plugins/com.st.stm32cube.ide.mcu.externaltools.gnu-tools-for-stm32.14.3.rel1.win32_1.0.100.202602081740/tools/bin/../lib/gcc/arm-none-eabi/14.3.1/../../../../arm-none-eabi/lib/thumb/v8-m.main+fp/hard\libc_nano.a(libc_a-findfp.o)
 .debug_frame   0x0000016c       0x34 C:/ST/STM32CubeIDE_2.1.1/STM32CubeIDE/plugins/com.st.stm32cube.ide.mcu.externaltools.gnu-tools-for-stm32.14.3.rel1.win32_1.0.100.202602081740/tools/bin/../lib/gcc/arm-none-eabi/14.3.1/../../../../arm-none-eabi/lib/thumb/v8-m.main+fp/hard\libc_nano.a(libc_a-fwalk.o)
 .debug_frame   0x000001a0       0x88 C:/ST/STM32CubeIDE_2.1.1/STM32CubeIDE/plugins/com.st.stm32cube.ide.mcu.externaltools.gnu-tools-for-stm32.14.3.rel1.win32_1.0.100.202602081740/tools/bin/../lib/gcc/arm-none-eabi/14.3.1/../../../../arm-none-eabi/lib/thumb/v8-m.main+fp/hard\libc_nano.a(libc_a-stdio.o)
 .debug_frame   0x00000228       0x20 C:/ST/STM32CubeIDE_2.1.1/STM32CubeIDE/plugins/com.st.stm32cube.ide.mcu.externaltools.gnu-tools-for-stm32.14.3.rel1.win32_1.0.100.202602081740/tools/bin/../lib/gcc/arm-none-eabi/14.3.1/../../../../arm-none-eabi/lib/thumb/v8-m.main+fp/hard\libc_nano.a(libc_a-memset.o)
 .debug_frame   0x00000248       0x2c C:/ST/STM32CubeIDE_2.1.1/STM32CubeIDE/plugins/com.st.stm32cube.ide.mcu.externaltools.gnu-tools-for-stm32.14.3.rel1.win32_1.0.100.202602081740/tools/bin/../lib/gcc/arm-none-eabi/14.3.1/../../../../arm-none-eabi/lib/thumb/v8-m.main+fp/hard\libc_nano.a(libc_a-closer.o)
 .debug_frame   0x00000274       0x38 C:/ST/STM32CubeIDE_2.1.1/STM32CubeIDE/plugins/com.st.stm32cube.ide.mcu.externaltools.gnu-tools-for-stm32.14.3.rel1.win32_1.0.100.202602081740/tools/bin/../lib/gcc/arm-none-eabi/14.3.1/../../../../arm-none-eabi/lib/thumb/v8-m.main+fp/hard\libc_nano.a(libc_a-reent.o)
 .debug_frame   0x000002ac       0x2c C:/ST/STM32CubeIDE_2.1.1/STM32CubeIDE/plugins/com.st.stm32cube.ide.mcu.externaltools.gnu-tools-for-stm32.14.3.rel1.win32_1.0.100.202602081740/tools/bin/../lib/gcc/arm-none-eabi/14.3.1/../../../../arm-none-eabi/lib/thumb/v8-m.main+fp/hard\libc_nano.a(libc_a-lseekr.o)
 .debug_frame   0x000002d8       0x2c C:/ST/STM32CubeIDE_2.1.1/STM32CubeIDE/plugins/com.st.stm32cube.ide.mcu.externaltools.gnu-tools-for-stm32.14.3.rel1.win32_1.0.100.202602081740/tools/bin/../lib/gcc/arm-none-eabi/14.3.1/../../../../arm-none-eabi/lib/thumb/v8-m.main+fp/hard\libc_nano.a(libc_a-readr.o)
 .debug_frame   0x00000304       0x2c C:/ST/STM32CubeIDE_2.1.1/STM32CubeIDE/plugins/com.st.stm32cube.ide.mcu.externaltools.gnu-tools-for-stm32.14.3.rel1.win32_1.0.100.202602081740/tools/bin/../lib/gcc/arm-none-eabi/14.3.1/../../../../arm-none-eabi/lib/thumb/v8-m.main+fp/hard\libc_nano.a(libc_a-writer.o)
 .debug_frame   0x00000330       0x2c C:/ST/STM32CubeIDE_2.1.1/STM32CubeIDE/plugins/com.st.stm32cube.ide.mcu.externaltools.gnu-tools-for-stm32.14.3.rel1.win32_1.0.100.202602081740/tools/bin/../lib/gcc/arm-none-eabi/14.3.1/../../../../arm-none-eabi/lib/thumb/v8-m.main+fp/hard\libc_nano.a(libc_a-init.o)
 .debug_frame   0x0000035c       0xb0 C:/ST/STM32CubeIDE_2.1.1/STM32CubeIDE/plugins/com.st.stm32cube.ide.mcu.externaltools.gnu-tools-for-stm32.14.3.rel1.win32_1.0.100.202602081740/tools/bin/../lib/gcc/arm-none-eabi/14.3.1/../../../../arm-none-eabi/lib/thumb/v8-m.main+fp/hard\libc_nano.a(libc_a-lock.o)
 .debug_frame   0x0000040c       0x38 C:/ST/STM32CubeIDE_2.1.1/STM32CubeIDE/plugins/com.st.stm32cube.ide.mcu.externaltools.gnu-tools-for-stm32.14.3.rel1.win32_1.0.100.202602081740/tools/bin/../lib/gcc/arm-none-eabi/14.3.1/../../../../arm-none-eabi/lib/thumb/v8-m.main+fp/hard\libc_nano.a(libc_a-freer.o)
 .debug_frame   0x00000444       0x50 C:/ST/STM32CubeIDE_2.1.1/STM32CubeIDE/plugins/com.st.stm32cube.ide.mcu.externaltools.gnu-tools-for-stm32.14.3.rel1.win32_1.0.100.202602081740/tools/bin/../lib/gcc/arm-none-eabi/14.3.1/../../../../arm-none-eabi/lib/thumb/v8-m.main+fp/hard\libc_nano.a(libc_a-mallocr.o)
 .debug_frame   0x00000494       0x30 C:/ST/STM32CubeIDE_2.1.1/STM32CubeIDE/plugins/com.st.stm32cube.ide.mcu.externaltools.gnu-tools-for-stm32.14.3.rel1.win32_1.0.100.202602081740/tools/bin/../lib/gcc/arm-none-eabi/14.3.1/../../../../arm-none-eabi/lib/thumb/v8-m.main+fp/hard\libc_nano.a(libc_a-mlock.o)
 .debug_frame   0x000004c4       0x5c C:/ST/STM32CubeIDE_2.1.1/STM32CubeIDE/plugins/com.st.stm32cube.ide.mcu.externaltools.gnu-tools-for-stm32.14.3.rel1.win32_1.0.100.202602081740/tools/bin/../lib/gcc/arm-none-eabi/14.3.1/../../../../arm-none-eabi/lib/thumb/v8-m.main+fp/hard\libc_nano.a(libc_a-fflush.o)
 .debug_frame   0x00000520       0x2c C:/ST/STM32CubeIDE_2.1.1/STM32CubeIDE/plugins/com.st.stm32cube.ide.mcu.externaltools.gnu-tools-for-stm32.14.3.rel1.win32_1.0.100.202602081740/tools/bin/../lib/gcc/arm-none-eabi/14.3.1/../../../../arm-none-eabi/lib/thumb/v8-m.main+fp/hard\libc_nano.a(libc_a-sbrkr.o)
 .debug_frame   0x0000054c       0xe0 CMakeFiles/STM32C5A3R_Project4.dir/main.c.obj
 .debug_frame   0x0000062c       0xac CMakeFiles/STM32C5A3R_Project4.dir/generated/hal/mx_cortex_debug.c.obj
 .debug_frame   0x000006d8       0x58 CMakeFiles/STM32C5A3R_Project4.dir/generated/hal/mx_cortex_mpu.c.obj
 .debug_frame   0x00000730       0x2c CMakeFiles/STM32C5A3R_Project4.dir/generated/hal/mx_cortex_nvic.c.obj
 .debug_frame   0x0000075c       0x64 CMakeFiles/STM32C5A3R_Project4.dir/generated/hal/mx_icache.c.obj
 .debug_frame   0x000007c0       0x6c CMakeFiles/STM32C5A3R_Project4.dir/generated/hal/mx_rcc.c.obj
 .debug_frame   0x0000082c       0x80 CMakeFiles/STM32C5A3R_Project4.dir/generated/hal/mx_system.c.obj
 .debug_frame   0x000008ac      0x190 CMakeFiles/STM32C5A3R_Project4.dir/generated/hal/mx_tim1.c.obj
 .debug_frame   0x00000a3c       0x90 CMakeFiles/STM32C5A3R_Project4.dir/user_modifiable/Device/STM32C5A3RGT6/system_stm32c5xx.c.obj
 .debug_frame   0x00000acc       0x7c CMakeFiles/STM32C5A3R_Project4.dir/user_modifiable/Device/STM32C5A3RGT6/startup_stm32c5a3xx.c.obj
 .debug_frame   0x00000b48      0x46c CMakeFiles/STM32C5A3R_Project4.dir/stm32c5xx_drivers/hal/stm32c5xx_hal.c.obj
 .debug_frame   0x00000fb4      0x850 CMakeFiles/STM32C5A3R_Project4.dir/stm32c5xx_drivers/hal/stm32c5xx_hal_cortex.c.obj
 .debug_frame   0x00001804     0x15b8 CMakeFiles/STM32C5A3R_Project4.dir/stm32c5xx_drivers/hal/stm32c5xx_hal_flash_itf.c.obj
 .debug_frame   0x00002dbc      0x2e0 CMakeFiles/STM32C5A3R_Project4.dir/stm32c5xx_drivers/hal/stm32c5xx_hal_gpio.c.obj
 .debug_frame   0x0000309c      0x6d4 CMakeFiles/STM32C5A3R_Project4.dir/stm32c5xx_drivers/hal/stm32c5xx_hal_icache.c.obj