Archive member included to satisfy reference by file (symbol)

C:/ST/STM32CubeIDE_2.1.1/STM32CubeIDE/plugins/com.st.stm32cube.ide.mcu.externaltools.gnu-tools-for-stm32.14.3.rel1.win32_1.0.100.202602081740/tools/bin/../lib/gcc/arm-none-eabi/14.3.1/../../../../arm-none-eabi/lib/thumb/v8-m.main+fp/hard\libc_nano.a(libc_a-exit.o)
                              C:/ST/STM32CubeIDE_2.1.1/STM32CubeIDE/plugins/com.st.stm32cube.ide.mcu.externaltools.gnu-tools-for-stm32.14.3.rel1.win32_1.0.100.202602081740/tools/bin/../lib/gcc/arm-none-eabi/14.3.1/../../../../arm-none-eabi/lib/thumb/v8-m.main+fp/hard/crt0.o (exit)
C:/ST/STM32CubeIDE_2.1.1/STM32CubeIDE/plugins/com.st.stm32cube.ide.mcu.externaltools.gnu-tools-for-stm32.14.3.rel1.win32_1.0.100.202602081740/tools/bin/../lib/gcc/arm-none-eabi/14.3.1/../../../../arm-none-eabi/lib/thumb/v8-m.main+fp/hard\libc_nano.a(libc_a-findfp.o)
                              C:/ST/STM32CubeIDE_2.1.1/STM32CubeIDE/plugins/com.st.stm32cube.ide.mcu.externaltools.gnu-tools-for-stm32.14.3.rel1.win32_1.0.100.202602081740/tools/bin/../lib/gcc/arm-none-eabi/14.3.1/../../../../arm-none-eabi/lib/thumb/v8-m.main+fp/hard\libc_nano.a(libc_a-exit.o) (__stdio_exit_handler)
C:/ST/STM32CubeIDE_2.1.1/STM32CubeIDE/plugins/com.st.stm32cube.ide.mcu.externaltools.gnu-tools-for-stm32.14.3.rel1.win32_1.0.100.202602081740/tools/bin/../lib/gcc/arm-none-eabi/14.3.1/../../../../arm-none-eabi/lib/thumb/v8-m.main+fp/hard\libc_nano.a(libc_a-fwalk.o)
                              C:/ST/STM32CubeIDE_2.1.1/STM32CubeIDE/plugins/com.st.stm32cube.ide.mcu.externaltools.gnu-tools-for-stm32.14.3.rel1.win32_1.0.100.202602081740/tools/bin/../lib/gcc/arm-none-eabi/14.3.1/../../../../arm-none-eabi/lib/thumb/v8-m.main+fp/hard\libc_nano.a(libc_a-findfp.o) (_fwalk_sglue)
C:/ST/STM32CubeIDE_2.1.1/STM32CubeIDE/plugins/com.st.stm32cube.ide.mcu.externaltools.gnu-tools-for-stm32.14.3.rel1.win32_1.0.100.202602081740/tools/bin/../lib/gcc/arm-none-eabi/14.3.1/../../../../arm-none-eabi/lib/thumb/v8-m.main+fp/hard\libc_nano.a(libc_a-stdio.o)
                              C:/ST/STM32CubeIDE_2.1.1/STM32CubeIDE/plugins/com.st.stm32cube.ide.mcu.externaltools.gnu-tools-for-stm32.14.3.rel1.win32_1.0.100.202602081740/tools/bin/../lib/gcc/arm-none-eabi/14.3.1/../../../../arm-none-eabi/lib/thumb/v8-m.main+fp/hard\libc_nano.a(libc_a-findfp.o) (__sread)
C:/ST/STM32CubeIDE_2.1.1/STM32CubeIDE/plugins/com.st.stm32cube.ide.mcu.externaltools.gnu-tools-for-stm32.14.3.rel1.win32_1.0.100.202602081740/tools/bin/../lib/gcc/arm-none-eabi/14.3.1/../../../../arm-none-eabi/lib/thumb/v8-m.main+fp/hard\libc_nano.a(libc_a-memset.o)
                              C:/ST/STM32CubeIDE_2.1.1/STM32CubeIDE/plugins/com.st.stm32cube.ide.mcu.externaltools.gnu-tools-for-stm32.14.3.rel1.win32_1.0.100.202602081740/tools/bin/../lib/gcc/arm-none-eabi/14.3.1/../../../../arm-none-eabi/lib/thumb/v8-m.main+fp/hard/crt0.o (memset)
C:/ST/STM32CubeIDE_2.1.1/STM32CubeIDE/plugins/com.st.stm32cube.ide.mcu.externaltools.gnu-tools-for-stm32.14.3.rel1.win32_1.0.100.202602081740/tools/bin/../lib/gcc/arm-none-eabi/14.3.1/../../../../arm-none-eabi/lib/thumb/v8-m.main+fp/hard\libc_nano.a(libc_a-closer.o)
                              C:/ST/STM32CubeIDE_2.1.1/STM32CubeIDE/plugins/com.st.stm32cube.ide.mcu.externaltools.gnu-tools-for-stm32.14.3.rel1.win32_1.0.100.202602081740/tools/bin/../lib/gcc/arm-none-eabi/14.3.1/../../../../arm-none-eabi/lib/thumb/v8-m.main+fp/hard\libc_nano.a(libc_a-stdio.o) (_close_r)
C:/ST/STM32CubeIDE_2.1.1/STM32CubeIDE/plugins/com.st.stm32cube.ide.mcu.externaltools.gnu-tools-for-stm32.14.3.rel1.win32_1.0.100.202602081740/tools/bin/../lib/gcc/arm-none-eabi/14.3.1/../../../../arm-none-eabi/lib/thumb/v8-m.main+fp/hard\libc_nano.a(libc_a-reent.o)
                              C:/ST/STM32CubeIDE_2.1.1/STM32CubeIDE/plugins/com.st.stm32cube.ide.mcu.externaltools.gnu-tools-for-stm32.14.3.rel1.win32_1.0.100.202602081740/tools/bin/../lib/gcc/arm-none-eabi/14.3.1/../../../../arm-none-eabi/lib/thumb/v8-m.main+fp/hard\libc_nano.a(libc_a-closer.o) (errno)
C:/ST/STM32CubeIDE_2.1.1/STM32CubeIDE/plugins/com.st.stm32cube.ide.mcu.externaltools.gnu-tools-for-stm32.14.3.rel1.win32_1.0.100.202602081740/tools/bin/../lib/gcc/arm-none-eabi/14.3.1/../../../../arm-none-eabi/lib/thumb/v8-m.main+fp/hard\libc_nano.a(libc_a-impure.o)
                              C:/ST/STM32CubeIDE_2.1.1/STM32CubeIDE/plugins/com.st.stm32cube.ide.mcu.externaltools.gnu-tools-for-stm32.14.3.rel1.win32_1.0.100.202602081740/tools/bin/../lib/gcc/arm-none-eabi/14.3.1/../../../../arm-none-eabi/lib/thumb/v8-m.main+fp/hard\libc_nano.a(libc_a-reent.o) (_impure_ptr)
C:/ST/STM32CubeIDE_2.1.1/STM32CubeIDE/plugins/com.st.stm32cube.ide.mcu.externaltools.gnu-tools-for-stm32.14.3.rel1.win32_1.0.100.202602081740/tools/bin/../lib/gcc/arm-none-eabi/14.3.1/../../../../arm-none-eabi/lib/thumb/v8-m.main+fp/hard\libc_nano.a(libc_a-lseekr.o)
[...]
Memory Configuration

Name             Origin             Length             Attributes
ROM              0x08000000         0x00100000         xr
RAM              0x20000000         0x00040000         xrw
*default*        0x00000000         0xffffffff

Linker script and memory map

LOAD C:/ST/STM32CubeIDE_2.1.1/STM32CubeIDE/plugins/com.st.stm32cube.ide.mcu.externaltools.gnu-tools-for-stm32.14.3.rel1.win32_1.0.100.202602081740/tools/bin/../lib/gcc/arm-none-eabi/14.3.1/thumb/v8-m.main+fp/hard/crti.o
LOAD C:/ST/STM32CubeIDE_2.1.1/STM32CubeIDE/plugins/com.st.stm32cube.ide.mcu.externaltools.gnu-tools-for-stm32.14.3.rel1.win32_1.0.100.202602081740/tools/bin/../lib/gcc/arm-none-eabi/14.3.1/thumb/v8-m.main+fp/hard/crtbegin.o
LOAD C:/ST/STM32CubeIDE_2.1.1/STM32CubeIDE/plugins/com.st.stm32cube.ide.mcu.externaltools.gnu-tools-for-stm32.14.3.rel1.win32_1.0.100.202602081740/tools/bin/../lib/gcc/arm-none-eabi/14.3.1/../../../../arm-none-eabi/lib/thumb/v8-m.main+fp/hard/crt0.o
START GROUP
LOAD C:/ST/STM32CubeIDE_2.1.1/STM32CubeIDE/plugins/com.st.stm32cube.ide.mcu.externaltools.gnu-tools-for-stm32.14.3.rel1.win32_1.0.100.202602081740/tools/bin/../lib/gcc/arm-none-eabi/14.3.1/../../../../arm-none-eabi/lib/thumb/v8-m.main+fp/hard\libc_nano.a
LOAD C:/ST/STM32CubeIDE_2.1.1/STM32CubeIDE/plugins/com.st.stm32cube.ide.mcu.externaltools.gnu-tools-for-stm32.14.3.rel1.win32_1.0.100.202602081740/tools/bin/../lib/gcc/arm-none-eabi/14.3.1/../../../../arm-none-eabi/lib/thumb/v8-m.main+fp/hard\libm.a
END GROUP
LOAD CMakeFiles/STM32C5A3R_Project2.dir/main.c.obj
LOAD CMakeFiles/STM32C5A3R_Project2.dir/generated/hal/mx_cortex_mpu.c.obj
LOAD CMakeFiles/STM32C5A3R_Project2.dir/generated/hal/mx_cortex_nvic.c.obj
LOAD CMakeFiles/STM32C5A3R_Project2.dir/generated/hal/mx_gpio_default.c.obj
LOAD CMakeFiles/STM32C5A3R_Project2.dir/generated/hal/mx_icache.c.obj
LOAD CMakeFiles/STM32C5A3R_Project2.dir/generated/hal/mx_rcc.c.obj
LOAD CMakeFiles/STM32C5A3R_Project2.dir/generated/hal/mx_system.c.obj
LOAD CMakeFiles/STM32C5A3R_Project2.dir/user_modifiable/Device/STM32C5A3RGT6/system_stm32c5xx.c.obj
LOAD CMakeFiles/STM32C5A3R_Project2.dir/user_modifiable/Device/STM32C5A3RGT6/startup_stm32c5a3xx.c.obj
LOAD CMakeFiles/STM32C5A3R_Project2.dir/stm32c5xx_drivers/hal/stm32c5xx_hal.c.obj
LOAD CMakeFiles/STM32C5A3R_Project2.dir/stm32c5xx_drivers/hal/stm32c5xx_hal_cortex.c.obj
LOAD CMakeFiles/STM32C5A3R_Project2.dir/stm32c5xx_drivers/hal/stm32c5xx_hal_flash_itf.c.obj
LOAD CMakeFiles/STM32C5A3R_Project2.dir/stm32c5xx_drivers/hal/stm32c5xx_hal_gpio.c.obj
LOAD CMakeFiles/STM32C5A3R_Project2.dir/stm32c5xx_drivers/hal/stm32c5xx_hal_icache.c.obj
LOAD CMakeFiles/STM32C5A3R_Project2.dir/stm32c5xx_drivers/hal/stm32c5xx_hal_pwr.c.obj
LOAD CMakeFiles/STM32C5A3R_Project2.dir/stm32c5xx_drivers/hal/stm32c5xx_hal_rcc.c.obj
LOAD CMakeFiles/STM32C5A3R_Project2.dir/utilities/syscalls/syscalls.c.obj
LOAD CMakeFiles/STM32C5A3R_Project2.dir/utilities/syscalls/sysmem.c.obj
START GROUP
LOAD C:/ST/STM32CubeIDE_2.1.1/STM32CubeIDE/plugins/com.st.stm32cube.ide.mcu.externaltools.gnu-tools-for-stm32.14.3.rel1.win32_1.0.100.202602081740/tools/bin/../lib/gcc/arm-none-eabi/14.3.1/thumb/v8-m.main+fp/hard\libgcc.a
LOAD C:/ST/STM32CubeIDE_2.1.1/STM32CubeIDE/plugins/com.st.stm32cube.ide.mcu.externaltools.gnu-tools-for-stm32.14.3.rel1.win32_1.0.100.202602081740/tools/bin/../lib/gcc/arm-none-eabi/14.3.1/../../../../arm-none-eabi/lib/thumb/v8-m.main+fp/hard\libc_nano.a
END GROUP
START GROUP
LOAD C:/ST/STM32CubeIDE_2.1.1/STM32CubeIDE/plugins/com.st.stm32cube.ide.mcu.externaltools.gnu-tools-for-stm32.14.3.rel1.win32_1.0.100.202602081740/tools/bin/../lib/gcc/arm-none-eabi/14.3.1/thumb/v8-m.main+fp/hard\libgcc.a
LOAD C:/ST/STM32CubeIDE_2.1.1/STM32CubeIDE/plugins/com.st.stm32cube.ide.mcu.externaltools.gnu-tools-for-stm32.14.3.rel1.win32_1.0.100.202602081740/tools/bin/../lib/gcc/arm-none-eabi/14.3.1/../../../../arm-none-eabi/lib/thumb/v8-m.main+fp/hard\libc_nano.a
LOAD C:/ST/STM32CubeIDE_2.1.1/STM32CubeIDE/plugins/com.st.stm32cube.ide.mcu.externaltools.gnu-tools-for-stm32.14.3.rel1.win32_1.0.100.202602081740/tools/bin/../lib/gcc/arm-none-eabi/14.3.1/../../../../arm-none-eabi/lib/thumb/v8-m.main+fp/hard\libnosys.a
END GROUP
START GROUP
LOAD C:/ST/STM32CubeIDE_2.1.1/STM32CubeIDE/plugins/com.st.stm32cube.ide.mcu.externaltools.gnu-tools-for-stm32.14.3.rel1.win32_1.0.100.202602081740/tools/bin/../lib/gcc/arm-none-eabi/14.3.1/thumb/v8-m.main+fp/hard\libgcc.a
LOAD C:/ST/STM32CubeIDE_2.1.1/STM32CubeIDE/plugins/com.st.stm32cube.ide.mcu.externaltools.gnu-tools-for-stm32.14.3.rel1.win32_1.0.100.202602081740/tools/bin/../lib/gcc/arm-none-eabi/14.3.1/../../../../arm-none-eabi/lib/thumb/v8-m.main+fp/hard\libc_nano.a
LOAD C:/ST/STM32CubeIDE_2.1.1/STM32CubeIDE/plugins/com.st.stm32cube.ide.mcu.externaltools.gnu-tools-for-stm32.14.3.rel1.win32_1.0.100.202602081740/tools/bin/../lib/gcc/arm-none-eabi/14.3.1/../../../../arm-none-eabi/lib/thumb/v8-m.main+fp/hard\libnosys.a
END GROUP
LOAD C:/ST/STM32CubeIDE_2.1.1/STM32CubeIDE/plugins/com.st.stm32cube.ide.mcu.externaltools.gnu-tools-for-stm32.14.3.rel1.win32_1.0.100.202602081740/tools/bin/../lib/gcc/arm-none-eabi/14.3.1/thumb/v8-m.main+fp/hard/crtend.o
LOAD C:/ST/STM32CubeIDE_2.1.1/STM32CubeIDE/plugins/com.st.stm32cube.ide.mcu.externaltools.gnu-tools-for-stm32.14.3.rel1.win32_1.0.100.202602081740/tools/bin/../lib/gcc/arm-none-eabi/14.3.1/thumb/v8-m.main+fp/hard/crtn.o
                0x00000200                        HEAP_SIZE = 0x200
                0x00000400                        STACK_SIZE = 0x400

.vectors        0x08000000      0x1d0
                0x08000000                        . = ALIGN (0x8)
 *(.vectors)
 .vectors       0x08000000      0x1cc CMakeFiles/STM32C5A3R_Project2.dir/user_modifiable/Device/STM32C5A3RGT6/startup_stm32c5a3xx.c.obj
                0x08000000                __Vectors
                0x080001d0                        . = ALIGN (0x8)
 *fill*         0x080001cc        0x4 

.text           0x080001d0     0x25c8
                0x080001d0                        . = ALIGN (0x8)
 *(.text)
 .text          0x080001d0       0x40 C:/ST/STM32CubeIDE_2.1.1/STM32CubeIDE/plugins/com.st.stm32cube.ide.mcu.externaltools.gnu-tools-for-stm32.14.3.rel1.win32_1.0.100.202602081740/tools/bin/../lib/gcc/arm-none-eabi/14.3.1/thumb/v8-m.main+fp/hard/crtbegin.o
 .text          0x08000210       0x7c C:/ST/STM32CubeIDE_2.1.1/STM32CubeIDE/plugins/com.st.stm32cube.ide.mcu.externaltools.gnu-tools-for-stm32.14.3.rel1.win32_1.0.100.202602081740/tools/bin/../lib/gcc/arm-none-eabi/14.3.1/../../../../arm-none-eabi/lib/thumb/v8-m.main+fp/hard/crt0.o
                0x08000210                _stack_init
                0x08000218                _start
                0x08000218                _mainCRTStartup
 *(.text*)
 .text.exit     0x0800028c       0x24 C:/ST/STM32CubeIDE_2.1.1/STM32CubeIDE/plugins/com.st.stm32cube.ide.mcu.externaltools.gnu-tools-for-stm32.14.3.rel1.win32_1.0.100.202602081740/tools/bin/../lib/gcc/arm-none-eabi/14.3.1/../../../../arm-none-eabi/lib/thumb/v8-m.main+fp/hard\libc_nano.a(libc_a-exit.o)
                0x0800028c                exit
 .text.std      0x080002b0       0x6c C:/ST/STM32CubeIDE_2.1.1/STM32CubeIDE/plugins/com.st.stm32cube.ide.mcu.externaltools.gnu-tools-for-stm32.14.3.rel1.win32_1.0.100.202602081740/tools/bin/../lib/gcc/arm-none-eabi/14.3.1/../../../../arm-none-eabi/lib/thumb/v8-m.main+fp/hard\libc_nano.a(libc_a-findfp.o)
 .text.stdio_exit_handler
                0x0800031c       0x18 C:/ST/STM32CubeIDE_2.1.1/STM32CubeIDE/plugins/com.st.stm32cube.ide.mcu.externaltools.gnu-tools-for-stm32.14.3.rel1.win32_1.0.100.202602081740/tools/bin/../lib/gcc/arm-none-eabi/14.3.1/../../../../arm-none-eabi/lib/thumb/v8-m.main+fp/hard\libc_nano.a(libc_a-findfp.o)
 .text.cleanup_stdio
                0x08000334       0x40 C:/ST/STM32CubeIDE_2.1.1/STM32CubeIDE/plugins/com.st.stm32cube.ide.mcu.externaltools.gnu-tools-for-stm32.14.3.rel1.win32_1.0.100.202602081740/tools/bin/../lib/gcc/arm-none-eabi/14.3.1/../../../../arm-none-eabi/lib/thumb/v8-m.main+fp/hard\libc_nano.a(libc_a-findfp.o)
 .text.global_stdio_init.part.0
                0x08000374       0x40 C:/ST/STM32CubeIDE_2.1.1/STM32CubeIDE/plugins/com.st.stm32cube.ide.mcu.externaltools.gnu-tools-for-stm32.14.3.rel1.win32_1.0.100.202602081740/tools/bin/../lib/gcc/arm-none-eabi/14.3.1/../../../../arm-none-eabi/lib/thumb/v8-m.main+fp/hard\libc_nano.a(libc_a-findfp.o)
 .text.__sfp_lock_acquire
                0x080003b4        0xc C:/ST/STM32CubeIDE_2.1.1/STM32CubeIDE/plugins/com.st.stm32cube.ide.mcu.externaltools.gnu-tools-for-stm32.14.3.rel1.win32_1.0.100.202602081740/tools/bin/../lib/gcc/arm-none-eabi/14.3.1/../../../../arm-none-eabi/lib/thumb/v8-m.main+fp/hard\libc_nano.a(libc_a-findfp.o)
                0x080003b4                __sfp_lock_acquire
 .text.__sfp_lock_release
                0x080003c0        0xc C:/ST/STM32CubeIDE_2.1.1/STM32CubeIDE/plugins/com.st.stm32cube.ide.mcu.externaltools.gnu-tools-for-stm32.14.3.rel1.win32_1.0.100.202602081740/tools/bin/../lib/gcc/arm-none-eabi/14.3.1/../../../../arm-none-eabi/lib/thumb/v8-m.main+fp/hard\libc_nano.a(libc_a-findfp.o)
                0x080003c0                __sfp_lock_release
 .text.__sinit  0x080003cc       0x30 C:/ST/STM32CubeIDE_2.1.1/STM32CubeIDE/plugins/com.st.stm32cube.ide.mcu.externaltools.gnu-tools-for-stm32.14.3.rel1.win32_1.0.100.202602081740/tools/bin/../lib/gcc/arm-none-eabi/14.3.1/../../../../arm-none-eabi/lib/thumb/v8-m.main+fp/hard\libc_nano.a(libc_a-findfp.o)
                0x080003cc                __sinit
 .text._fwalk_sglue
                0x080003fc       0x3c C:/ST/STM32CubeIDE_2.1.1/STM32CubeIDE/plugins/com.st.stm32cube.ide.mcu.externaltools.gnu-tools-for-stm32.14.3.rel1.win32_1.0.100.202602081740/tools/bin/../lib/gcc/arm-none-eabi/14.3.1/../../../../arm-none-eabi/lib/thumb/v8-m.main+fp/hard\libc_nano.a(libc_a-fwalk.o)
                0x080003fc                _fwalk_sglue
 .text.__sread  0x08000438       0x22 C:/ST/STM32CubeIDE_2.1.1/STM32CubeIDE/plugins/com.st.stm32cube.ide.mcu.externaltools.gnu-tools-for-stm32.14.3.rel1.win32_1.0.100.202602081740/tools/bin/../lib/gcc/arm-none-eabi/14.3.1/../../../../arm-none-eabi/lib/thumb/v8-m.main+fp/hard\libc_nano.a(libc_a-stdio.o)
                0x08000438                __sread
 .text.__swrite
                0x0800045a       0x38 C:/ST/STM32CubeIDE_2.1.1/STM32CubeIDE/plugins/com.st.stm32cube.ide.mcu.externaltools.gnu-tools-for-stm32.14.3.rel1.win32_1.0.100.202602081740/tools/bin/../lib/gcc/arm-none-eabi/14.3.1/../../../../arm-none-eabi/lib/thumb/v8-m.main+fp/hard\libc_nano.a(libc_a-stdio.o)
                0x0800045a                __swrite
 .text.__sseek  0x08000492       0x26 C:/ST/STM32CubeIDE_2.1.1/STM32CubeIDE/plugins/com.st.stm32cube.ide.mcu.externaltools.gnu-tools-for-stm32.14.3.rel1.win32_1.0.100.202602081740/tools/bin/../lib/gcc/arm-none-eabi/14.3.1/../../../../arm-none-eabi/lib/thumb/v8-m.main+fp/hard\libc_nano.a(libc_a-stdio.o)
                0x08000492                __sseek
 .text.__sclose
                0x080004b8        0x8 C:/ST/STM32CubeIDE_2.1.1/STM32CubeIDE/plugins/com.st.stm32cube.ide.mcu.externaltools.gnu-tools-for-stm32.14.3.rel1.win32_1.0.100.202602081740/tools/bin/../lib/gcc/arm-none-eabi/14.3.1/../../../../arm-none-eabi/lib/thumb/v8-m.main+fp/hard\libc_nano.a(libc_a-stdio.o)
                0x080004b8                __sclose
 .text.memset   0x080004c0       0x10 C:/ST/STM32CubeIDE_2.1.1/STM32CubeIDE/plugins/com.st.stm32cube.ide.mcu.externaltools.gnu-tools-for-stm32.14.3.rel1.win32_1.0.100.202602081740/tools/bin/../lib/gcc/arm-none-eabi/14.3.1/../../../../arm-none-eabi/lib/thumb/v8-m.main+fp/hard\libc_nano.a(libc_a-memset.o)
                0x080004c0                memset
 .text._close_r
                0x080004d0       0x20 C:/ST/STM32CubeIDE_2.1.1/STM32CubeIDE/plugins/com.st.stm32cube.ide.mcu.externaltools.gnu-tools-for-stm32.14.3.rel1.win32_1.0.100.202602081740/tools/bin/../lib/gcc/arm-none-eabi/14.3.1/../../../../arm-none-eabi/lib/thumb/v8-m.main+fp/hard\libc_nano.a(libc_a-closer.o)
                0x080004d0                _close_r
 .text._lseek_r
                0x080004f0       0x24 C:/ST/STM32CubeIDE_2.1.1/STM32CubeIDE/plugins/com.st.stm32cube.ide.mcu.externaltools.gnu-tools-for-stm32.14.3.rel1.win32_1.0.100.202602081740/tools/bin/../lib/gcc/arm-none-eabi/14.3.1/../../../../arm-none-eabi/lib/thumb/v8-m.main+fp/hard\libc_nano.a(libc_a-lseekr.o)
                0x080004f0                _lseek_r
 .text._read_r  0x08000514       0x24 C:/ST/STM32CubeIDE_2.1.1/STM32CubeIDE/plugins/com.st.stm32cube.ide.mcu.externaltools.gnu-tools-for-stm32.14.3.rel1.win32_1.0.100.202602081740/tools/bin/../lib/gcc/arm-none-eabi/14.3.1/../../../../arm-none-eabi/lib/thumb/v8-m.main+fp/hard\libc_nano.a(libc_a-readr.o)
                0x08000514                _read_r
 .text._write_r
                0x08000538       0x24 C:/ST/STM32CubeIDE_2.1.1/STM32CubeIDE/plugins/com.st.stm32cube.ide.mcu.externaltools.gnu-tools-for-stm32.14.3.rel1.win32_1.0.100.202602081740/tools/bin/../lib/gcc/arm-none-eabi/14.3.1/../../../../arm-none-eabi/lib/thumb/v8-m.main+fp/hard\libc_nano.a(libc_a-writer.o)
                0x08000538                _write_r
 .text.__libc_init_array
                0x0800055c       0x48 C:/ST/STM32CubeIDE_2.1.1/STM32CubeIDE/plugins/com.st.stm32cube.ide.mcu.externaltools.gnu-tools-for-stm32.14.3.rel1.win32_1.0.100.202602081740/tools/bin/../lib/gcc/arm-none-eabi/14.3.1/../../../../arm-none-eabi/lib/thumb/v8-m.main+fp/hard\libc_nano.a(libc_a-init.o)
                0x0800055c                __libc_init_array
 .text.__retarget_lock_init_recursive
                0x080005a4        0x2 C:/ST/STM32CubeIDE_2.1.1/STM32CubeIDE/plugins/com.st.stm32cube.ide.mcu.externaltools.gnu-tools-for-stm32.14.3.rel1.win32_1.0.100.202602081740/tools/bin/../lib/gcc/arm-none-eabi/14.3.1/../../../../arm-none-eabi/lib/thumb/v8-m.main+fp/hard\libc_nano.a(libc_a-lock.o)
                0x080005a4                __retarget_lock_init_recursive
 .text.__retarget_lock_acquire_recursive
                0x080005a6        0x2 C:/ST/STM32CubeIDE_2.1.1/STM32CubeIDE/plugins/com.st.stm32cube.ide.mcu.externaltools.gnu-tools-for-stm32.14.3.rel1.win32_1.0.100.202602081740/tools/bin/../lib/gcc/arm-none-eabi/14.3.1/../../../../arm-none-eabi/lib/thumb/v8-m.main+fp/hard\libc_nano.a(libc_a-lock.o)
                0x080005a6                __retarget_lock_acquire_recursive
 .text.__retarget_lock_release_recursive
                0x080005a8        0x2 C:/ST/STM32CubeIDE_2.1.1/STM32CubeIDE/plugins/com.st.stm32cube.ide.mcu.externaltools.gnu-tools-for-stm32.14.3.rel1.win32_1.0.100.202602081740/tools/bin/../lib/gcc/arm-none-eabi/14.3.1/../../../../arm-none-eabi/lib/thumb/v8-m.main+fp/hard\libc_nano.a(libc_a-lock.o)
                0x080005a8                __retarget_lock_release_recursive
 *fill*         0x080005aa        0x2 
 .text._free_r  0x080005ac       0x94 C:/ST/STM32CubeIDE_2.1.1/STM32CubeIDE/plugins/com.st.stm32cube.ide.mcu.externaltools.gnu-tools-for-stm32.14.3.rel1.win32_1.0.100.202602081740/tools/bin/../lib/gcc/arm-none-eabi/14.3.1/../../../../arm-none-eabi/lib/thumb/v8-m.main+fp/hard\libc_nano.a(libc_a-freer.o)
                0x080005ac                _free_r
 .text.sbrk_aligned
                0x08000640       0x44 C:/ST/STM32CubeIDE_2.1.1/STM32CubeIDE/plugins/com.st.stm32cube.ide.mcu.externaltools.gnu-tools-for-stm32.14.3.rel1.win32_1.0.100.202602081740/tools/bin/../lib/gcc/arm-none-eabi/14.3.1/../../../../arm-none-eabi/lib/thumb/v8-m.main+fp/hard\libc_nano.a(libc_a-mallocr.o)
 .text._malloc_r
                0x08000684      0x100 C:/ST/STM32CubeIDE_2.1.1/STM32CubeIDE/plugins/com.st.stm32cube.ide.mcu.externaltools.gnu-tools-for-stm32.14.3.rel1.win32_1.0.100.202602081740/tools/bin/../lib/gcc/arm-none-eabi/14.3.1/../../../../arm-none-eabi/lib/thumb/v8-m.main+fp/hard\libc_nano.a(libc_a-mallocr.o)
                0x08000684                _malloc_r
 .text.__malloc_lock
                0x08000784        0xc C:/ST/STM32CubeIDE_2.1.1/STM32CubeIDE/plugins/com.st.stm32cube.ide.mcu.externaltools.gnu-tools-for-stm32.14.3.rel1.win32_1.0.100.202602081740/tools/bin/../lib/gcc/arm-none-eabi/14.3.1/../../../../arm-none-eabi/lib/thumb/v8-m.main+fp/hard\libc_nano.a(libc_a-mlock.o)
                0x08000784                __malloc_lock
 .text.__malloc_unlock
                0x08000790        0xc C:/ST/STM32CubeIDE_2.1.1/STM32CubeIDE/plugins/com.st.stm32cube.ide.mcu.externaltools.gnu-tools-for-stm32.14.3.rel1.win32_1.0.100.202602081740/tools/bin/../lib/gcc/arm-none-eabi/14.3.1/../../../../arm-none-eabi/lib/thumb/v8-m.main+fp/hard\libc_nano.a(libc_a-mlock.o)
                0x08000790                __malloc_unlock
 .text.__sflush_r
                0x0800079c      0x100 C:/ST/STM32CubeIDE_2.1.1/STM32CubeIDE/plugins/com.st.stm32cube.ide.mcu.externaltools.gnu-tools-for-stm32.14.3.rel1.win32_1.0.100.202602081740/tools/bin/../lib/gcc/arm-none-eabi/14.3.1/../../../../arm-none-eabi/lib/thumb/v8-m.main+fp/hard\libc_nano.a(libc_a-fflush.o)
                0x0800079c                __sflush_r
 .text._fflush_r
                0x0800089c       0x50 C:/ST/STM32CubeIDE_2.1.1/STM32CubeIDE/plugins/com.st.stm32cube.ide.mcu.externaltools.gnu-tools-for-stm32.14.3.rel1.win32_1.0.100.202602081740/tools/bin/../lib/gcc/arm-none-eabi/14.3.1/../../../../arm-none-eabi/lib/thumb/v8-m.main+fp/hard\libc_nano.a(libc_a-fflush.o)
                0x0800089c                _fflush_r
 .text._sbrk_r  0x080008ec       0x20 C:/ST/STM32CubeIDE_2.1.1/STM32CubeIDE/plugins/com.st.stm32cube.ide.mcu.externaltools.gnu-tools-for-stm32.14.3.rel1.win32_1.0.100.202602081740/tools/bin/../lib/gcc/arm-none-eabi/14.3.1/../../../../arm-none-eabi/lib/thumb/v8-m.main+fp/hard\libc_nano.a(libc_a-sbrkr.o)
                0x080008ec                _sbrk_r
 .text.__NVIC_SystemReset
                0x0800090c       0x2c CMakeFiles/STM32C5A3R_Project2.dir/main.c.obj
 .text.LL_FLASH_SetUnlockKey
                0x08000938       0x1c CMakeFiles/STM32C5A3R_Project2.dir/main.c.obj
 .text.LL_FLASH_OB_SetUnlockKey
                0x08000954       0x1c CMakeFiles/STM32C5A3R_Project2.dir/main.c.obj
 .text.LL_FLASH_OB_Lock
                0x08000970       0x20 CMakeFiles/STM32C5A3R_Project2.dir/main.c.obj
 .text.LL_FLASH_OB_IsLocked
                0x08000990       0x26 CMakeFiles/STM32C5A3R_Project2.dir/main.c.obj
 .text.LL_FLASH_Lock
                0x080009b6       0x20 CMakeFiles/STM32C5A3R_Project2.dir/main.c.obj
 .text.LL_FLASH_IsLocked
                0x080009d6       0x26 CMakeFiles/STM32C5A3R_Project2.dir/main.c.obj
 .text.LL_FLASH_OB_SetBoot0SourceSelection
                0x080009fc       0x26 CMakeFiles/STM32C5A3R_Project2.dir/main.c.obj
 .text.LL_FLASH_OB_GetBoot0SourceSelection
                0x08000a22       0x1c CMakeFiles/STM32C5A3R_Project2.dir/main.c.obj
 *fill*         0x08000a3e        0x2 
 .text.Configure_BOOT_SEL
                0x08000a40      0x148 CMakeFiles/STM32C5A3R_Project2.dir/main.c.obj
 .text.main     0x08000b88       0xd0 CMakeFiles/STM32C5A3R_Project2.dir/main.c.obj
                0x08000b88                main
 .text.mx_cortex_mpu_init
                0x08000c58       0x5c CMakeFiles/STM32C5A3R_Project2.dir/generated/hal/mx_cortex_mpu.c.obj
                0x08000c58                mx_cortex_mpu_init
 .text.mx_cortex_nvic_init
                0x08000cb4       0x12 CMakeFiles/STM32C5A3R_Project2.dir/generated/hal/mx_cortex_nvic.c.obj
                0x08000cb4                mx_cortex_nvic_init
 *fill*         0x08000cc6        0x2 
 .text.LL_AHB2_GRP1_EnableClock
                0x08000cc8       0x60 CMakeFiles/STM32C5A3R_Project2.dir/generated/hal/mx_gpio_default.c.obj
 .text.HAL_RCC_GPIOA_EnableClock
                0x08000d28        0xe CMakeFiles/STM32C5A3R_Project2.dir/generated/hal/mx_gpio_default.c.obj
 .text.HAL_RCC_GPIOB_EnableClock
                0x08000d36        0xe CMakeFiles/STM32C5A3R_Project2.dir/generated/hal/mx_gpio_default.c.obj
 .text.mx_gpio_default_init
                0x08000d44       0x84 CMakeFiles/STM32C5A3R_Project2.dir/generated/hal/mx_gpio_default.c.obj
                0x08000d44                mx_gpio_default_init
 .text.mx_icache_init
                0x08000dc8       0x28 CMakeFiles/STM32C5A3R_Project2.dir/generated/hal/mx_icache.c.obj
                0x08000dc8                mx_icache_init
 .text.mx_icache_gethandle
                0x08000df0       0x14 CMakeFiles/STM32C5A3R_Project2.dir/generated/hal/mx_icache.c.obj
                0x08000df0                mx_icache_gethandle
 .text.mx_rcc_init
                0x08000e04       0xc0 CMakeFiles/STM32C5A3R_Project2.dir/generated/hal/mx_rcc.c.obj
                0x08000e04                mx_rcc_init
 .text.mx_rcc_peripherals_clock_config
                0x08000ec4       0x12 CMakeFiles/STM32C5A3R_Project2.dir/generated/hal/mx_rcc.c.obj
                0x08000ec4                mx_rcc_peripherals_clock_config
 .text.mx_system_init
                0x08000ed6       0xc8 CMakeFiles/STM32C5A3R_Project2.dir/generated/hal/mx_system.c.obj
                0x08000ed6                mx_system_init
 .text.SysTick_Handler
                0x08000f9e       0x10 CMakeFiles/STM32C5A3R_Project2.dir/generated/hal/mx_system.c.obj
                0x08000f9e                SysTick_Handler
 .text.pre_system_init_hook
                0x08000fae       0x12 CMakeFiles/STM32C5A3R_Project2.dir/generated/hal/mx_system.c.obj
                0x08000fae                pre_system_init_hook
 .text.post_system_init_hook
                0x08000fc0       0x12 CMakeFiles/STM32C5A3R_Project2.dir/generated/hal/mx_system.c.obj
                0x08000fc0                post_system_init_hook
 *fill*         0x08000fd2        0x2 
 .text.SCB_SetVTOR
                0x08000fd4       0x20 CMakeFiles/STM32C5A3R_Project2.dir/user_modifiable/Device/STM32C5A3RGT6/system_stm32c5xx.c.obj
 .text.SCB_EnableFPU
                0x08000ff4       0x24 CMakeFiles/STM32C5A3R_Project2.dir/user_modifiable/Device/STM32C5A3RGT6/system_stm32c5xx.c.obj
 .text.SystemInit
                0x08001018       0x18 CMakeFiles/STM32C5A3R_Project2.dir/user_modifiable/Device/STM32C5A3RGT6/system_stm32c5xx.c.obj
                0x08001018                SystemInit
 .text.Reset_Handler
                0x08001030       0xc4 CMakeFiles/STM32C5A3R_Project2.dir/user_modifiable/Device/STM32C5A3RGT6/startup_stm32c5a3xx.c.obj
                0x08001030                Reset_Handler
 .text.HardFault_Handler
                0x080010f4        0x8 CMakeFiles/STM32C5A3R_Project2.dir/user_modifiable/Device/STM32C5A3RGT6/startup_stm32c5a3xx.c.obj
                0x080010f4                HardFault_Handler
 .text.Default_IRQHandler
                0x080010fc        0x8 CMakeFiles/STM32C5A3R_Project2.dir/user_modifiable/Device/STM32C5A3RGT6/startup_stm32c5a3xx.c.obj
                0x080010fc                EXTI2_IRQHandler
                0x080010fc                TIM8_CC_IRQHandler
                0x080010fc                EXTI5_IRQHandler
                0x080010fc                DebugMon_Handler
                0x080010fc                TIM8_TRGI_COM_DIR_IDX_IRQHandler
                0x080010fc                EXTI13_IRQHandler
                0x080010fc                LPDMA2_CH1_IRQHandler
                0x080010fc                I2C1_ERR_IRQHandler
                0x080010fc                TIM1_CC_IRQHandler
                0x080010fc                LPDMA1_CH6_IRQHandler
                0x080010fc                XSPI1_IRQHandler
                0x080010fc                ETH1_WKUP_IRQHandler
                0x080010fc                TAMP_IRQHandler
                0x080010fc                TIM6_IRQHandler
                0x080010fc                EXTI12_IRQHandler
                0x080010fc                CORDIC_IRQHandler
                0x080010fc                PendSV_Handler
                0x080010fc                USB_DRD_FS_IRQHandler
                0x080010fc                NMI_Handler
                0x080010fc                EXTI3_IRQHandler
                0x080010fc                EXTI8_IRQHandler
                0x080010fc                PWR_PVD_IRQHandler
                0x080010fc                EXTI0_IRQHandler
                0x080010fc                I2C2_EV_IRQHandler
                0x080010fc                FPU_IRQHandler
                0x080010fc                FDCAN1_IT1_IRQHandler
                0x080010fc                RAMCFG_IRQHandler
                0x080010fc                UsageFault_Handler
                0x080010fc                TIM1_UPD_IRQHandler
                0x080010fc                SPI1_IRQHandler
                0x080010fc                LPDMA2_CH6_IRQHandler
                0x080010fc                LPDMA2_CH7_IRQHandler
                0x080010fc                ADC1_IRQHandler
                0x080010fc                PKA_IRQHandler
                0x080010fc                USART6_IRQHandler
                0x080010fc                EXTI15_IRQHandler
                0x080010fc                TIM17_IRQHandler
                0x080010fc                USART3_IRQHandler
                0x080010fc                RTC_IRQHandler
                0x080010fc                EXTI9_IRQHandler
                0x080010fc                LPDMA2_CH5_IRQHandler
                0x080010fc                UART5_IRQHandler
                0x080010fc                LPDMA2_CH3_IRQHandler
                0x080010fc                ADC3_IRQHandler
                0x080010fc                LPDMA1_CH1_IRQHandler
                0x080010fc                TIM4_IRQHandler
                0x080010fc                I2C1_EV_IRQHandler
                0x080010fc                TIM16_IRQHandler
                0x080010fc                UART4_IRQHandler
                0x080010fc                TIM3_IRQHandler
                0x080010fc                RCC_IRQHandler
                0x080010fc                LPDMA1_CH5_IRQHandler
                0x080010fc                LPDMA2_CH2_IRQHandler
                0x080010fc                TIM12_IRQHandler
                0x080010fc                TIM7_IRQHandler
                0x080010fc                SAES_IRQHandler
                0x080010fc                TIM5_IRQHandler
                0x080010fc                I3C1_EV_IRQHandler
                0x080010fc                TIM15_IRQHandler
                0x080010fc                TIM8_BRK_TERR_IERR_IRQHandler
                0x080010fc                TIM8_UPD_IRQHandler
                0x080010fc                ETH1_IRQHandler
                0x080010fc                ADC2_IRQHandler
                0x080010fc                SPI2_IRQHandler
                0x080010fc                MemManage_Handler
                0x080010fc                LPDMA1_CH3_IRQHandler
                0x080010fc                EXTI14_IRQHandler
                0x080010fc                EXTI11_IRQHandler
                0x080010fc                SVC_Handler
                0x080010fc                CRS_IRQHandler
                0x080010fc                LPDMA2_CH4_IRQHandler
                0x080010fc                EXTI4_IRQHandler
                0x080010fc                TIM1_BRK_TERR_IERR_IRQHandler
                0x080010fc                RNG_IRQHandler
                0x080010fc                FDCAN2_IT1_IRQHandler
                0x080010fc                TIM1_TRGI_COM_DIR_IDX_IRQHandler
                0x080010fc                LPDMA2_CH0_IRQHandler
                0x080010fc                I3C1_ERR_IRQHandler
                0x080010fc                WWDG_IRQHandler
                0x080010fc                Default_IRQHandler
                0x080010fc                FDCAN2_IT0_IRQHandler
                0x080010fc                IWDG_IRQHandler
                0x080010fc                LPUART1_IRQHandler
                0x080010fc                FDCAN1_IT0_IRQHandler
                0x080010fc                TIM2_IRQHandler
                0x080010fc                LPDMA1_CH2_IRQHandler
                0x080010fc                EXTI7_IRQHandler
                0x080010fc                EXTI1_IRQHandler
                0x080010fc                AES_IRQHandler
                0x080010fc                DAC1_IRQHandler
                0x080010fc                UART7_IRQHandler
                0x080010fc                USART2_IRQHandler
                0x080010fc                LPDMA1_CH4_IRQHandler
                0x080010fc                FLASH_IRQHandler
                0x080010fc                I2C2_ERR_IRQHandler
                0x080010fc                BusFault_Handler
                0x080010fc                USART1_IRQHandler
                0x080010fc                EXTI10_IRQHandler
                0x080010fc                SPI3_IRQHandler
                0x080010fc                LPDMA1_CH0_IRQHandler
                0x080010fc                EXTI6_IRQHandler
                0x080010fc                COMP1_IRQHandler
                0x080010fc                LPTIM1_IRQHandler
                0x080010fc                ICACHE_IRQHandler
                0x080010fc                LPDMA1_CH7_IRQHandler
                0x080010fc                HASH_IRQHandler
 .text.Default_IRQHandler_Hook
                0x08001104        0x8 CMakeFiles/STM32C5A3R_Project2.dir/user_modifiable/Device/STM32C5A3RGT6/startup_stm32c5a3xx.c.obj
                0x08001104                Default_IRQHandler_Hook
 .text.LL_RCC_GetAHBPrescaler
                0x0800110c       0x1c CMakeFiles/STM32C5A3R_Project2.dir/stm32c5xx_drivers/hal/stm32c5xx_hal.c.obj
 .text.LL_FLASH_EnablePrefetch
                0x08001128       0x20 CMakeFiles/STM32C5A3R_Project2.dir/stm32c5xx_drivers/hal/stm32c5xx_hal.c.obj
 .text.HAL_Init
                0x08001148       0x44 CMakeFiles/STM32C5A3R_Project2.dir/stm32c5xx_drivers/hal/stm32c5xx_hal.c.obj
                0x08001148                HAL_Init
 .text.HAL_InitTick
                0x0800118c       0x68 CMakeFiles/STM32C5A3R_Project2.dir/stm32c5xx_drivers/hal/stm32c5xx_hal.c.obj
                0x0800118c                HAL_InitTick
 .text.HAL_UpdateCoreClock
                0x080011f4       0x30 CMakeFiles/STM32C5A3R_Project2.dir/stm32c5xx_drivers/hal/stm32c5xx_hal.c.obj
                0x080011f4                HAL_UpdateCoreClock
 .text.HAL_IncTick
                0x08001224       0x28 CMakeFiles/STM32C5A3R_Project2.dir/stm32c5xx_drivers/hal/stm32c5xx_hal.c.obj
                0x08001224                HAL_IncTick
 .text.HAL_GetTick
                0x0800124c       0x18 CMakeFiles/STM32C5A3R_Project2.dir/stm32c5xx_drivers/hal/stm32c5xx_hal.c.obj
                0x0800124c                HAL_GetTick
 .text.HAL_Delay
                0x08001264       0x4c CMakeFiles/STM32C5A3R_Project2.dir/stm32c5xx_drivers/hal/stm32c5xx_hal.c.obj
                0x08001264                HAL_Delay
 .text.__NVIC_SetPriorityGrouping
                0x080012b0       0x48 CMakeFiles/STM32C5A3R_Project2.dir/stm32c5xx_drivers/hal/stm32c5xx_hal_cortex.c.obj
 .text.__NVIC_GetPriorityGrouping
                0x080012f8       0x1c CMakeFiles/STM32C5A3R_Project2.dir/stm32c5xx_drivers/hal/stm32c5xx_hal_cortex.c.obj
 .text.__NVIC_SetPriority
                0x08001314       0x54 CMakeFiles/STM32C5A3R_Project2.dir/stm32c5xx_drivers/hal/stm32c5xx_hal_cortex.c.obj
 .text.NVIC_EncodePriority
                0x08001368       0x66 CMakeFiles/STM32C5A3R_Project2.dir/stm32c5xx_drivers/hal/stm32c5xx_hal_cortex.c.obj
 *fill*         0x080013ce        0x2 
 .text.ARM_MPU_Enable
                0x080013d0       0x44 CMakeFiles/STM32C5A3R_Project2.dir/stm32c5xx_drivers/hal/stm32c5xx_hal_cortex.c.obj
 .text.ARM_MPU_Disable
                0x08001414       0x40 CMakeFiles/STM32C5A3R_Project2.dir/stm32c5xx_drivers/hal/stm32c5xx_hal_cortex.c.obj
 .text.ARM_MPU_SetMemAttrEx
                0x08001454       0x6a CMakeFiles/STM32C5A3R_Project2.dir/stm32c5xx_drivers/hal/stm32c5xx_hal_cortex.c.obj
 *fill*         0x080014be        0x2 
 .text.ARM_MPU_SetMemAttr
                0x080014c0       0x28 CMakeFiles/STM32C5A3R_Project2.dir/stm32c5xx_drivers/hal/stm32c5xx_hal_cortex.c.obj
 .text.ARM_MPU_SetRegionEx
                0x080014e8       0x2c CMakeFiles/STM32C5A3R_Project2.dir/stm32c5xx_drivers/hal/stm32c5xx_hal_cortex.c.obj
 .text.ARM_MPU_SetRegion
                0x08001514       0x24 CMakeFiles/STM32C5A3R_Project2.dir/stm32c5xx_drivers/hal/stm32c5xx_hal_cortex.c.obj
 .text.SysTick_SetClkSource
                0x08001538       0x38 CMakeFiles/STM32C5A3R_Project2.dir/stm32c5xx_drivers/hal/stm32c5xx_hal_cortex.c.obj
 .text.SysTick_GetClkSource
                0x08001570       0x1c CMakeFiles/STM32C5A3R_Project2.dir/stm32c5xx_drivers/hal/stm32c5xx_hal_cortex.c.obj
 .text.SysTick_EnableIT
                0x0800158c       0x20 CMakeFiles/STM32C5A3R_Project2.dir/stm32c5xx_drivers/hal/stm32c5xx_hal_cortex.c.obj
 .text.SysTick_Enable
                0x080015ac       0x20 CMakeFiles/STM32C5A3R_Project2.dir/stm32c5xx_drivers/hal/stm32c5xx_hal_cortex.c.obj
 .text.SysTick_SetReload
                0x080015cc       0x30 CMakeFiles/STM32C5A3R_Project2.dir/stm32c5xx_drivers/hal/stm32c5xx_hal_cortex.c.obj
 .text.SysTick_SetCounter
                0x080015fc       0x20 CMakeFiles/STM32C5A3R_Project2.dir/stm32c5xx_drivers/hal/stm32c5xx_hal_cortex.c.obj
 .text.HAL_CORTEX_NVIC_SetPriorityGrouping
                0x0800161c       0x1a CMakeFiles/STM32C5A3R_Project2.dir/stm32c5xx_drivers/hal/stm32c5xx_hal_cortex.c.obj
                0x0800161c                HAL_CORTEX_NVIC_SetPriorityGrouping
 .text.HAL_CORTEX_NVIC_SetPriority
                0x08001636       0x36 CMakeFiles/STM32C5A3R_Project2.dir/stm32c5xx_drivers/hal/stm32c5xx_hal_cortex.c.obj
                0x08001636                HAL_CORTEX_NVIC_SetPriority
 .text.HAL_CORTEX_SYSTICK_SetFreq
                0x0800166c       0x5a CMakeFiles/STM32C5A3R_Project2.dir/stm32c5xx_drivers/hal/stm32c5xx_hal_cortex.c.obj
                0x0800166c                HAL_CORTEX_SYSTICK_SetFreq
 .text.HAL_CORTEX_SYSTICK_SetClkSource
                0x080016c6       0x1a CMakeFiles/STM32C5A3R_Project2.dir/stm32c5xx_drivers/hal/stm32c5xx_hal_cortex.c.obj
                0x080016c6                HAL_CORTEX_SYSTICK_SetClkSource
 .text.HAL_CORTEX_SYSTICK_IRQHandler
                0x080016e0        0xc CMakeFiles/STM32C5A3R_Project2.dir/stm32c5xx_drivers/hal/stm32c5xx_hal_cortex.c.obj
                0x080016e0                HAL_CORTEX_SYSTICK_IRQHandler
 .text.HAL_CORTEX_SYSTICK_Callback
                0x080016ec        0xe CMakeFiles/STM32C5A3R_Project2.dir/stm32c5xx_drivers/hal/stm32c5xx_hal_cortex.c.obj
                0x080016ec                HAL_CORTEX_SYSTICK_Callback
 .text.HAL_CORTEX_MPU_Enable
                0x080016fa       0x26 CMakeFiles/STM32C5A3R_Project2.dir/stm32c5xx_drivers/hal/stm32c5xx_hal_cortex.c.obj
                0x080016fa                HAL_CORTEX_MPU_Enable
 .text.HAL_CORTEX_MPU_Disable
                0x08001720        0xc CMakeFiles/STM32C5A3R_Project2.dir/stm32c5xx_drivers/hal/stm32c5xx_hal_cortex.c.obj
                0x08001720                HAL_CORTEX_MPU_Disable
 .text.HAL_CORTEX_MPU_SetCacheMemAttr
                0x0800172c       0x2a CMakeFiles/STM32C5A3R_Project2.dir/stm32c5xx_drivers/hal/stm32c5xx_hal_cortex.c.obj
                0x0800172c                HAL_CORTEX_MPU_SetCacheMemAttr
 .text.HAL_CORTEX_MPU_SetConfigRegion
                0x08001756       0x48 CMakeFiles/STM32C5A3R_Project2.dir/stm32c5xx_drivers/hal/stm32c5xx_hal_cortex.c.obj
                0x08001756                HAL_CORTEX_MPU_SetConfigRegion
 *fill*         0x0800179e        0x2 
 .text.HAL_CORTEX_MPU_EnableRegion
                0x080017a0       0x2c CMakeFiles/STM32C5A3R_Project2.dir/stm32c5xx_drivers/hal/stm32c5xx_hal_cortex.c.obj
                0x080017a0                HAL_CORTEX_MPU_EnableRegion
 .text.LL_FLASH_SetLatency
                0x080017cc       0x26 CMakeFiles/STM32C5A3R_Project2.dir/stm32c5xx_drivers/hal/stm32c5xx_hal_flash_itf.c.obj
 .text.LL_FLASH_SetProgrammingDelay
                0x080017f2       0x26 CMakeFiles/STM32C5A3R_Project2.dir/stm32c5xx_drivers/hal/stm32c5xx_hal_flash_itf.c.obj
 .text.HAL_FLASH_ITF_SetLatency
                0x08001818       0x24 CMakeFiles/STM32C5A3R_Project2.dir/stm32c5xx_drivers/hal/stm32c5xx_hal_flash_itf.c.obj
                0x08001818                HAL_FLASH_ITF_SetLatency
 .text.HAL_FLASH_ITF_SetProgrammingDelay
                0x0800183c       0x24 CMakeFiles/STM32C5A3R_Project2.dir/stm32c5xx_drivers/hal/stm32c5xx_hal_flash_itf.c.obj
                0x0800183c                HAL_FLASH_ITF_SetProgrammingDelay
 .text.LL_GPIO_SetPinMode
                0x08001860       0x9c CMakeFiles/STM32C5A3R_Project2.dir/stm32c5xx_drivers/hal/stm32c5xx_hal_gpio.c.obj
 .text.LL_GPIO_SetPinOutputType
                0x080018fc       0x56 CMakeFiles/STM32C5A3R_Project2.dir/stm32c5xx_drivers/hal/stm32c5xx_hal_gpio.c.obj
 .text.LL_GPIO_SetPinSpeed
                0x08001952       0xa0 CMakeFiles/STM32C5A3R_Project2.dir/stm32c5xx_drivers/hal/stm32c5xx_hal_gpio.c.obj
 .text.LL_GPIO_SetPinPull
                0x080019f2       0xa0 CMakeFiles/STM32C5A3R_Project2.dir/stm32c5xx_drivers/hal/stm32c5xx_hal_gpio.c.obj
 .text.LL_GPIO_SetAFPin_0_7
                0x08001a92       0xa0 CMakeFiles/STM32C5A3R_Project2.dir/stm32c5xx_drivers/hal/stm32c5xx_hal_gpio.c.obj
 .text.LL_GPIO_SetAFPin_8_15
                0x08001b32       0xa4 CMakeFiles/STM32C5A3R_Project2.dir/stm32c5xx_drivers/hal/stm32c5xx_hal_gpio.c.obj
 .text.LL_GPIO_WriteOutputPin
                0x08001bd6       0x2a CMakeFiles/STM32C5A3R_Project2.dir/stm32c5xx_drivers/hal/stm32c5xx_hal_gpio.c.obj
 .text.LL_GPIO_TogglePin
                0x08001c00       0x32 CMakeFiles/STM32C5A3R_Project2.dir/stm32c5xx_drivers/hal/stm32c5xx_hal_gpio.c.obj
 .text.HAL_GPIO_Init
                0x08001c32      0x128 CMakeFiles/STM32C5A3R_Project2.dir/stm32c5xx_drivers/hal/stm32c5xx_hal_gpio.c.obj
                0x08001c32                HAL_GPIO_Init
 .text.HAL_GPIO_WritePin
                0x08001d5a       0x22 CMakeFiles/STM32C5A3R_Project2.dir/stm32c5xx_drivers/hal/stm32c5xx_hal_gpio.c.obj
                0x08001d5a                HAL_GPIO_WritePin
 .text.HAL_GPIO_TogglePin
                0x08001d7c       0x1c CMakeFiles/STM32C5A3R_Project2.dir/stm32c5xx_drivers/hal/stm32c5xx_hal_gpio.c.obj
                0x08001d7c                HAL_GPIO_TogglePin
 .text.LL_ICACHE_Enable
                0x08001d98       0x20 CMakeFiles/STM32C5A3R_Project2.dir/stm32c5xx_drivers/hal/stm32c5xx_hal_icache.c.obj
 .text.LL_ICACHE_EnableIT
                0x08001db8       0x22 CMakeFiles/STM32C5A3R_Project2.dir/stm32c5xx_drivers/hal/stm32c5xx_hal_icache.c.obj
 .text.HAL_ICACHE_Init
                0x08001dda       0x28 CMakeFiles/STM32C5A3R_Project2.dir/stm32c5xx_drivers/hal/stm32c5xx_hal_icache.c.obj
                0x08001dda                HAL_ICACHE_Init
 .text.HAL_ICACHE_Start
                0x08001e02       0x32 CMakeFiles/STM32C5A3R_Project2.dir/stm32c5xx_drivers/hal/stm32c5xx_hal_icache.c.obj
                0x08001e02                HAL_ICACHE_Start
 .text.LL_RCC_HSIS_Enable
                0x08001e34       0x20 CMakeFiles/STM32C5A3R_Project2.dir/stm32c5xx_drivers/hal/stm32c5xx_hal_rcc.c.obj
 .text.LL_RCC_HSIS_IsReady
                0x08001e54       0x24 CMakeFiles/STM32C5A3R_Project2.dir/stm32c5xx_drivers/hal/stm32c5xx_hal_rcc.c.obj
 .text.LL_RCC_PSIS_Enable
                0x08001e78       0x20 CMakeFiles/STM32C5A3R_Project2.dir/stm32c5xx_drivers/hal/stm32c5xx_hal_rcc.c.obj
 .text.LL_RCC_PSIS_IsReady
                0x08001e98       0x28 CMakeFiles/STM32C5A3R_Project2.dir/stm32c5xx_drivers/hal/stm32c5xx_hal_rcc.c.obj
 .text.LL_RCC_PSIDIV3_IsReady
                0x08001ec0       0x28 CMakeFiles/STM32C5A3R_Project2.dir/stm32c5xx_drivers/hal/stm32c5xx_hal_rcc.c.obj
 .text.LL_RCC_PSIK_IsReady
                0x08001ee8       0x28 CMakeFiles/STM32C5A3R_Project2.dir/stm32c5xx_drivers/hal/stm32c5xx_hal_rcc.c.obj
 .text.LL_RCC_ConfigPSI
                0x08001f10       0x38 CMakeFiles/STM32C5A3R_Project2.dir/stm32c5xx_drivers/hal/stm32c5xx_hal_rcc.c.obj
 .text.LL_RCC_GetConfigPSI
                0x08001f48       0x40 CMakeFiles/STM32C5A3R_Project2.dir/stm32c5xx_drivers/hal/stm32c5xx_hal_rcc.c.obj
 .text.LL_RCC_SetSysClkSource
                0x08001f88       0x28 CMakeFiles/STM32C5A3R_Project2.dir/stm32c5xx_drivers/hal/stm32c5xx_hal_rcc.c.obj
 .text.LL_RCC_GetSysClkSource
                0x08001fb0       0x1c CMakeFiles/STM32C5A3R_Project2.dir/stm32c5xx_drivers/hal/stm32c5xx_hal_rcc.c.obj
 .text.LL_RCC_GetAHBPrescaler
                0x08001fcc       0x1c CMakeFiles/STM32C5A3R_Project2.dir/stm32c5xx_drivers/hal/stm32c5xx_hal_rcc.c.obj
 .text.LL_RCC_GetSystickClockSource
                0x08001fe8       0x1c CMakeFiles/STM32C5A3R_Project2.dir/stm32c5xx_drivers/hal/stm32c5xx_hal_rcc.c.obj
 .text.LL_RCC_ConfigBusClock
                0x08002004       0x2c CMakeFiles/STM32C5A3R_Project2.dir/stm32c5xx_drivers/hal/stm32c5xx_hal_rcc.c.obj
 .text.HAL_RCC_HSIS_Enable
                0x08002030       0x1c CMakeFiles/STM32C5A3R_Project2.dir/stm32c5xx_drivers/hal/stm32c5xx_hal_rcc.c.obj
                0x08002030                HAL_RCC_HSIS_Enable
 .text.HAL_RCC_PSIS_Enable
                0x0800204c       0x1c CMakeFiles/STM32C5A3R_Project2.dir/stm32c5xx_drivers/hal/stm32c5xx_hal_rcc.c.obj
                0x0800204c                HAL_RCC_PSIS_Enable
 .text.HAL_RCC_PSI_SetConfig
                0x08002068       0x50 CMakeFiles/STM32C5A3R_Project2.dir/stm32c5xx_drivers/hal/stm32c5xx_hal_rcc.c.obj
                0x08002068                HAL_RCC_PSI_SetConfig
 .text.HAL_RCC_PSI_GetConfig
                0x080020b8       0x34 CMakeFiles/STM32C5A3R_Project2.dir/stm32c5xx_drivers/hal/stm32c5xx_hal_rcc.c.obj
                0x080020b8                HAL_RCC_PSI_GetConfig
 .text.HAL_RCC_SetSYSCLKSource
                0x080020ec       0x52 CMakeFiles/STM32C5A3R_Project2.dir/stm32c5xx_drivers/hal/stm32c5xx_hal_rcc.c.obj
                0x080020ec                HAL_RCC_SetSYSCLKSource
 .text.HAL_RCC_GetSYSCLKSource
                0x0800213e       0x12 CMakeFiles/STM32C5A3R_Project2.dir/stm32c5xx_drivers/hal/stm32c5xx_hal_rcc.c.obj
                0x0800213e                HAL_RCC_GetSYSCLKSource
 .text.HAL_RCC_SetBusClockConfig
                0x08002150       0x38 CMakeFiles/STM32C5A3R_Project2.dir/stm32c5xx_drivers/hal/stm32c5xx_hal_rcc.c.obj
                0x08002150                HAL_RCC_SetBusClockConfig
 .text.HAL_RCC_GetPSIClockFreq
                0x08002188       0x9c CMakeFiles/STM32C5A3R_Project2.dir/stm32c5xx_drivers/hal/stm32c5xx_hal_rcc.c.obj
                0x08002188                HAL_RCC_GetPSIClockFreq
 .text.HAL_RCC_GetSYSCLKFreq
                0x08002224       0x3c CMakeFiles/STM32C5A3R_Project2.dir/stm32c5xx_drivers/hal/stm32c5xx_hal_rcc.c.obj
                0x08002224                HAL_RCC_GetSYSCLKFreq
 .text.HAL_RCC_GetHCLKFreq
                0x08002260       0x20 CMakeFiles/STM32C5A3R_Project2.dir/stm32c5xx_drivers/hal/stm32c5xx_hal_rcc.c.obj
                0x08002260                HAL_RCC_GetHCLKFreq
 .text.HAL_RCC_GetSysTickExternalClkFreq
                0x08002280       0x3e CMakeFiles/STM32C5A3R_Project2.dir/stm32c5xx_drivers/hal/stm32c5xx_hal_rcc.c.obj
                0x08002280                HAL_RCC_GetSysTickExternalClkFreq
 .text.RCC_WaitForTimeout
                0x080022be       0x54 CMakeFiles/STM32C5A3R_Project2.dir/stm32c5xx_drivers/hal/stm32c5xx_hal_rcc.c.obj
 .text._kill    0x08002312       0x20 CMakeFiles/STM32C5A3R_Project2.dir/utilities/syscalls/syscalls.c.obj
                0x08002312                _kill
 .text._exit    0x08002332       0x16 CMakeFiles/STM32C5A3R_Project2.dir/utilities/syscalls/syscalls.c.obj
                0x08002332                _exit
 .text._read    0x08002348       0x3a CMakeFiles/STM32C5A3R_Project2.dir/utilities/syscalls/syscalls.c.obj
                0x08002348                _read
 .text._write   0x08002382       0x38 CMakeFiles/STM32C5A3R_Project2.dir/utilities/syscalls/syscalls.c.obj
                0x08002382                _write
 .text._close   0x080023ba       0x18 CMakeFiles/STM32C5A3R_Project2.dir/utilities/syscalls/syscalls.c.obj
                0x080023ba                _close
 .text._fstat   0x080023d2       0x20 CMakeFiles/STM32C5A3R_Project2.dir/utilities/syscalls/syscalls.c.obj
                0x080023d2                _fstat
 .text._isatty  0x080023f2       0x16 CMakeFiles/STM32C5A3R_Project2.dir/utilities/syscalls/syscalls.c.obj
                0x080023f2                _isatty
 .text._lseek   0x08002408       0x1a CMakeFiles/STM32C5A3R_Project2.dir/utilities/syscalls/syscalls.c.obj
                0x08002408                _lseek
 *fill*         0x08002422        0x2 
 .text._sbrk    0x08002424       0x6c CMakeFiles/STM32C5A3R_Project2.dir/utilities/syscalls/sysmem.c.obj
                0x08002424                _sbrk
 .text._puts_r  0x08002490       0xaa C:/ST/STM32CubeIDE_2.1.1/STM32CubeIDE/plugins/com.st.stm32cube.ide.mcu.externaltools.gnu-tools-for-stm32.14.3.rel1.win32_1.0.100.202602081740/tools/bin/../lib/gcc/arm-none-eabi/14.3.1/../../../../arm-none-eabi/lib/thumb/v8-m.main+fp/hard\libc_nano.a(libc_a-puts.o)
                0x08002490                _puts_r
 *fill*         0x0800253a        0x2 
 .text.puts     0x0800253c       0x10 C:/ST/STM32CubeIDE_2.1.1/STM32CubeIDE/plugins/com.st.stm32cube.ide.mcu.externaltools.gnu-tools-for-stm32.14.3.rel1.win32_1.0.100.202602081740/tools/bin/../lib/gcc/arm-none-eabi/14.3.1/../../../../arm-none-eabi/lib/thumb/v8-m.main+fp/hard\libc_nano.a(libc_a-puts.o)
                0x0800253c                puts
 .text.__swbuf_r
                0x0800254c       0x7c C:/ST/STM32CubeIDE_2.1.1/STM32CubeIDE/plugins/com.st.stm32cube.ide.mcu.externaltools.gnu-tools-for-stm32.14.3.rel1.win32_1.0.100.202602081740/tools/bin/../lib/gcc/arm-none-eabi/14.3.1/../../../../arm-none-eabi/lib/thumb/v8-m.main+fp/hard\libc_nano.a(libc_a-wbuf.o)
                0x0800254c                __swbuf_r
 .text.__swsetup_r
                0x080025c8       0xa8 C:/ST/STM32CubeIDE_2.1.1/STM32CubeIDE/plugins/com.st.stm32cube.ide.mcu.externaltools.gnu-tools-for-stm32.14.3.rel1.win32_1.0.100.202602081740/tools/bin/../lib/gcc/arm-none-eabi/14.3.1/../../../../arm-none-eabi/lib/thumb/v8-m.main+fp/hard\libc_nano.a(libc_a-wsetup.o)
                0x080025c8                __swsetup_r
 .text.__errno  0x08002670        0xc C:/ST/STM32CubeIDE_2.1.1/STM32CubeIDE/plugins/com.st.stm32cube.ide.mcu.externaltools.gnu-tools-for-stm32.14.3.rel1.win32_1.0.100.202602081740/tools/bin/../lib/gcc/arm-none-eabi/14.3.1/../../../../arm-none-eabi/lib/thumb/v8-m.main+fp/hard\libc_nano.a(libc_a-errno.o)
                0x08002670                __errno
 .text.__swhatbuf_r
                0x0800267c       0x48 C:/ST/STM32CubeIDE_2.1.1/STM32CubeIDE/plugins/com.st.stm32cube.ide.mcu.externaltools.gnu-tools-for-stm32.14.3.rel1.win32_1.0.100.202602081740/tools/bin/../lib/gcc/arm-none-eabi/14.3.1/../../../../arm-none-eabi/lib/thumb/v8-m.main+fp/hard\libc_nano.a(libc_a-makebuf.o)
                0x0800267c                __swhatbuf_r
 .text.__smakebuf_r
                0x080026c4       0x72 C:/ST/STM32CubeIDE_2.1.1/STM32CubeIDE/plugins/com.st.stm32cube.ide.mcu.externaltools.gnu-tools-for-stm32.14.3.rel1.win32_1.0.100.202602081740/tools/bin/../lib/gcc/arm-none-eabi/14.3.1/../../../../arm-none-eabi/lib/thumb/v8-m.main+fp/hard\libc_nano.a(libc_a-makebuf.o)
                0x080026c4                __smakebuf_r
 *fill*         0x08002736        0x2 
 .text._fstat_r
                0x08002738       0x24 C:/ST/STM32CubeIDE_2.1.1/STM32CubeIDE/plugins/com.st.stm32cube.ide.mcu.externaltools.gnu-tools-for-stm32.14.3.rel1.win32_1.0.100.202602081740/tools/bin/../lib/gcc/arm-none-eabi/14.3.1/../../../../arm-none-eabi/lib/thumb/v8-m.main+fp/hard\libc_nano.a(libc_a-fstatr.o)
                0x08002738                _fstat_r
 .text._isatty_r
                0x0800275c       0x20 C:/ST/STM32CubeIDE_2.1.1/STM32CubeIDE/plugins/com.st.stm32cube.ide.mcu.externaltools.gnu-tools-for-stm32.14.3.rel1.win32_1.0.100.202602081740/tools/bin/../lib/gcc/arm-none-eabi/14.3.1/../../../../arm-none-eabi/lib/thumb/v8-m.main+fp/hard\libc_nano.a(libc_a-isattyr.o)
                0x0800275c                _isatty_r
 *(.glue_7)
 .glue_7        0x0800277c        0x0 linker stubs
 *(.glue_7t)
 .glue_7t       0x0800277c        0x0 linker stubs
 *(.eh_frame)
 .eh_frame      0x0800277c        0x0 C:/ST/STM32CubeIDE_2.1.1/STM32CubeIDE/plugins/com.st.stm32cube.ide.mcu.externaltools.gnu-tools-for-stm32.14.3.rel1.win32_1.0.100.202602081740/tools/bin/../lib/gcc/arm-none-eabi/14.3.1/thumb/v8-m.main+fp/hard/crtbegin.o
 *(.init)
 .init          0x0800277c        0x4 C:/ST/STM32CubeIDE_2.1.1/STM32CubeIDE/plugins/com.st.stm32cube.ide.mcu.externaltools.gnu-tools-for-stm32.14.3.rel1.win32_1.0.100.202602081740/tools/bin/../lib/gcc/arm-none-eabi/14.3.1/thumb/v8-m.main+fp/hard/crti.o
                0x0800277c                _init
 .init          0x08002780        0x8 C:/ST/STM32CubeIDE_2.1.1/STM32CubeIDE/plugins/com.st.stm32cube.ide.mcu.externaltools.gnu-tools-for-stm32.14.3.rel1.win32_1.0.100.202602081740/tools/bin/../lib/gcc/arm-none-eabi/14.3.1/thumb/v8-m.main+fp/hard/crtn.o
 *(.fini)
 .fini          0x08002788        0x4 C:/ST/STM32CubeIDE_2.1.1/STM32CubeIDE/plugins/com.st.stm32cube.ide.mcu.externaltools.gnu-tools-for-stm32.14.3.rel1.win32_1.0.100.202602081740/tools/bin/../lib/gcc/arm-none-eabi/14.3.1/thumb/v8-m.main+fp/hard/crti.o
                0x08002788                _fini
 .fini          0x0800278c        0x8 C:/ST/STM32CubeIDE_2.1.1/STM32CubeIDE/plugins/com.st.stm32cube.ide.mcu.externaltools.gnu-tools-for-stm32.14.3.rel1.win32_1.0.100.202602081740/tools/bin/../lib/gcc/arm-none-eabi/14.3.1/thumb/v8-m.main+fp/hard/crtn.o
                0x08002798                        . = ALIGN (0x8)
 *fill*         0x08002794        0x4 
                0x08002798                        _etext = .

.vfp11_veneer   0x08002798        0x0
 .vfp11_veneer  0x08002798        0x0 linker stubs

.v4_bx          0x08002798        0x0
 .v4_bx         0x08002798        0x0 linker stubs

.iplt           0x08002798        0x0
 .iplt          0x08002798        0x0 C:/ST/STM32CubeIDE_2.1.1/STM32CubeIDE/plugins/com.st.stm32cube.ide.mcu.externaltools.gnu-tools-for-stm32.14.3.rel1.win32_1.0.100.202602081740/tools/bin/../lib/gcc/arm-none-eabi/14.3.1/thumb/v8-m.main+fp/hard/crtbegin.o

.rodata         0x08002798       0xb8
                0x08002798                        . = ALIGN (0x8)
 *(.rodata)
 .rodata        0x08002798       0xa7 CMakeFiles/STM32C5A3R_Project2.dir/main.c.obj
 *(.rodata*)
 *fill*         0x0800283f        0x1 
 .rodata.AHBPrescTable
                0x08002840       0x10 CMakeFiles/STM32C5A3R_Project2.dir/user_modifiable/Device/STM32C5A3RGT6/system_stm32c5xx.c.obj
                0x08002840                AHBPrescTable
                0x08002850                        . = ALIGN (0x8)

.ARM.extab      0x08002850        0x0
                0x08002850                        . = ALIGN (0x8)
 *(.ARM.extab* .gnu.linkonce.armextab.*)
                0x08002850                        . = ALIGN (0x8)

.ARM            0x08002850        0x8
                0x08002850                        . = ALIGN (0x8)
                0x08002850                        __exidx_start = .
 *(.ARM.exidx*)
 .ARM.exidx     0x08002850        0x8 C:/ST/STM32CubeIDE_2.1.1/STM32CubeIDE/plugins/com.st.stm32cube.ide.mcu.externaltools.gnu-tools-for-stm32.14.3.rel1.win32_1.0.100.202602081740/tools/bin/../lib/gcc/arm-none-eabi/14.3.1/../../../../arm-none-eabi/lib/thumb/v8-m.main+fp/hard/crt0.o
                                 0x10 (size before relaxing)
                0x08002858                        __exidx_end = .
                0x08002858                        . = ALIGN (0x8)

.preinit_array  0x08002858        0x0
                0x08002858                        . = ALIGN (0x8)
                0x08002858                        PROVIDE (__preinit_array_start = .)
 *(.preinit_array*)
                0x08002858                        PROVIDE (__preinit_array_end = .)
                0x08002858                        . = ALIGN (0x8)

.init_array     0x08002858        0x8
                0x08002858                        . = ALIGN (0x8)
                0x08002858                        PROVIDE (__init_array_start = .)
 *(SORT_BY_NAME(.init_array.*))
 *(.init_array*)
 .init_array    0x08002858        0x4 C:/ST/STM32CubeIDE_2.1.1/STM32CubeIDE/plugins/com.st.stm32cube.ide.mcu.externaltools.gnu-tools-for-stm32.14.3.rel1.win32_1.0.100.202602081740/tools/bin/../lib/gcc/arm-none-eabi/14.3.1/thumb/v8-m.main+fp/hard/crtbegin.o
                0x0800285c                        PROVIDE (__init_array_end = .)
                0x08002860                        . = ALIGN (0x8)
 *fill*         0x0800285c        0x4 

.fini_array     0x08002860        0x8
                0x08002860                        . = ALIGN (0x8)
                [!provide]                        PROVIDE (__fini_array_start = .)
 *(SORT_BY_NAME(.fini_array.*))
 *(.fini_array*)
 .fini_array    0x08002860        0x4 C:/ST/STM32CubeIDE_2.1.1/STM32CubeIDE/plugins/com.st.stm32cube.ide.mcu.externaltools.gnu-tools-for-stm32.14.3.rel1.win32_1.0.100.202602081740/tools/bin/../lib/gcc/arm-none-eabi/14.3.1/thumb/v8-m.main+fp/hard/crtbegin.o
                [!provide]                        PROVIDE (__fini_array_end = .)
                0x08002868                        . = ALIGN (0x8)
 *fill*         0x08002864        0x4 

.copy.table     0x08002868        0xc
                0x08002868                        . = ALIGN (0x8)
                0x08002868                        __copy_table_start__ = .
                0x08002868        0x4 LONG 0x8002880 LOADADDR (.data)
                0x0800286c        0x4 LONG 0x20000000 ADDR (.data)
                0x08002870        0x4 LONG 0x1a (SIZEOF (.data) / 0x4)
                0x08002874                        __copy_table_end__ = .

.zero.table     0x08002874        0xc
                0x08002878                        . = ALIGN (0x8)
 *fill*         0x08002874        0x4 
                0x08002878                        __zero_table_start__ = .
                0x08002878        0x4 LONG 0x20000068 ADDR (.bss)
                0x0800287c        0x4 LONG 0x5e (SIZEOF (.bss) / 0x4)
                0x08002880                        __zero_table_end__ = .

.rel.dyn        0x08002880        0x0
 .rel.iplt      0x08002880        0x0 C:/ST/STM32CubeIDE_2.1.1/STM32CubeIDE/plugins/com.st.stm32cube.ide.mcu.externaltools.gnu-tools-for-stm32.14.3.rel1.win32_1.0.100.202602081740/tools/bin/../lib/gcc/arm-none-eabi/14.3.1/thumb/v8-m.main+fp/hard/crtbegin.o

.data           0x20000000       0x68 load address 0x08002880
                0x20000000                        . = ALIGN (0x8)
                0x08002880                        _sidata = LOADADDR (.data)
                0x20000000                        __data_start__ = .
                0x20000000                        _sdata = .
 *(.data)
 *(.data*)
 .data.__sglue  0x20000000        0xc C:/ST/STM32CubeIDE_2.1.1/STM32CubeIDE/plugins/com.st.stm32cube.ide.mcu.externaltools.gnu-tools-for-stm32.14.3.rel1.win32_1.0.100.202602081740/tools/bin/../lib/gcc/arm-none-eabi/14.3.1/../../../../arm-none-eabi/lib/thumb/v8-m.main+fp/hard\libc_nano.a(libc_a-findfp.o)
                0x20000000                __sglue
 .data._impure_ptr
                0x2000000c        0x4 C:/ST/STM32CubeIDE_2.1.1/STM32CubeIDE/plugins/com.st.stm32cube.ide.mcu.externaltools.gnu-tools-for-stm32.14.3.rel1.win32_1.0.100.202602081740/tools/bin/../lib/gcc/arm-none-eabi/14.3.1/../../../../arm-none-eabi/lib/thumb/v8-m.main+fp/hard\libc_nano.a(libc_a-impure.o)
                0x2000000c                _impure_ptr
 .data._impure_data
                0x20000010       0x4c C:/ST/STM32CubeIDE_2.1.1/STM32CubeIDE/plugins/com.st.stm32cube.ide.mcu.externaltools.gnu-tools-for-stm32.14.3.rel1.win32_1.0.100.202602081740/tools/bin/../lib/gcc/arm-none-eabi/14.3.1/../../../../arm-none-eabi/lib/thumb/v8-m.main+fp/hard\libc_nano.a(libc_a-impure.o)
                0x20000010                _impure_data
 .data.SystemCoreClock
                0x2000005c        0x4 CMakeFiles/STM32C5A3R_Project2.dir/user_modifiable/Device/STM32C5A3RGT6/system_stm32c5xx.c.obj
                0x2000005c                SystemCoreClock
 .data.uwTickPrio
                0x20000060        0x4 CMakeFiles/STM32C5A3R_Project2.dir/stm32c5xx_drivers/hal/stm32c5xx_hal.c.obj
                0x20000060                uwTickPrio
 .data.uwTickFreq
                0x20000064        0x1 CMakeFiles/STM32C5A3R_Project2.dir/stm32c5xx_drivers/hal/stm32c5xx_hal.c.obj
                0x20000064                uwTickFreq
                0x20000068                        . = ALIGN (0x8)
 *fill*         0x20000065        0x3 
                0x20000068                        _edata = .

.igot.plt       0x20000068        0x0 load address 0x080028e8
 .igot.plt      0x20000068        0x0 C:/ST/STM32CubeIDE_2.1.1/STM32CubeIDE/plugins/com.st.stm32cube.ide.mcu.externaltools.gnu-tools-for-stm32.14.3.rel1.win32_1.0.100.202602081740/tools/bin/../lib/gcc/arm-none-eabi/14.3.1/thumb/v8-m.main+fp/hard/crtbegin.o

.bss            0x20000068      0x178 load address 0x080028e8
                0x20000068                        . = ALIGN (0x8)
                0x20000068                        _sbss = .
                0x20000068                        __bss_start__ = _sbss
 *(.bss)
 .bss           0x20000068       0x1c C:/ST/STM32CubeIDE_2.1.1/STM32CubeIDE/plugins/com.st.stm32cube.ide.mcu.externaltools.gnu-tools-for-stm32.14.3.rel1.win32_1.0.100.202602081740/tools/bin/../lib/gcc/arm-none-eabi/14.3.1/thumb/v8-m.main+fp/hard/crtbegin.o
 *(.bss*)
 .bss.__sf      0x20000084      0x138 C:/ST/STM32CubeIDE_2.1.1/STM32CubeIDE/plugins/com.st.stm32cube.ide.mcu.externaltools.gnu-tools-for-stm32.14.3.rel1.win32_1.0.100.202602081740/tools/bin/../lib/gcc/arm-none-eabi/14.3.1/../../../../arm-none-eabi/lib/thumb/v8-m.main+fp/hard\libc_nano.a(libc_a-findfp.o)
                0x20000084                __sf
 .bss.__stdio_exit_handler
                0x200001bc        0x4 C:/ST/STM32CubeIDE_2.1.1/STM32CubeIDE/plugins/com.st.stm32cube.ide.mcu.externaltools.gnu-tools-for-stm32.14.3.rel1.win32_1.0.100.202602081740/tools/bin/../lib/gcc/arm-none-eabi/14.3.1/../../../../arm-none-eabi/lib/thumb/v8-m.main+fp/hard\libc_nano.a(libc_a-findfp.o)
                0x200001bc                __stdio_exit_handler
 .bss.errno     0x200001c0        0x4 C:/ST/STM32CubeIDE_2.1.1/STM32CubeIDE/plugins/com.st.stm32cube.ide.mcu.externaltools.gnu-tools-for-stm32.14.3.rel1.win32_1.0.100.202602081740/tools/bin/../lib/gcc/arm-none-eabi/14.3.1/../../../../arm-none-eabi/lib/thumb/v8-m.main+fp/hard\libc_nano.a(libc_a-reent.o)
                0x200001c0                errno
 .bss.__lock___malloc_recursive_mutex
                0x200001c4        0x1 C:/ST/STM32CubeIDE_2.1.1/STM32CubeIDE/plugins/com.st.stm32cube.ide.mcu.externaltools.gnu-tools-for-stm32.14.3.rel1.win32_1.0.100.202602081740/tools/bin/../lib/gcc/arm-none-eabi/14.3.1/../../../../arm-none-eabi/lib/thumb/v8-m.main+fp/hard\libc_nano.a(libc_a-lock.o)
                0x200001c4                __lock___malloc_recursive_mutex
 .bss.__lock___sfp_recursive_mutex
                0x200001c5        0x1 C:/ST/STM32CubeIDE_2.1.1/STM32CubeIDE/plugins/com.st.stm32cube.ide.mcu.externaltools.gnu-tools-for-stm32.14.3.rel1.win32_1.0.100.202602081740/tools/bin/../lib/gcc/arm-none-eabi/14.3.1/../../../../arm-none-eabi/lib/thumb/v8-m.main+fp/hard\libc_nano.a(libc_a-lock.o)
                0x200001c5                __lock___sfp_recursive_mutex
 *fill*         0x200001c6        0x2 
 .bss.__malloc_sbrk_start
                0x200001c8        0x4 C:/ST/STM32CubeIDE_2.1.1/STM32CubeIDE/plugins/com.st.stm32cube.ide.mcu.externaltools.gnu-tools-for-stm32.14.3.rel1.win32_1.0.100.202602081740/tools/bin/../lib/gcc/arm-none-eabi/14.3.1/../../../../arm-none-eabi/lib/thumb/v8-m.main+fp/hard\libc_nano.a(libc_a-mallocr.o)
                0x200001c8                __malloc_sbrk_start
 .bss.__malloc_free_list
                0x200001cc        0x4 C:/ST/STM32CubeIDE_2.1.1/STM32CubeIDE/plugins/com.st.stm32cube.ide.mcu.externaltools.gnu-tools-for-stm32.14.3.rel1.win32_1.0.100.202602081740/tools/bin/../lib/gcc/arm-none-eabi/14.3.1/../../../../arm-none-eabi/lib/thumb/v8-m.main+fp/hard\libc_nano.a(libc_a-mallocr.o)
                0x200001cc                __malloc_free_list
 .bss.hICACHE   0x200001d0        0x8 CMakeFiles/STM32C5A3R_Project2.dir/generated/hal/mx_icache.c.obj
 .bss.uwTick    0x200001d8        0x4 CMakeFiles/STM32C5A3R_Project2.dir/stm32c5xx_drivers/hal/stm32c5xx_hal.c.obj
                0x200001d8                uwTick
 .bss.__sbrk_heap_end
                0x200001dc        0x4 CMakeFiles/STM32C5A3R_Project2.dir/utilities/syscalls/sysmem.c.obj
 *(COMMON)
                0x200001e0                        . = ALIGN (0x8)
                0x200001e0                        _ebss = .
                0x200001e0                        __bss_end__ = _ebss

.heap           0x200001e0      0x200 load address 0x080028e8
                0x200001e0                        . = ALIGN (0x8)
                0x200001e0                        __end__ = .
                [!provide]                        PROVIDE (end = .)
                0x200001e0                        _heap_start = .
                0x200003e0                        . = (. + HEAP_SIZE)
 *fill*         0x200001e0      0x200 
                0x200003e0                        . = ALIGN (0x8)
                0x200003e0                        _heap_end = .
                0x200003e0                        __HeapLimit = .

.stack          0x200003e0      0x400 load address 0x080028e8
                0x200003e0                        . = ALIGN (0x8)
                0x200003e0                        __StackLimit = .
                0x200007e0                        . = (. + STACK_SIZE)
 *fill*         0x200003e0      0x400 
                0x200007e0                        . = ALIGN (0x8)
                0x200007e0                        __StackTop = .
                0x200007e0                        _estack = .
                0x200007e0                        __stack = .

/DISCARD/
 libc.a(*)
 libm.a(*)
 libgcc.a(*)

.ARM.attributes
                0x00000000       0x36
 *(.ARM.attributes)
 .ARM.attributes
                0x00000000       0x26 C:/ST/STM32CubeIDE_2.1.1/STM32CubeIDE/plugins/com.st.stm32cube.ide.mcu.externaltools.gnu-tools-for-stm32.14.3.rel1.win32_1.0.100.202602081740/tools/bin/../lib/gcc/arm-none-eabi/14.3.1/thumb/v8-m.main+fp/hard/crti.o
 .ARM.attributes
                0x00000026       0x38 C:/ST/STM32CubeIDE_2.1.1/STM32CubeIDE/plugins/com.st.stm32cube.ide.mcu.externaltools.gnu-tools-for-stm32.14.3.rel1.win32_1.0.100.202602081740/tools/bin/../lib/gcc/arm-none-eabi/14.3.1/thumb/v8-m.main+fp/hard/crtbegin.o
 .ARM.attributes
                0x0000005e       0x24 C:/ST/STM32CubeIDE_2.1.1/STM32CubeIDE/plugins/com.st.stm32cube.ide.mcu.externaltools.gnu-tools-for-stm32.14.3.rel1.win32_1.0.100.202602081740/tools/bin/../lib/gcc/arm-none-eabi/14.3.1/../../../../arm-none-eabi/lib/thumb/v8-m.main+fp/hard/crt0.o
 .ARM.attributes
                0x00000082       0x38 C:/ST/STM32CubeIDE_2.1.1/STM32CubeIDE/plugins/com.st.stm32cube.ide.mcu.externaltools.gnu-tools-for-stm32.14.3.rel1.win32_1.0.100.202602081740/tools/bin/../lib/gcc/arm-none-eabi/14.3.1/../../../../arm-none-eabi/lib/thumb/v8-m.main+fp/hard\libc_nano.a(libc_a-exit.o)
 .ARM.attributes
                0x000000ba       0x38 C:/ST/STM32CubeIDE_2.1.1/STM32CubeIDE/plugins/com.st.stm32cube.ide.mcu.externaltools.gnu-tools-for-stm32.14.3.rel1.win32_1.0.100.202602081740/tools/bin/../lib/gcc/arm-none-eabi/14.3.1/../../../../arm-none-eabi/lib/thumb/v8-m.main+fp/hard\libc_nano.a(libc_a-findfp.o)
 .ARM.attributes
                0x000000f2       0x38 C:/ST/STM32CubeIDE_2.1.1/STM32CubeIDE/plugins/com.st.stm32cube.ide.mcu.externaltools.gnu-tools-for-stm32.14.3.rel1.win32_1.0.100.202602081740/tools/bin/../lib/gcc/arm-none-eabi/14.3.1/../../../../arm-none-eabi/lib/thumb/v8-m.main+fp/hard\libc_nano.a(libc_a-fwalk.o)
 .ARM.attributes
                0x0000012a       0x38 C:/ST/STM32CubeIDE_2.1.1/STM32CubeIDE/plugins/com.st.stm32cube.ide.mcu.externaltools.gnu-tools-for-stm32.14.3.rel1.win32_1.0.100.202602081740/tools/bin/../lib/gcc/arm-none-eabi/14.3.1/../../../../arm-none-eabi/lib/thumb/v8-m.main+fp/hard\libc_nano.a(libc_a-stdio.o)
 .ARM.attributes
                0x00000162       0x38 C:/ST/STM32CubeIDE_2.1.1/STM32CubeIDE/plugins/com.st.stm32cube.ide.mcu.externaltools.gnu-tools-for-stm32.14.3.rel1.win32_1.0.100.202602081740/tools/bin/../lib/gcc/arm-none-eabi/14.3.1/../../../../arm-none-eabi/lib/thumb/v8-m.main+fp/hard\libc_nano.a(libc_a-memset.o)
 .ARM.attributes
                0x0000019a       0x38 C:/ST/STM32CubeIDE_2.1.1/STM32CubeIDE/plugins/com.st.stm32cube.ide.mcu.externaltools.gnu-tools-for-stm32.14.3.rel1.win32_1.0.100.202602081740/tools/bin/../lib/gcc/arm-none-eabi/14.3.1/../../../../arm-none-eabi/lib/thumb/v8-m.main+fp/hard\libc_nano.a(libc_a-closer.o)
 .ARM.attributes
                0x000001d2       0x38 C:/ST/STM32CubeIDE_2.1.1/STM32CubeIDE/plugins/com.st.stm32cube.ide.mcu.externaltools.gnu-tools-for-stm32.14.3.rel1.win32_1.0.100.202602081740/tools/bin/../lib/gcc/arm-none-eabi/14.3.1/../../../../arm-none-eabi/lib/thumb/v8-m.main+fp/hard\libc_nano.a(libc_a-reent.o)
 .ARM.attributes
                0x0000020a       0x38 C:/ST/STM32CubeIDE_2.1.1/STM32CubeIDE/plugins/com.st.stm32cube.ide.mcu.externaltools.gnu-tools-for-stm32.14.3.rel1.win32_1.0.100.202602081740/tools/bin/../lib/gcc/arm-none-eabi/14.3.1/../../../../arm-none-eabi/lib/thumb/v8-m.main+fp/hard\libc_nano.a(libc_a-impure.o)
 .ARM.attributes
                0x00000242       0x38 C:/ST/STM32CubeIDE_2.1.1/STM32CubeIDE/plugins/com.st.stm32cube.ide.mcu.externaltools.gnu-tools-for-stm32.14.3.rel1.win32_1.0.100.202602081740/tools/bin/../lib/gcc/arm-none-eabi/14.3.1/../../../../arm-none-eabi/lib/thumb/v8-m.main+fp/hard\libc_nano.a(libc_a-lseekr.o)
 .ARM.attributes
                0x0000027a       0x38 C:/ST/STM32CubeIDE_2.1.1/STM32CubeIDE/plugins/com.st.stm32cube.ide.mcu.externaltools.gnu-tools-for-stm32.14.3.rel1.win32_1.0.100.202602081740/tools/bin/../lib/gcc/arm-none-eabi/14.3.1/../../../../arm-none-eabi/lib/thumb/v8-m.main+fp/hard\libc_nano.a(libc_a-readr.o)
 .ARM.attributes
                0x000002b2       0x38 C:/ST/STM32CubeIDE_2.1.1/STM32CubeIDE/plugins/com.st.stm32cube.ide.mcu.externaltools.gnu-tools-for-stm32.14.3.rel1.win32_1.0.100.202602081740/tools/bin/../lib/gcc/arm-none-eabi/14.3.1/../../../../arm-none-eabi/lib/thumb/v8-m.main+fp/hard\libc_nano.a(libc_a-writer.o)
 .ARM.attributes
                0x000002ea       0x38 C:/ST/STM32CubeIDE_2.1.1/STM32CubeIDE/plugins/com.st.stm32cube.ide.mcu.externaltools.gnu-tools-for-stm32.14.3.rel1.win32_1.0.100.202602081740/tools/bin/../lib/gcc/arm-none-eabi/14.3.1/../../../../arm-none-eabi/lib/thumb/v8-m.main+fp/hard\libc_nano.a(libc_a-init.o)
 .ARM.attributes
                0x00000322       0x38 C:/ST/STM32CubeIDE_2.1.1/STM32CubeIDE/plugins/com.st.stm32cube.ide.mcu.externaltools.gnu-tools-for-stm32.14.3.rel1.win32_1.0.100.202602081740/tools/bin/../lib/gcc/arm-none-eabi/14.3.1/../../../../arm-none-eabi/lib/thumb/v8-m.main+fp/hard\libc_nano.a(libc_a-lock.o)
 .ARM.attributes
                0x0000035a       0x38 C:/ST/STM32CubeIDE_2.1.1/STM32CubeIDE/plugins/com.st.stm32cube.ide.mcu.externaltools.gnu-tools-for-stm32.14.3.rel1.win32_1.0.100.202602081740/tools/bin/../lib/gcc/arm-none-eabi/14.3.1/../../../../arm-none-eabi/lib/thumb/v8-m.main+fp/hard\libc_nano.a(libc_a-freer.o)
 .ARM.attributes
                0x00000392       0x38 C:/ST/STM32CubeIDE_2.1.1/STM32CubeIDE/plugins/com.st.stm32cube.ide.mcu.externaltools.gnu-tools-for-stm32.14.3.rel1.win32_1.0.100.202602081740/tools/bin/../lib/gcc/arm-none-eabi/14.3.1/../../../../arm-none-eabi/lib/thumb/v8-m.main+fp/hard\libc_nano.a(libc_a-mallocr.o)
 .ARM.attributes
                0x000003ca       0x38 C:/ST/STM32CubeIDE_2.1.1/STM32CubeIDE/plugins/com.st.stm32cube.ide.mcu.externaltools.gnu-tools-for-stm32.14.3.rel1.win32_1.0.100.202602081740/tools/bin/../lib/gcc/arm-none-eabi/14.3.1/../../../../arm-none-eabi/lib/thumb/v8-m.main+fp/hard\libc_nano.a(libc_a-mlock.o)
 .ARM.attributes
                0x00000402       0x38 C:/ST/STM32CubeIDE_2.1.1/STM32CubeIDE/plugins/com.st.stm32cube.ide.mcu.externaltools.gnu-tools-for-stm32.14.3.rel1.win32_1.0.100.202602081740/tools/bin/../lib/gcc/arm-none-eabi/14.3.1/../../../../arm-none-eabi/lib/thumb/v8-m.main+fp/hard\libc_nano.a(libc_a-fflush.o)
 .ARM.attributes
                0x0000043a       0x38 C:/ST/STM32CubeIDE_2.1.1/STM32CubeIDE/plugins/com.st.stm32cube.ide.mcu.externaltools.gnu-tools-for-stm32.14.3.rel1.win32_1.0.100.202602081740/tools/bin/../lib/gcc/arm-none-eabi/14.3.1/../../../../arm-none-eabi/lib/thumb/v8-m.main+fp/hard\libc_nano.a(libc_a-sbrkr.o)
 .ARM.attributes
                0x00000472       0x3a CMakeFiles/STM32C5A3R_Project2.dir/main.c.obj
 .ARM.attributes
                0x000004ac       0x3a CMakeFiles/STM32C5A3R_Project2.dir/generated/hal/mx_cortex_mpu.c.obj
 .ARM.attributes
                0x000004e6       0x3a CMakeFiles/STM32C5A3R_Project2.dir/generated/hal/mx_cortex_nvic.c.obj
 .ARM.attributes
                0x00000520       0x3a CMakeFiles/STM32C5A3R_Project2.dir/generated/hal/mx_gpio_default.c.obj
 .ARM.attributes
                0x0000055a       0x3a CMakeFiles/STM32C5A3R_Project2.dir/generated/hal/mx_icache.c.obj
 .ARM.attributes
                0x00000594       0x3a CMakeFiles/STM32C5A3R_Project2.dir/generated/hal/mx_rcc.c.obj
 .ARM.attributes
                0x000005ce       0x3a CMakeFiles/STM32C5A3R_Project2.dir/generated/hal/mx_system.c.obj
 .ARM.attributes
                0x00000608       0x3a CMakeFiles/STM32C5A3R_Project2.dir/user_modifiable/Device/STM32C5A3RGT6/system_stm32c5xx.c.obj
 .ARM.attributes
                0x00000642       0x3a CMakeFiles/STM32C5A3R_Project2.dir/user_modifiable/Device/STM32C5A3RGT6/startup_stm32c5a3xx.c.obj
 .ARM.attributes
                0x0000067c       0x3a CMakeFiles/STM32C5A3R_Project2.dir/stm32c5xx_drivers/hal/stm32c5xx_hal.c.obj
 .ARM.attributes
                0x000006b6       0x3a CMakeFiles/STM32C5A3R_Project2.dir/stm32c5xx_drivers/hal/stm32c5xx_hal_cortex.c.obj
 .ARM.attributes
                0x000006f0       0x3a CMakeFiles/STM32C5A3R_Project2.dir/stm32c5xx_drivers/hal/stm32c5xx_hal_flash_itf.c.obj
 .ARM.attributes
                0x0000072a       0x3a CMakeFiles/STM32C5A3R_Project2.dir/stm32c5xx_drivers/hal/stm32c5xx_hal_gpio.c.obj
 .ARM.attributes
                0x00000764       0x3a CMakeFiles/STM32C5A3R_Project2.dir/stm32c5xx_drivers/hal/stm32c5xx_hal_icache.c.obj
 .ARM.attributes
                0x0000079e       0x3a CMakeFiles/STM32C5A3R_Project2.dir/stm32c5xx_drivers/hal/stm32c5xx_hal_rcc.c.obj
 .ARM.attributes
                0x000007d8       0x3a CMakeFiles/STM32C5A3R_Project2.dir/utilities/syscalls/syscalls.c.obj
 .ARM.attributes
                0x00000812       0x3a CMakeFiles/STM32C5A3R_Project2.dir/utilities/syscalls/sysmem.c.obj
 .ARM.attributes
                0x0000084c       0x38 C:/ST/STM32CubeIDE_2.1.1/STM32CubeIDE/plugins/com.st.stm32cube.ide.mcu.externaltools.gnu-tools-for-stm32.14.3.rel1.win32_1.0.100.202602081740/tools/bin/../lib/gcc/arm-none-eabi/14.3.1/../../../../arm-none-eabi/lib/thumb/v8-m.main+fp/hard\libc_nano.a(libc_a-puts.o)
 .ARM.attributes
                0x00000884       0x38 C:/ST/STM32CubeIDE_2.1.1/STM32CubeIDE/plugins/com.st.stm32cube.ide.mcu.externaltools.gnu-tools-for-stm32.14.3.rel1.win32_1.0.100.202602081740/tools/bin/../lib/gcc/arm-none-eabi/14.3.1/../../../../arm-none-eabi/lib/thumb/v8-m.main+fp/hard\libc_nano.a(libc_a-wbuf.o)
 .ARM.attributes
                0x000008bc       0x38 C:/ST/STM32CubeIDE_2.1.1/STM32CubeIDE/plugins/com.st.stm32cube.ide.mcu.externaltools.gnu-tools-for-stm32.14.3.rel1.win32_1.0.100.202602081740/tools/bin/../lib/gcc/arm-none-eabi/14.3.1/../../../../arm-none-eabi/lib/thumb/v8-m.main+fp/hard\libc_nano.a(libc_a-wsetup.o)
 .ARM.attributes
                0x000008f4       0x38 C:/ST/STM32CubeIDE_2.1.1/STM32CubeIDE/plugins/com.st.stm32cube.ide.mcu.externaltools.gnu-tools-for-stm32.14.3.rel1.win32_1.0.100.202602081740/tools/bin/../lib/gcc/arm-none-eabi/14.3.1/../../../../arm-none-eabi/lib/thumb/v8-m.main+fp/hard\libc_nano.a(libc_a-errno.o)
 .ARM.attributes
                0x0000092c       0x38 C:/ST/STM32CubeIDE_2.1.1/STM32CubeIDE/plugins/com.st.stm32cube.ide.mcu.externaltools.gnu-tools-for-stm32.14.3.rel1.win32_1.0.100.202602081740/tools/bin/../lib/gcc/arm-none-eabi/14.3.1/../../../../arm-none-eabi/lib/thumb/v8-m.main+fp/hard\libc_nano.a(libc_a-makebuf.o)
 .ARM.attributes
                0x00000964       0x38 C:/ST/STM32CubeIDE_2.1.1/STM32CubeIDE/plugins/com.st.stm32cube.ide.mcu.externaltools.gnu-tools-for-stm32.14.3.rel1.win32_1.0.100.202602081740/tools/bin/../lib/gcc/arm-none-eabi/14.3.1/../../../../arm-none-eabi/lib/thumb/v8-m.main+fp/hard\libc_nano.a(libc_a-fstatr.o)
 .ARM.attributes
                0x0000099c       0x38 C:/ST/STM32CubeIDE_2.1.1/STM32CubeIDE/plugins/com.st.stm32cube.ide.mcu.externaltools.gnu-tools-for-stm32.14.3.rel1.win32_1.0.100.202602081740/tools/bin/../lib/gcc/arm-none-eabi/14.3.1/../../../../arm-none-eabi/lib/thumb/v8-m.main+fp/hard\libc_nano.a(libc_a-isattyr.o)
 .ARM.attributes
                0x000009d4       0x26 C:/ST/STM32CubeIDE_2.1.1/STM32CubeIDE/plugins/com.st.stm32cube.ide.mcu.externaltools.gnu-tools-for-stm32.14.3.rel1.win32_1.0.100.202602081740/tools/bin/../lib/gcc/arm-none-eabi/14.3.1/thumb/v8-m.main+fp/hard/crtn.o
OUTPUT(STM32C5A3R_Project2.elf elf32-littlearm)
LOAD linker stubs
LOAD C:/ST/STM32CubeIDE_2.1.1/STM32CubeIDE/plugins/com.st.stm32cube.ide.mcu.externaltools.gnu-tools-for-stm32.14.3.rel1.win32_1.0.100.202602081740/tools/bin/../lib/gcc/arm-none-eabi/14.3.1/../../../../arm-none-eabi/lib/thumb/v8-m.main+fp/hard\libc.a
LOAD C:/ST/STM32CubeIDE_2.1.1/STM32CubeIDE/plugins/com.st.stm32cube.ide.mcu.externaltools.gnu-tools-for-stm32.14.3.rel1.win32_1.0.100.202602081740/tools/bin/../lib/gcc/arm-none-eabi/14.3.1/../../../../arm-none-eabi/lib/thumb/v8-m.main+fp/hard\libm.a
LOAD C:/ST/STM32CubeIDE_2.1.1/STM32CubeIDE/plugins/com.st.stm32cube.ide.mcu.externaltools.gnu-tools-for-stm32.14.3.rel1.win32_1.0.100.202602081740/tools/bin/../lib/gcc/arm-none-eabi/14.3.1/thumb/v8-m.main+fp/hard\libgcc.a

.debug_frame    0x00000000     0x5e80
 .debug_frame   0x00000000       0x28 C:/ST/STM32CubeIDE_2.1.1/STM32CubeIDE/plugins/com.st.stm32cube.ide.mcu.externaltools.gnu-tools-for-stm32.14.3.rel1.win32_1.0.100.202602081740/tools/bin/../lib/gcc/arm-none-eabi/14.3.1/../../../../arm-none-eabi/lib/thumb/v8-m.main+fp/hard\libc_nano.a(libc_a-exit.o)
 .debug_frame   0x00000028      0x144 C:/ST/STM32CubeIDE_2.1.1/STM32CubeIDE/plugins/com.st.stm32cube.ide.mcu.externaltools.gnu-tools-for-stm32.14.3.rel1.win32_1.0.100.202602081740/tools/bin/../lib/gcc/arm-none-eabi/14.3.1/../../../../arm-none-eabi/lib/thumb/v8-m.main+fp/hard\libc_nano.a(libc_a-findfp.o)
 .debug_frame   0x0000016c       0x34 C:/ST/STM32CubeIDE_2.1.1/STM32CubeIDE/plugins/com.st.stm32cube.ide.mcu.externaltools.gnu-tools-for-stm32.14.3.rel1.win32_1.0.100.202602081740/tools/bin/../lib/gcc/arm-none-eabi/14.3.1/../../../../arm-none-eabi/lib/thumb/v8-m.main+fp/hard\libc_nano.a(libc_a-fwalk.o)
 .debug_frame   0x000001a0       0x88 C:/ST/STM32CubeIDE_2.1.1/STM32CubeIDE/plugins/com.st.stm32cube.ide.mcu.externaltools.gnu-tools-for-stm32.14.3.rel1.win32_1.0.100.202602081740/tools/bin/../lib/gcc/arm-none-eabi/14.3.1/../../../../arm-none-eabi/lib/thumb/v8-m.main+fp/hard\libc_nano.a(libc_a-stdio.o)
 .debug_frame   0x00000228       0x20 C:/ST/STM32CubeIDE_2.1.1/STM32CubeIDE/plugins/com.st.stm32cube.ide.mcu.externaltools.gnu-tools-for-stm32.14.3.rel1.win32_1.0.100.202602081740/tools/bin/../lib/gcc/arm-none-eabi/14.3.1/../../../../arm-none-eabi/lib/thumb/v8-m.main+fp/hard\libc_nano.a(libc_a-memset.o)
 .debug_frame   0x00000248       0x2c C:/ST/STM32CubeIDE_2.1.1/STM32CubeIDE/plugins/com.st.stm32cube.ide.mcu.externaltools.gnu-tools-for-stm32.14.3.rel1.win32_1.0.100.202602081740/tools/bin/../lib/gcc/arm-none-eabi/14.3.1/../../../../arm-none-eabi/lib/thumb/v8-m.main+fp/hard\libc_nano.a(libc_a-closer.o)
 .debug_frame   0x00000274       0x38 C:/ST/STM32CubeIDE_2.1.1/STM32CubeIDE/plugins/com.st.stm32cube.ide.mcu.externaltools.gnu-tools-for-stm32.14.3.rel1.win32_1.0.100.202602081740/tools/bin/../lib/gcc/arm-none-eabi/14.3.1/../../../../arm-none-eabi/lib/thumb/v8-m.main+fp/hard\libc_nano.a(libc_a-reent.o)
 .debug_frame   0x000002ac       0x2c C:/ST/STM32CubeIDE_2.1.1/STM32CubeIDE/plugins/com.st.stm32cube.ide.mcu.externaltools.gnu-tools-for-stm32.14.3.rel1.win32_1.0.100.202602081740/tools/bin/../lib/gcc/arm-none-eabi/14.3.1/../../../../arm-none-eabi/lib/thumb/v8-m.main+fp/hard\libc_nano.a(libc_a-lseekr.o)
 .debug_frame   0x000002d8       0x2c C:/ST/STM32CubeIDE_2.1.1/STM32CubeIDE/plugins/com.st.stm32cube.ide.mcu.externaltools.gnu-tools-for-stm32.14.3.rel1.win32_1.0.100.202602081740/tools/bin/../lib/gcc/arm-none-eabi/14.3.1/../../../../arm-none-eabi/lib/thumb/v8-m.main+fp/hard\libc_nano.a(libc_a-readr.o)
 .debug_frame   0x00000304       0x2c C:/ST/STM32CubeIDE_2.1.1/STM32CubeIDE/plugins/com.st.stm32cube.ide.mcu.externaltools.gnu-tools-for-stm32.14.3.rel1.win32_1.0.100.202602081740/tools/bin/../lib/gcc/arm-none-eabi/14.3.1/../../../../arm-none-eabi/lib/thumb/v8-m.main+fp/hard\libc_nano.a(libc_a-writer.o)
 .debug_frame   0x00000330       0x2c C:/ST/STM32CubeIDE_2.1.1/STM32CubeIDE/plugins/com.st.stm32cube.ide.mcu.externaltools.gnu-tools-for-stm32.14.3.rel1.win32_1.0.100.202602081740/tools/bin/../lib/gcc/arm-none-eabi/14.3.1/../../../../arm-none-eabi/lib/thumb/v8-m.main+fp/hard\libc_nano.a(libc_a-init.o)
 .debug_frame   0x0000035c       0xb0 C:/ST/STM32CubeIDE_2.1.1/STM32CubeIDE/plugins/com.st.stm32cube.ide.mcu.externaltools.gnu-tools-for-stm32.14.3.rel1.win32_1.0.100.202602081740/tools/bin/../lib/gcc/arm-none-eabi/14.3.1/../../../../arm-none-eabi/lib/thumb/v8-m.main+fp/hard\libc_nano.a(libc_a-lock.o)
 .debug_frame   0x0000040c       0x38 C:/ST/STM32CubeIDE_2.1.1/STM32CubeIDE/plugins/com.st.stm32cube.ide.mcu.externaltools.gnu-tools-for-stm32.14.3.rel1.win32_1.0.100.202602081740/tools/bin/../lib/gcc/arm-none-eabi/14.3.1/../../../../arm-none-eabi/lib/thumb/v8-m.main+fp/hard\libc_nano.a(libc_a-freer.o)
 .debug_frame   0x00000444       0x50 C:/ST/STM32CubeIDE_2.1.1/STM32CubeIDE/plugins/com.st.stm32cube.ide.mcu.externaltools.gnu-tools-for-stm32.14.3.rel1.win32_1.0.100.202602081740/tools/bin/../lib/gcc/arm-none-eabi/14.3.1/../../../../arm-none-eabi/lib/thumb/v8-m.main+fp/hard\libc_nano.a(libc_a-mallocr.o)
 .debug_frame   0x00000494       0x30 C:/ST/STM32CubeIDE_2.1.1/STM32CubeIDE/plugins/com.st.stm32cube.ide.mcu.externaltools.gnu-tools-for-stm32.14.3.rel1.win32_1.0.100.202602081740/tools/bin/../lib/gcc/arm-none-eabi/14.3.1/../../../../arm-none-eabi/lib/thumb/v8-m.main+fp/hard\libc_nano.a(libc_a-mlock.o)
 .debug_frame   0x000004c4       0x5c C:/ST/STM32CubeIDE_2.1.1/STM32CubeIDE/plugins/com.st.stm32cube.ide.mcu.externaltools.gnu-tools-for-stm32.14.3.rel1.win32_1.0.100.202602081740/tools/bin/../lib/gcc/arm-none-eabi/14.3.1/../../../../arm-none-eabi/lib/thumb/v8-m.main+fp/hard\libc_nano.a(libc_a-fflush.o)
 .debug_frame   0x00000520       0x2c C:/ST/STM32CubeIDE_2.1.1/STM32CubeIDE/plugins/com.st.stm32cube.ide.mcu.externaltools.gnu-tools-for-stm32.14.3.rel1.win32_1.0.100.202602081740/tools/bin/../lib/gcc/arm-none-eabi/14.3.1/../../../../arm-none-eabi/lib/thumb/v8-m.main+fp/hard\libc_nano.a(libc_a-sbrkr.o)
 .debug_frame   0x0000054c      0x188 CMakeFiles/STM32C5A3R_Project2.dir/main.c.obj
 .debug_frame   0x000006d4       0x58 CMakeFiles/STM32C5A3R_Project2.dir/generated/hal/mx_cortex_mpu.c.obj
 .debug_frame   0x0000072c       0x2c CMakeFiles/STM32C5A3R_Project2.dir/generated/hal/mx_cortex_nvic.c.obj
 .debug_frame   0x00000758       0xac CMakeFiles/STM32C5A3R_Project2.dir/generated/hal/mx_gpio_default.c.obj
 .debug_frame   0x00000804       0x64 CMakeFiles/STM32C5A3R_Project2.dir/generated/hal/mx_icache.c.obj
 .debug_frame   0x00000868       0x6c CMakeFiles/STM32C5A3R_Project2.dir/generated/hal/mx_rcc.c.obj
 .debug_frame   0x000008d4       0x80 CMakeFiles/STM32C5A3R_Project2.dir/generated/hal/mx_system.c.obj
 .debug_frame   0x00000954       0x90 CMakeFiles/STM32C5A3R_Project2.dir/user_modifiable/Device/STM32C5A3RGT6/system_stm32c5xx.c.obj
 .debug_frame   0x000009e4       0x7c CMakeFiles/STM32C5A3R_Project2.dir/user_modifiable/Device/STM32C5A3RGT6/startup_stm32c5a3xx.c.obj
 .debug_frame   0x00000a60      0x46c CMakeFiles/STM32C5A3R_Project2.dir/stm32c5xx_drivers/hal/stm32c5xx_hal.c.obj
 .debug_frame   0x00000ecc      0x850 CMakeFiles/STM32C5A3R_Project2.dir/stm32c5xx_drivers/hal/stm32c5xx_hal_cortex.c.obj
 .debug_frame   0x0000171c     0x15b8 CMakeFiles/STM32C5A3R_Project2.dir/stm32c5xx_drivers/hal/stm32c5xx_hal_flash_itf.c.obj
 .debug_frame   0x00002cd4      0x2e0 CMakeFiles/STM32C5A3R_Project2.dir/stm32c5xx_drivers/hal/stm32c5xx_hal_gpio.c.obj
 .debug_frame   0x00002fb4      0x6d4 CMakeFiles/STM32C5A3R_Project2.dir/stm32c5xx_drivers/hal/stm32c5xx_hal_icache.c.obj
 .debug_frame   0x00003688     0x23c4 CMakeFiles/STM32C5A3R_Project2.dir/stm32c5xx_drivers/hal/stm32c5xx_hal_rcc.c.obj
 .debug_frame   0x00005a4c      0x288 CMakeFiles/STM32C5A3R_Project2.dir/utilities/syscalls/syscalls.c.obj
 .debug_frame   0x00005cd4       0x34 CMakeFiles/STM32C5A3R_Project2.dir/utilities/syscalls/sysmem.c.obj
 .debug_frame   0x00005d08       0x3c C:/ST/STM32CubeIDE_2.1.1/STM32CubeIDE/plugins/com.st.stm32cube.ide.mcu.externaltools.gnu-tools-for-stm32.14.3.rel1.win32_1.0.100.202602081740/tools/bin/../lib/gcc/arm-none-eabi/14.3.1/../../../../arm-none-eabi/lib/thumb/v8-m.main+fp/hard\libc_nano.a(libc_a-puts.o)
 .debug_frame   0x00005d44       0x40 C:/ST/STM32CubeIDE_2.1.1/STM32CubeIDE/plugins/com.st.stm32cube.ide.mcu.externaltools.gnu-tools-for-stm32.14.3.rel1.win32_1.0.100.202602081740/tools/bin/../lib/gcc/arm-none-eabi/14.3.1/../../../../arm-none-eabi/lib/thumb/v8-m.main+fp/hard\libc_nano.a(libc_a-wbuf.o)
 .debug_frame   0x00005d84       0x2c C:/ST/STM32CubeIDE_2.1.1/STM32CubeIDE/plugins/com.st.stm32cube.ide.mcu.externaltools.gnu-tools-for-stm32.14.3.rel1.win32_1.0.100.202602081740/tools/bin/../lib/gcc/arm-none-eabi/14.3.1/../../../../arm-none-eabi/lib/thumb/v8-m.main+fp/hard\libc_nano.a(libc_a-wsetup.o)
 .debug_frame   0x00005db0       0x20 C:/ST/STM32CubeIDE_2.1.1/STM32CubeIDE/plugins/com.st.stm32cube.ide.mcu.externaltools.gnu-tools-for-stm32.14.3.rel1.win32_1.0.100.202602081740/tools/bin/../lib/gcc/arm-none-eabi/14.3.1/../../../../arm-none-eabi/lib/thumb/v8-m.main+fp/hard\libc_nano.a(libc_a-errno.o)
 .debug_frame   0x00005dd0       0x58 C:/ST/STM32CubeIDE_2.1.1/STM32CubeIDE/plugins/com.st.stm32cube.ide.mcu.externaltools.gnu-tools-for-stm32.14.3.rel1.win32_1.0.100.202602081740/tools/bin/../lib/gcc/arm-none-eabi/14.3.1/../../../../arm-none-eabi/lib/thumb/v8-m.main+fp/hard\libc_nano.a(libc_a-makebuf.o)
 .debug_frame   0x00005e28       0x2c C:/ST/STM32CubeIDE_2.1.1/STM32CubeIDE/plugins/com.st.stm32cube.ide.mcu.externaltools.gnu-tools-for-stm32.14.3.rel1.win32_1.0.100.202602081740/tools/bin/../lib/gcc/arm-none-eabi/14.3.1/../../../../arm-none-eabi/lib/thumb/v8-m.main+fp/hard\libc_nano.a(libc_a-fstatr.o)
 .debug_frame   0x00005e54       0x2c C:/ST/STM32CubeIDE_2.1.1/STM32CubeIDE/plugins/com.st.stm32cube.ide.mcu.externaltools.gnu-tools-for-stm32.14.3.rel1.win32_1.0.100.202602081740/tools/bin/../lib/gcc/arm-none-eabi/14.3.1/../../../../arm-none-eabi/lib/thumb/v8-m.main+fp/hard\libc_nano.a(libc_a-isattyr.o)

.debug_info     0x00000000     0xef3c
 .debug_info    0x00000000      0xa5a CMakeFiles/STM32C5A3R_Project2.dir/main.c.obj
 .debug_info    0x00000a5a      0x441 CMakeFiles/STM32C5A3R_Project2.dir/generated/hal/mx_cortex_mpu.c.obj
 .debug_info    0x00000e9b      0x155 CMakeFiles/STM32C5A3R_Project2.dir/generated/hal/mx_cortex_nvic.c.obj
 .debug_info    0x00000ff0      0x7ac CMakeFiles/STM32C5A3R_Project2.dir/generated/hal/mx_gpio_default.c.obj
 .debug_info    0x0000179c      0x200 CMakeFiles/STM32C5A3R_Project2.dir/generated/hal/mx_icache.c.obj
 .debug_info    0x0000199c      0x50f CMakeFiles/STM32C5A3R_Project2.dir/generated/hal/mx_rcc.c.obj
 .debug_info    0x00001eab      0x2c7 CMakeFiles/STM32C5A3R_Project2.dir/generated/hal/mx_system.c.obj
 .debug_info    0x00002172      0x7e9 CMakeFiles/STM32C5A3R_Project2.dir/user_modifiable/Device/STM32C5A3RGT6/system_stm32c5xx.c.obj
 .debug_info    0x0000295b      0x375 CMakeFiles/STM32C5A3R_Project2.dir/user_modifiable/Device/STM32C5A3RGT6/startup_stm32c5a3xx.c.obj
 .debug_info    0x00002cd0     0x1128 CMakeFiles/STM32C5A3R_Project2.dir/stm32c5xx_drivers/hal/stm32c5xx_hal.c.obj
 .debug_info    0x00003df8     0x19c4 CMakeFiles/STM32C5A3R_Project2.dir/stm32c5xx_drivers/hal/stm32c5xx_hal_cortex.c.obj
 .debug_info    0x000057bc     0x2912 CMakeFiles/STM32C5A3R_Project2.dir/stm32c5xx_drivers/hal/stm32c5xx_hal_flash_itf.c.obj
 .debug_info    0x000080ce     0x1075 CMakeFiles/STM32C5A3R_Project2.dir/stm32c5xx_drivers/hal/stm32c5xx_hal_gpio.c.obj
 .debug_info    0x00009143      0xe7a CMakeFiles/STM32C5A3R_Project2.dir/stm32c5xx_drivers/hal/stm32c5xx_hal_icache.c.obj
 .debug_info    0x00009fbd     0x4769 CMakeFiles/STM32C5A3R_Project2.dir/stm32c5xx_drivers/hal/stm32c5xx_hal_rcc.c.obj
 .debug_info    0x0000e726      0x6ae CMakeFiles/STM32C5A3R_Project2.dir/utilities/syscalls/syscalls.c.obj
 .debug_info    0x0000edd4      0x168 CMakeFiles/STM32C5A3R_Project2.dir/utilities/syscalls/sysmem.c.obj

.debug_abbrev   0x00000000     0x2210
 .debug_abbrev  0x00000000      0x21e CMakeFiles/STM32C5A3R_Project2.dir/main.c.obj
 .debug_abbrev  0x0000021e      0x124 CMakeFiles/STM32C5A3R_Project2.dir/generated/hal/mx_cortex_mpu.c.obj
 .debug_abbrev  0x00000342       0x9a CMakeFiles/STM32C5A3R_Project2.dir/generated/hal/mx_cortex_nvic.c.obj
 .debug_abbrev  0x000003dc      0x26c CMakeFiles/STM32C5A3R_Project2.dir/generated/hal/mx_gpio_default.c.obj
 .debug_abbrev  0x00000648      0x129 CMakeFiles/STM32C5A3R_Project2.dir/generated/hal/mx_icache.c.obj
 .debug_abbrev  0x00000771      0x166 CMakeFiles/STM32C5A3R_Project2.dir/generated/hal/mx_rcc.c.obj
 .debug_abbrev  0x000008d7      0x140 CMakeFiles/STM32C5A3R_Project2.dir/generated/hal/mx_system.c.obj
 .debug_abbrev  0x00000a17      0x187 CMakeFiles/STM32C5A3R_Project2.dir/user_modifiable/Device/STM32C5A3RGT6/system_stm32c5xx.c.obj
 .debug_abbrev  0x00000b9e      0x21e CMakeFiles/STM32C5A3R_Project2.dir/user_modifiable/Device/STM32C5A3RGT6/startup_stm32c5a3xx.c.obj
 .debug_abbrev  0x00000dbc      0x320 CMakeFiles/STM32C5A3R_Project2.dir/stm32c5xx_drivers/hal/stm32c5xx_hal.c.obj
 .debug_abbrev  0x000010dc      0x3f2 CMakeFiles/STM32C5A3R_Project2.dir/stm32c5xx_drivers/hal/stm32c5xx_hal_cortex.c.obj
 .debug_abbrev  0x000014ce      0x227 CMakeFiles/STM32C5A3R_Project2.dir/stm32c5xx_drivers/hal/stm32c5xx_hal_flash_itf.c.obj
 .debug_abbrev  0x000016f5      0x2c5 CMakeFiles/STM32C5A3R_Project2.dir/stm32c5xx_drivers/hal/stm32c5xx_hal_gpio.c.obj
 .debug_abbrev  0x000019ba      0x22a CMakeFiles/STM32C5A3R_Project2.dir/stm32c5xx_drivers/hal/stm32c5xx_hal_icache.c.obj
 .debug_abbrev  0x00001be4      0x358 CMakeFiles/STM32C5A3R_Project2.dir/stm32c5xx_drivers/hal/stm32c5xx_hal_rcc.c.obj
 .debug_abbrev  0x00001f3c      0x218 CMakeFiles/STM32C5A3R_Project2.dir/utilities/syscalls/syscalls.c.obj
 .debug_abbrev  0x00002154       0xbc CMakeFiles/STM32C5A3R_Project2.dir/utilities/syscalls/sysmem.c.obj

.debug_aranges  0x00000000     0x1600
 .debug_aranges
                0x00000000       0x70 CMakeFiles/STM32C5A3R_Project2.dir/main.c.obj
 .debug_aranges
                0x00000070       0x28 CMakeFiles/STM32C5A3R_Project2.dir/generated/hal/mx_cortex_mpu.c.obj
 .debug_aranges
                0x00000098       0x20 CMakeFiles/STM32C5A3R_Project2.dir/generated/hal/mx_cortex_nvic.c.obj
 .debug_aranges
                0x000000b8       0x40 CMakeFiles/STM32C5A3R_Project2.dir/generated/hal/mx_gpio_default.c.obj
 .debug_aranges
                0x000000f8       0x30 CMakeFiles/STM32C5A3R_Project2.dir/generated/hal/mx_icache.c.obj
 .debug_aranges
                0x00000128       0x30 CMakeFiles/STM32C5A3R_Project2.dir/generated/hal/mx_rcc.c.obj
 .debug_aranges
                0x00000158       0x38 CMakeFiles/STM32C5A3R_Project2.dir/generated/hal/mx_system.c.obj
 .debug_aranges
                0x00000190       0x38 CMakeFiles/STM32C5A3R_Project2.dir/user_modifiable/Device/STM32C5A3RGT6/system_stm32c5xx.c.obj
 .debug_aranges
                0x000001c8       0x38 CMakeFiles/STM32C5A3R_Project2.dir/user_modifiable/Device/STM32C5A3RGT6/startup_stm32c5a3xx.c.obj
 .debug_aranges
                0x00000200      0x128 CMakeFiles/STM32C5A3R_Project2.dir/stm32c5xx_drivers/hal/stm32c5xx_hal.c.obj
 .debug_aranges
                0x00000328      0x208 CMakeFiles/STM32C5A3R_Project2.dir/stm32c5xx_drivers/hal/stm32c5xx_hal_cortex.c.obj
 .debug_aranges
                0x00000530      0x4e8 CMakeFiles/STM32C5A3R_Project2.dir/stm32c5xx_drivers/hal/stm32c5xx_hal_flash_itf.c.obj
 .debug_aranges
                0x00000a18       0xb8 CMakeFiles/STM32C5A3R_Project2.dir/stm32c5xx_drivers/hal/stm32c5xx_hal_gpio.c.obj
 .debug_aranges
                0x00000ad0      0x198 CMakeFiles/STM32C5A3R_Project2.dir/stm32c5xx_drivers/hal/stm32c5xx_hal_icache.c.obj
 .debug_aranges
                0x00000c68      0x8d0 CMakeFiles/STM32C5A3R_Project2.dir/stm32c5xx_drivers/hal/stm32c5xx_hal_rcc.c.obj
 .debug_aranges
                0x00001538       0xa8 CMakeFiles/STM32C5A3R_Project2.dir/utilities/syscalls/syscalls.c.obj
 .debug_aranges
                0x000015e0       0x20 CMakeFiles/STM32C5A3R_Project2.dir/utilities/syscalls/sysmem.c.obj

.debug_rnglists
                0x00000000     0x1055
 .debug_rnglists
                0x00000000       0x51 CMakeFiles/STM32C5A3R_Project2.dir/main.c.obj
 .debug_rnglists
                0x00000051       0x1a CMakeFiles/STM32C5A3R_Project2.dir/generated/hal/mx_cortex_mpu.c.obj
 .debug_rnglists
                0x0000006b       0x13 CMakeFiles/STM32C5A3R_Project2.dir/generated/hal/mx_cortex_nvic.c.obj
 .debug_rnglists
                0x0000007e       0x2c CMakeFiles/STM32C5A3R_Project2.dir/generated/hal/mx_gpio_default.c.obj
 .debug_rnglists
                0x000000aa       0x1f CMakeFiles/STM32C5A3R_Project2.dir/generated/hal/mx_icache.c.obj
 .debug_rnglists
                0x000000c9       0x20 CMakeFiles/STM32C5A3R_Project2.dir/generated/hal/mx_rcc.c.obj
 .debug_rnglists
                0x000000e9       0x26 CMakeFiles/STM32C5A3R_Project2.dir/generated/hal/mx_system.c.obj
 .debug_rnglists
                0x0000010f       0x26 CMakeFiles/STM32C5A3R_Project2.dir/user_modifiable/Device/STM32C5A3RGT6/system_stm32c5xx.c.obj
 .debug_rnglists
                0x00000135       0x26 CMakeFiles/STM32C5A3R_Project2.dir/user_modifiable/Device/STM32C5A3RGT6/startup_stm32c5a3xx.c.obj
 .debug_rnglists
                0x0000015b       0xd9 CMakeFiles/STM32C5A3R_Project2.dir/stm32c5xx_drivers/hal/stm32c5xx_hal.c.obj
 .debug_rnglists
                0x00000234      0x181 CMakeFiles/STM32C5A3R_Project2.dir/stm32c5xx_drivers/hal/stm32c5xx_hal_cortex.c.obj
 .debug_rnglists
                0x000003b5      0x3aa CMakeFiles/STM32C5A3R_Project2.dir/stm32c5xx_drivers/hal/stm32c5xx_hal_flash_itf.c.obj
 .debug_rnglists
                0x0000075f       0x8c CMakeFiles/STM32C5A3R_Project2.dir/stm32c5xx_drivers/hal/stm32c5xx_hal_gpio.c.obj
 .debug_rnglists
                0x000007eb      0x12d CMakeFiles/STM32C5A3R_Project2.dir/stm32c5xx_drivers/hal/stm32c5xx_hal_icache.c.obj
 .debug_rnglists
                0x00000918      0x6b1 CMakeFiles/STM32C5A3R_Project2.dir/stm32c5xx_drivers/hal/stm32c5xx_hal_rcc.c.obj
 .debug_rnglists
                0x00000fc9       0x79 CMakeFiles/STM32C5A3R_Project2.dir/utilities/syscalls/syscalls.c.obj
 .debug_rnglists
                0x00001042       0x13 CMakeFiles/STM32C5A3R_Project2.dir/utilities/syscalls/sysmem.c.obj

.debug_macro    0x00000000    0x20a9d
 .debug_macro   0x00000000      0x30f CMakeFiles/STM32C5A3R_Project2.dir/main.c.obj
 .debug_macro   0x0000030f      0xb8c CMakeFiles/STM32C5A3R_Project2.dir/main.c.obj
 .debug_macro   0x00000e9b       0x11 CMakeFiles/STM32C5A3R_Project2.dir/main.c.obj
 .debug_macro   0x00000eac      0x190 CMakeFiles/STM32C5A3R_Project2.dir/main.c.obj
 .debug_macro   0x0000103c      0x60c CMakeFiles/STM32C5A3R_Project2.dir/main.c.obj
 .debug_macro   0x00001648       0x2e CMakeFiles/STM32C5A3R_Project2.dir/main.c.obj
 .debug_macro   0x00001676       0x42 CMakeFiles/STM32C5A3R_Project2.dir/main.c.obj
 .debug_macro   0x000016b8       0x22 CMakeFiles/STM32C5A3R_Project2.dir/main.c.obj
 .debug_macro   0x000016da       0x8e CMakeFiles/STM32C5A3R_Project2.dir/main.c.obj
 .debug_macro   0x00001768       0x51 CMakeFiles/STM32C5A3R_Project2.dir/main.c.obj
 .debug_macro   0x000017b9      0x103 CMakeFiles/STM32C5A3R_Project2.dir/main.c.obj
 .debug_macro   0x000018bc       0x6a CMakeFiles/STM32C5A3R_Project2.dir/main.c.obj
 .debug_macro   0x00001926      0x1df CMakeFiles/STM32C5A3R_Project2.dir/main.c.obj
 .debug_macro   0x00001b05       0x2e CMakeFiles/STM32C5A3R_Project2.dir/main.c.obj
 .debug_macro   0x00001b33       0x18 CMakeFiles/STM32C5A3R_Project2.dir/main.c.obj
 .debug_macro   0x00001b4b       0x58 CMakeFiles/STM32C5A3R_Project2.dir/main.c.obj
 .debug_macro   0x00001ba3      0x26d CMakeFiles/STM32C5A3R_Project2.dir/main.c.obj
 .debug_macro   0x00001e10       0x28 CMakeFiles/STM32C5A3R_Project2.dir/main.c.obj
 .debug_macro   0x00001e38     0x16f5 CMakeFiles/STM32C5A3R_Project2.dir/main.c.obj
 .debug_macro   0x0000352d      0x130 CMakeFiles/STM32C5A3R_Project2.dir/main.c.obj
 .debug_macro   0x0000365d    0x1731e CMakeFiles/STM32C5A3R_Project2.dir/main.c.obj
 .debug_macro   0x0001a97b       0x93 CMakeFiles/STM32C5A3R_Project2.dir/main.c.obj
 .debug_macro   0x0001aa0e       0x61 CMakeFiles/STM32C5A3R_Project2.dir/main.c.obj
 .debug_macro   0x0001aa6f       0x2a CMakeFiles/STM32C5A3R_Project2.dir/main.c.obj
 .debug_macro   0x0001aa99       0x43 CMakeFiles/STM32C5A3R_Project2.dir/main.c.obj
 .debug_macro   0x0001aadc       0x34 CMakeFiles/STM32C5A3R_Project2.dir/main.c.obj
 .debug_macro   0x0001ab10      0x364 CMakeFiles/STM32C5A3R_Project2.dir/main.c.obj
 .debug_macro   0x0001ae74       0x16 CMakeFiles/STM32C5A3R_Project2.dir/main.c.obj
 .debug_macro   0x0001ae8a       0x4a CMakeFiles/STM32C5A3R_Project2.dir/main.c.obj